VL53L0x.c:8:6:ToF_writeReg	32	static
VL53L0x.c:18:6:ToF_writeReg16Bit	32	static
VL53L0x.c:29:6:ToF_writeReg32Bit	40	static
VL53L0x.c:42:6:ToF_writeMulti	48	dynamic
VL53L0x.c:67:9:ToF_readReg	32	static
VL53L0x.c:77:10:ToF_readReg16Bit	32	static
VL53L0x.c:90:6:ToF_readMulti	32	static
VL53L0x.c:103:9:ToF_setSignalRateLimit	16	static
VL53L0x.c:111:9:ToF_getSpadInfo	32	static
VL53L0x.c:153:10:ToF_decodeTimeout	16	static
VL53L0x.c:164:10:ToF_encodeTimeout	24	static
VL53L0x.c:184:10:ToF_timeoutMclksToMicroseconds	24	static
VL53L0x.c:193:10:ToF_timeoutMicrosecondsToMclks	32	static
VL53L0x.c:200:6:ToF_getSequenceStepEnables	24	static
VL53L0x.c:211:9:ToF_getVcselPulsePeriod	16	static
VL53L0x.c:224:6:ToF_getSequenceStepTimeouts	24	static
VL53L0x.c:254:10:ToF_getMeasurementTimingBudget	64	static
VL53L0x.c:299:9:ToF_setMeasurementTimingBudget	80	static
VL53L0x.c:385:9:ToF_performSingleRefCalibration	16	static
VL53L0x.c:401:9:ToF_init	32	static
VL53L0x.c:577:6:ToF_setAddress	16	static
VL53L0x.c:583:6:ToF_startContinuous	16	static
VL53L0x.c:596:10:ToF_readRangeContinuousMillimeters	24	static
VL53L0x.c:607:10:ToF_readRangeSingleMillimeters	16	static
VL53L0x.c:635:6:initMicromouseVL53L0x	8	static
