VL53L0x.c:8:6:ToF_writeReg	32	static
VL53L0x.c:13:6:ToF_writeReg16Bit	40	static
VL53L0x.c:21:6:ToF_writeReg32Bit	48	static
VL53L0x.c:31:6:ToF_writeMulti	40	static
VL53L0x.c:42:9:ToF_readReg	40	static
VL53L0x.c:51:10:ToF_readReg16Bit	40	static
VL53L0x.c:62:6:ToF_readMulti	40	static
VL53L0x.c:67:9:ToF_setSignalRateLimit	16	static
VL53L0x.c:75:9:ToF_getSpadInfo	32	static
VL53L0x.c:118:10:ToF_decodeTimeout	16	static
VL53L0x.c:129:10:ToF_encodeTimeout	24	static
VL53L0x.c:149:10:ToF_timeoutMclksToMicroseconds	24	static
VL53L0x.c:158:10:ToF_timeoutMicrosecondsToMclks	32	static
VL53L0x.c:165:6:ToF_getSequenceStepEnables	24	static
VL53L0x.c:176:9:ToF_getVcselPulsePeriod	16	static
VL53L0x.c:189:6:ToF_getSequenceStepTimeouts	24	static
VL53L0x.c:219:10:ToF_getMeasurementTimingBudget	64	static
VL53L0x.c:264:9:ToF_setMeasurementTimingBudget	80	static
VL53L0x.c:350:9:ToF_performSingleRefCalibration	16	static
VL53L0x.c:366:9:ToF_init	32	static
VL53L0x.c:537:6:ToF_setAddress	16	static
VL53L0x.c:543:6:ToF_startContinuous	16	static
VL53L0x.c:556:10:ToF_readRangeContinuousMillimeters	24	static
VL53L0x.c:567:10:ToF_readRangeSingleMillimeters	16	static
VL53L0x.c:596:6:initMicromouseVL53L0x	8	static
