Archive member included to satisfy reference by file (symbol)

c:/st/stm32cubeide_1.3.0/stm32cubeide/plugins/com.st.stm32cube.ide.mcu.externaltools.gnu-tools-for-stm32.7-2018-q2-update.win32_1.0.0.201904181610/tools/bin/../lib/gcc/arm-none-eabi/7.3.1/../../../../arm-none-eabi/lib/thumb/v7e-m/fpv4-sp/hard\libc_nano.a(lib_a-errno.o)
                              Core/Src/syscalls.o (__errno)
c:/st/stm32cubeide_1.3.0/stm32cubeide/plugins/com.st.stm32cube.ide.mcu.externaltools.gnu-tools-for-stm32.7-2018-q2-update.win32_1.0.0.201904181610/tools/bin/../lib/gcc/arm-none-eabi/7.3.1/../../../../arm-none-eabi/lib/thumb/v7e-m/fpv4-sp/hard\libc_nano.a(lib_a-exit.o)
                              c:/st/stm32cubeide_1.3.0/stm32cubeide/plugins/com.st.stm32cube.ide.mcu.externaltools.gnu-tools-for-stm32.7-2018-q2-update.win32_1.0.0.201904181610/tools/bin/../lib/gcc/arm-none-eabi/7.3.1/../../../../arm-none-eabi/lib/thumb/v7e-m/fpv4-sp/hard/crt0.o (exit)
c:/st/stm32cubeide_1.3.0/stm32cubeide/plugins/com.st.stm32cube.ide.mcu.externaltools.gnu-tools-for-stm32.7-2018-q2-update.win32_1.0.0.201904181610/tools/bin/../lib/gcc/arm-none-eabi/7.3.1/../../../../arm-none-eabi/lib/thumb/v7e-m/fpv4-sp/hard\libc_nano.a(lib_a-impure.o)
                              c:/st/stm32cubeide_1.3.0/stm32cubeide/plugins/com.st.stm32cube.ide.mcu.externaltools.gnu-tools-for-stm32.7-2018-q2-update.win32_1.0.0.201904181610/tools/bin/../lib/gcc/arm-none-eabi/7.3.1/../../../../arm-none-eabi/lib/thumb/v7e-m/fpv4-sp/hard\libc_nano.a(lib_a-exit.o) (_global_impure_ptr)
c:/st/stm32cubeide_1.3.0/stm32cubeide/plugins/com.st.stm32cube.ide.mcu.externaltools.gnu-tools-for-stm32.7-2018-q2-update.win32_1.0.0.201904181610/tools/bin/../lib/gcc/arm-none-eabi/7.3.1/../../../../arm-none-eabi/lib/thumb/v7e-m/fpv4-sp/hard\libc_nano.a(lib_a-init.o)
                              c:/st/stm32cubeide_1.3.0/stm32cubeide/plugins/com.st.stm32cube.ide.mcu.externaltools.gnu-tools-for-stm32.7-2018-q2-update.win32_1.0.0.201904181610/tools/bin/../lib/gcc/arm-none-eabi/7.3.1/../../../../arm-none-eabi/lib/thumb/v7e-m/fpv4-sp/hard/crt0.o (__libc_init_array)
c:/st/stm32cubeide_1.3.0/stm32cubeide/plugins/com.st.stm32cube.ide.mcu.externaltools.gnu-tools-for-stm32.7-2018-q2-update.win32_1.0.0.201904181610/tools/bin/../lib/gcc/arm-none-eabi/7.3.1/../../../../arm-none-eabi/lib/thumb/v7e-m/fpv4-sp/hard\libc_nano.a(lib_a-memset.o)
                              c:/st/stm32cubeide_1.3.0/stm32cubeide/plugins/com.st.stm32cube.ide.mcu.externaltools.gnu-tools-for-stm32.7-2018-q2-update.win32_1.0.0.201904181610/tools/bin/../lib/gcc/arm-none-eabi/7.3.1/../../../../arm-none-eabi/lib/thumb/v7e-m/fpv4-sp/hard/crt0.o (memset)
c:/st/stm32cubeide_1.3.0/stm32cubeide/plugins/com.st.stm32cube.ide.mcu.externaltools.gnu-tools-for-stm32.7-2018-q2-update.win32_1.0.0.201904181610/tools/bin/../lib/gcc/arm-none-eabi/7.3.1/../../../../arm-none-eabi/lib/thumb/v7e-m/fpv4-sp/hard\libc_nano.a(lib_a-puts.o)
                              Core/Src/main.o (puts)
c:/st/stm32cubeide_1.3.0/stm32cubeide/plugins/com.st.stm32cube.ide.mcu.externaltools.gnu-tools-for-stm32.7-2018-q2-update.win32_1.0.0.201904181610/tools/bin/../lib/gcc/arm-none-eabi/7.3.1/../../../../arm-none-eabi/lib/thumb/v7e-m/fpv4-sp/hard\libc_nano.a(lib_a-sprintf.o)
                              Core/Src/SoftwareCRC.o (sprintf)
c:/st/stm32cubeide_1.3.0/stm32cubeide/plugins/com.st.stm32cube.ide.mcu.externaltools.gnu-tools-for-stm32.7-2018-q2-update.win32_1.0.0.201904181610/tools/bin/../lib/gcc/arm-none-eabi/7.3.1/../../../../arm-none-eabi/lib/thumb/v7e-m/fpv4-sp/hard\libc_nano.a(lib_a-wbuf.o)
                              c:/st/stm32cubeide_1.3.0/stm32cubeide/plugins/com.st.stm32cube.ide.mcu.externaltools.gnu-tools-for-stm32.7-2018-q2-update.win32_1.0.0.201904181610/tools/bin/../lib/gcc/arm-none-eabi/7.3.1/../../../../arm-none-eabi/lib/thumb/v7e-m/fpv4-sp/hard\libc_nano.a(lib_a-puts.o) (__swbuf_r)
c:/st/stm32cubeide_1.3.0/stm32cubeide/plugins/com.st.stm32cube.ide.mcu.externaltools.gnu-tools-for-stm32.7-2018-q2-update.win32_1.0.0.201904181610/tools/bin/../lib/gcc/arm-none-eabi/7.3.1/../../../../arm-none-eabi/lib/thumb/v7e-m/fpv4-sp/hard\libc_nano.a(lib_a-wsetup.o)
                              c:/st/stm32cubeide_1.3.0/stm32cubeide/plugins/com.st.stm32cube.ide.mcu.externaltools.gnu-tools-for-stm32.7-2018-q2-update.win32_1.0.0.201904181610/tools/bin/../lib/gcc/arm-none-eabi/7.3.1/../../../../arm-none-eabi/lib/thumb/v7e-m/fpv4-sp/hard\libc_nano.a(lib_a-puts.o) (__swsetup_r)
c:/st/stm32cubeide_1.3.0/stm32cubeide/plugins/com.st.stm32cube.ide.mcu.externaltools.gnu-tools-for-stm32.7-2018-q2-update.win32_1.0.0.201904181610/tools/bin/../lib/gcc/arm-none-eabi/7.3.1/../../../../arm-none-eabi/lib/thumb/v7e-m/fpv4-sp/hard\libc_nano.a(lib_a-fflush.o)
[...]
Memory Configuration

Name             Origin             Length             Attributes
RAM              0x0000000020000000 0x0000000000020000 xrw
FLASH            0x0000000008000000 0x0000000000080000 xr
*default*        0x0000000000000000 0xffffffffffffffff

Linker script and memory map

LOAD c:/st/stm32cubeide_1.3.0/stm32cubeide/plugins/com.st.stm32cube.ide.mcu.externaltools.gnu-tools-for-stm32.7-2018-q2-update.win32_1.0.0.201904181610/tools/bin/../lib/gcc/arm-none-eabi/7.3.1/thumb/v7e-m/fpv4-sp/hard/crti.o
LOAD c:/st/stm32cubeide_1.3.0/stm32cubeide/plugins/com.st.stm32cube.ide.mcu.externaltools.gnu-tools-for-stm32.7-2018-q2-update.win32_1.0.0.201904181610/tools/bin/../lib/gcc/arm-none-eabi/7.3.1/thumb/v7e-m/fpv4-sp/hard/crtbegin.o
LOAD c:/st/stm32cubeide_1.3.0/stm32cubeide/plugins/com.st.stm32cube.ide.mcu.externaltools.gnu-tools-for-stm32.7-2018-q2-update.win32_1.0.0.201904181610/tools/bin/../lib/gcc/arm-none-eabi/7.3.1/../../../../arm-none-eabi/lib/thumb/v7e-m/fpv4-sp/hard/crt0.o
LOAD Core/Src/SoftwareCRC.o
LOAD Core/Src/VL53L0x.o
LOAD Core/Src/encoders.o
LOAD Core/Src/gpio.o
LOAD Core/Src/i2c.o
LOAD Core/Src/main.o
LOAD Core/Src/move.o
LOAD Core/Src/mpu6050.o
LOAD Core/Src/stm32f4xx_hal_msp.o
LOAD Core/Src/stm32f4xx_it.o
LOAD Core/Src/syscalls.o
LOAD Core/Src/sysmem.o
LOAD Core/Src/system_stm32f4xx.o
LOAD Core/Src/tim.o
LOAD Core/Src/usart.o
LOAD Core/Startup/startup_stm32f411retx.o
LOAD Drivers/STM32F4xx_HAL_Driver/Src/stm32f4xx_hal.o
LOAD Drivers/STM32F4xx_HAL_Driver/Src/stm32f4xx_hal_cortex.o
LOAD Drivers/STM32F4xx_HAL_Driver/Src/stm32f4xx_hal_dma.o
LOAD Drivers/STM32F4xx_HAL_Driver/Src/stm32f4xx_hal_dma_ex.o
LOAD Drivers/STM32F4xx_HAL_Driver/Src/stm32f4xx_hal_exti.o
LOAD Drivers/STM32F4xx_HAL_Driver/Src/stm32f4xx_hal_flash.o
LOAD Drivers/STM32F4xx_HAL_Driver/Src/stm32f4xx_hal_flash_ex.o
LOAD Drivers/STM32F4xx_HAL_Driver/Src/stm32f4xx_hal_flash_ramfunc.o
LOAD Drivers/STM32F4xx_HAL_Driver/Src/stm32f4xx_hal_gpio.o
LOAD Drivers/STM32F4xx_HAL_Driver/Src/stm32f4xx_hal_i2c.o
LOAD Drivers/STM32F4xx_HAL_Driver/Src/stm32f4xx_hal_i2c_ex.o
LOAD Drivers/STM32F4xx_HAL_Driver/Src/stm32f4xx_hal_pwr.o
LOAD Drivers/STM32F4xx_HAL_Driver/Src/stm32f4xx_hal_pwr_ex.o
LOAD Drivers/STM32F4xx_HAL_Driver/Src/stm32f4xx_hal_rcc.o
LOAD Drivers/STM32F4xx_HAL_Driver/Src/stm32f4xx_hal_rcc_ex.o
LOAD Drivers/STM32F4xx_HAL_Driver/Src/stm32f4xx_hal_tim.o
LOAD Drivers/STM32F4xx_HAL_Driver/Src/stm32f4xx_hal_tim_ex.o
LOAD Drivers/STM32F4xx_HAL_Driver/Src/stm32f4xx_hal_uart.o
START GROUP
LOAD c:/st/stm32cubeide_1.3.0/stm32cubeide/plugins/com.st.stm32cube.ide.mcu.externaltools.gnu-tools-for-stm32.7-2018-q2-update.win32_1.0.0.201904181610/tools/bin/../lib/gcc/arm-none-eabi/7.3.1/../../../../arm-none-eabi/lib/thumb/v7e-m/fpv4-sp/hard\libc_nano.a
LOAD c:/st/stm32cubeide_1.3.0/stm32cubeide/plugins/com.st.stm32cube.ide.mcu.externaltools.gnu-tools-for-stm32.7-2018-q2-update.win32_1.0.0.201904181610/tools/bin/../lib/gcc/arm-none-eabi/7.3.1/../../../../arm-none-eabi/lib/thumb/v7e-m/fpv4-sp/hard\libm.a
END GROUP
START GROUP
LOAD c:/st/stm32cubeide_1.3.0/stm32cubeide/plugins/com.st.stm32cube.ide.mcu.externaltools.gnu-tools-for-stm32.7-2018-q2-update.win32_1.0.0.201904181610/tools/bin/../lib/gcc/arm-none-eabi/7.3.1/thumb/v7e-m/fpv4-sp/hard\libgcc.a
LOAD c:/st/stm32cubeide_1.3.0/stm32cubeide/plugins/com.st.stm32cube.ide.mcu.externaltools.gnu-tools-for-stm32.7-2018-q2-update.win32_1.0.0.201904181610/tools/bin/../lib/gcc/arm-none-eabi/7.3.1/../../../../arm-none-eabi/lib/thumb/v7e-m/fpv4-sp/hard\libc_nano.a
END GROUP
START GROUP
LOAD c:/st/stm32cubeide_1.3.0/stm32cubeide/plugins/com.st.stm32cube.ide.mcu.externaltools.gnu-tools-for-stm32.7-2018-q2-update.win32_1.0.0.201904181610/tools/bin/../lib/gcc/arm-none-eabi/7.3.1/thumb/v7e-m/fpv4-sp/hard\libgcc.a
LOAD c:/st/stm32cubeide_1.3.0/stm32cubeide/plugins/com.st.stm32cube.ide.mcu.externaltools.gnu-tools-for-stm32.7-2018-q2-update.win32_1.0.0.201904181610/tools/bin/../lib/gcc/arm-none-eabi/7.3.1/../../../../arm-none-eabi/lib/thumb/v7e-m/fpv4-sp/hard\libc_nano.a
LOAD c:/st/stm32cubeide_1.3.0/stm32cubeide/plugins/com.st.stm32cube.ide.mcu.externaltools.gnu-tools-for-stm32.7-2018-q2-update.win32_1.0.0.201904181610/tools/bin/../lib/gcc/arm-none-eabi/7.3.1/../../../../arm-none-eabi/lib/thumb/v7e-m/fpv4-sp/hard\libnosys.a
END GROUP
START GROUP
LOAD c:/st/stm32cubeide_1.3.0/stm32cubeide/plugins/com.st.stm32cube.ide.mcu.externaltools.gnu-tools-for-stm32.7-2018-q2-update.win32_1.0.0.201904181610/tools/bin/../lib/gcc/arm-none-eabi/7.3.1/thumb/v7e-m/fpv4-sp/hard\libgcc.a
LOAD c:/st/stm32cubeide_1.3.0/stm32cubeide/plugins/com.st.stm32cube.ide.mcu.externaltools.gnu-tools-for-stm32.7-2018-q2-update.win32_1.0.0.201904181610/tools/bin/../lib/gcc/arm-none-eabi/7.3.1/../../../../arm-none-eabi/lib/thumb/v7e-m/fpv4-sp/hard\libc_nano.a
LOAD c:/st/stm32cubeide_1.3.0/stm32cubeide/plugins/com.st.stm32cube.ide.mcu.externaltools.gnu-tools-for-stm32.7-2018-q2-update.win32_1.0.0.201904181610/tools/bin/../lib/gcc/arm-none-eabi/7.3.1/../../../../arm-none-eabi/lib/thumb/v7e-m/fpv4-sp/hard\libnosys.a
END GROUP
LOAD c:/st/stm32cubeide_1.3.0/stm32cubeide/plugins/com.st.stm32cube.ide.mcu.externaltools.gnu-tools-for-stm32.7-2018-q2-update.win32_1.0.0.201904181610/tools/bin/../lib/gcc/arm-none-eabi/7.3.1/thumb/v7e-m/fpv4-sp/hard/crtend.o
LOAD c:/st/stm32cubeide_1.3.0/stm32cubeide/plugins/com.st.stm32cube.ide.mcu.externaltools.gnu-tools-for-stm32.7-2018-q2-update.win32_1.0.0.201904181610/tools/bin/../lib/gcc/arm-none-eabi/7.3.1/thumb/v7e-m/fpv4-sp/hard/crtn.o
                0x0000000020020000                _estack = (ORIGIN (RAM) + LENGTH (RAM))
                0x0000000000000200                _Min_Heap_Size = 0x200
                0x0000000000000400                _Min_Stack_Size = 0x400

.isr_vector     0x0000000008000000      0x198
                0x0000000008000000                . = ALIGN (0x4)
 *(.isr_vector)
 .isr_vector    0x0000000008000000      0x198 Core/Startup/startup_stm32f411retx.o
                0x0000000008000000                g_pfnVectors
                0x0000000008000198                . = ALIGN (0x4)

.text           0x00000000080001a0     0x7cc4
                0x00000000080001a0                . = ALIGN (0x4)
 *(.text)
 .text          0x00000000080001a0       0x40 c:/st/stm32cubeide_1.3.0/stm32cubeide/plugins/com.st.stm32cube.ide.mcu.externaltools.gnu-tools-for-stm32.7-2018-q2-update.win32_1.0.0.201904181610/tools/bin/../lib/gcc/arm-none-eabi/7.3.1/thumb/v7e-m/fpv4-sp/hard/crtbegin.o
 .text          0x00000000080001e0       0xa0 c:/st/stm32cubeide_1.3.0/stm32cubeide/plugins/com.st.stm32cube.ide.mcu.externaltools.gnu-tools-for-stm32.7-2018-q2-update.win32_1.0.0.201904181610/tools/bin/../lib/gcc/arm-none-eabi/7.3.1/../../../../arm-none-eabi/lib/thumb/v7e-m/fpv4-sp/hard\libc_nano.a(lib_a-memchr.o)
                0x00000000080001e0                memchr
 .text          0x0000000008000280      0x378 c:/st/stm32cubeide_1.3.0/stm32cubeide/plugins/com.st.stm32cube.ide.mcu.externaltools.gnu-tools-for-stm32.7-2018-q2-update.win32_1.0.0.201904181610/tools/bin/../lib/gcc/arm-none-eabi/7.3.1/thumb/v7e-m/fpv4-sp/hard\libgcc.a(_arm_addsubdf3.o)
                0x0000000008000280                __aeabi_drsub
                0x0000000008000288                __aeabi_dsub
                0x0000000008000288                __subdf3
                0x000000000800028c                __aeabi_dadd
                0x000000000800028c                __adddf3
                0x0000000008000504                __floatunsidf
                0x0000000008000504                __aeabi_ui2d
                0x0000000008000524                __floatsidf
                0x0000000008000524                __aeabi_i2d
                0x0000000008000548                __aeabi_f2d
                0x0000000008000548                __extendsfdf2
                0x000000000800058c                __floatundidf
                0x000000000800058c                __aeabi_ul2d
                0x000000000800059c                __floatdidf
                0x000000000800059c                __aeabi_l2d
 .text          0x00000000080005f8      0x110 c:/st/stm32cubeide_1.3.0/stm32cubeide/plugins/com.st.stm32cube.ide.mcu.externaltools.gnu-tools-for-stm32.7-2018-q2-update.win32_1.0.0.201904181610/tools/bin/../lib/gcc/arm-none-eabi/7.3.1/thumb/v7e-m/fpv4-sp/hard\libgcc.a(_arm_cmpdf2.o)
                0x00000000080005f8                __gtdf2
                0x00000000080005f8                __gedf2
                0x0000000008000600                __ltdf2
                0x0000000008000600                __ledf2
                0x0000000008000608                __nedf2
                0x0000000008000608                __eqdf2
                0x0000000008000608                __cmpdf2
                0x0000000008000684                __aeabi_cdrcmple
                0x0000000008000694                __aeabi_cdcmpeq
                0x0000000008000694                __aeabi_cdcmple
                0x00000000080006a4                __aeabi_dcmpeq
                0x00000000080006b8                __aeabi_dcmplt
                0x00000000080006cc                __aeabi_dcmple
                0x00000000080006e0                __aeabi_dcmpge
                0x00000000080006f4                __aeabi_dcmpgt
 .text          0x0000000008000708       0xa0 c:/st/stm32cubeide_1.3.0/stm32cubeide/plugins/com.st.stm32cube.ide.mcu.externaltools.gnu-tools-for-stm32.7-2018-q2-update.win32_1.0.0.201904181610/tools/bin/../lib/gcc/arm-none-eabi/7.3.1/thumb/v7e-m/fpv4-sp/hard\libgcc.a(_arm_truncdfsf2.o)
                0x0000000008000708                __truncdfsf2
                0x0000000008000708                __aeabi_d2f
 .text          0x00000000080007a8       0x30 c:/st/stm32cubeide_1.3.0/stm32cubeide/plugins/com.st.stm32cube.ide.mcu.externaltools.gnu-tools-for-stm32.7-2018-q2-update.win32_1.0.0.201904181610/tools/bin/../lib/gcc/arm-none-eabi/7.3.1/thumb/v7e-m/fpv4-sp/hard\libgcc.a(_aeabi_uldivmod.o)
                0x00000000080007a8                __aeabi_uldivmod
 .text          0x00000000080007d8      0x2cc c:/st/stm32cubeide_1.3.0/stm32cubeide/plugins/com.st.stm32cube.ide.mcu.externaltools.gnu-tools-for-stm32.7-2018-q2-update.win32_1.0.0.201904181610/tools/bin/../lib/gcc/arm-none-eabi/7.3.1/thumb/v7e-m/fpv4-sp/hard\libgcc.a(_udivmoddi4.o)
                0x00000000080007d8                __udivmoddi4
 .text          0x0000000008000aa4        0x4 c:/st/stm32cubeide_1.3.0/stm32cubeide/plugins/com.st.stm32cube.ide.mcu.externaltools.gnu-tools-for-stm32.7-2018-q2-update.win32_1.0.0.201904181610/tools/bin/../lib/gcc/arm-none-eabi/7.3.1/thumb/v7e-m/fpv4-sp/hard\libgcc.a(_dvmd_tls.o)
                0x0000000008000aa4                __aeabi_idiv0
                0x0000000008000aa4                __aeabi_ldiv0
 *(.text*)
 .text.crc32    0x0000000008000aa8       0x54 Core/Src/SoftwareCRC.o
                0x0000000008000aa8                crc32
 .text.makeFrame
                0x0000000008000afc       0xb8 Core/Src/SoftwareCRC.o
                0x0000000008000afc                makeFrame
 .text.ToF_writeReg
                0x0000000008000bb4       0x40 Core/Src/VL53L0x.o
                0x0000000008000bb4                ToF_writeReg
 .text.ToF_writeReg16Bit
                0x0000000008000bf4       0x4c Core/Src/VL53L0x.o
                0x0000000008000bf4                ToF_writeReg16Bit
 .text.ToF_writeMulti
                0x0000000008000c40       0xbc Core/Src/VL53L0x.o
                0x0000000008000c40                ToF_writeMulti
 .text.ToF_readReg
                0x0000000008000cfc       0x50 Core/Src/VL53L0x.o
                0x0000000008000cfc                ToF_readReg
 .text.ToF_readReg16Bit
                0x0000000008000d4c       0x60 Core/Src/VL53L0x.o
                0x0000000008000d4c                ToF_readReg16Bit
 .text.ToF_readMulti
                0x0000000008000dac       0x84 Core/Src/VL53L0x.o
                0x0000000008000dac                ToF_readMulti
 .text.ToF_setSignalRateLimit
                0x0000000008000e30       0x6c Core/Src/VL53L0x.o
                0x0000000008000e30                ToF_setSignalRateLimit
 .text.ToF_getSpadInfo
                0x0000000008000e9c      0x11c Core/Src/VL53L0x.o
                0x0000000008000e9c                ToF_getSpadInfo
 .text.ToF_decodeTimeout
                0x0000000008000fb8       0x2a Core/Src/VL53L0x.o
                0x0000000008000fb8                ToF_decodeTimeout
 .text.ToF_encodeTimeout
                0x0000000008000fe2       0x5a Core/Src/VL53L0x.o
                0x0000000008000fe2                ToF_encodeTimeout
 .text.ToF_timeoutMclksToMicroseconds
                0x000000000800103c       0x50 Core/Src/VL53L0x.o
                0x000000000800103c                ToF_timeoutMclksToMicroseconds
 .text.ToF_timeoutMicrosecondsToMclks
                0x000000000800108c       0x50 Core/Src/VL53L0x.o
                0x000000000800108c                ToF_timeoutMicrosecondsToMclks
 .text.ToF_getSequenceStepEnables
                0x00000000080010dc       0x68 Core/Src/VL53L0x.o
                0x00000000080010dc                ToF_getSequenceStepEnables
 .text.ToF_getVcselPulsePeriod
                0x0000000008001144       0x4a Core/Src/VL53L0x.o
                0x0000000008001144                ToF_getVcselPulsePeriod
 .text.ToF_getSequenceStepTimeouts
                0x000000000800118e       0xdc Core/Src/VL53L0x.o
                0x000000000800118e                ToF_getSequenceStepTimeouts
 .text.ToF_getMeasurementTimingBudget
                0x000000000800126a       0xce Core/Src/VL53L0x.o
                0x000000000800126a                ToF_getMeasurementTimingBudget
 .text.ToF_setMeasurementTimingBudget
                0x0000000008001338      0x136 Core/Src/VL53L0x.o
                0x0000000008001338                ToF_setMeasurementTimingBudget
 .text.ToF_performSingleRefCalibration
                0x000000000800146e       0x50 Core/Src/VL53L0x.o
                0x000000000800146e                ToF_performSingleRefCalibration
 .text.ToF_init
                0x00000000080014be      0x568 Core/Src/VL53L0x.o
                0x00000000080014be                ToF_init
 .text.ToF_setAddress
                0x0000000008001a26       0x2c Core/Src/VL53L0x.o
                0x0000000008001a26                ToF_setAddress
 .text.ToF_startContinuous
                0x0000000008001a52       0x64 Core/Src/VL53L0x.o
                0x0000000008001a52                ToF_startContinuous
 .text.ToF_readRangeContinuousMillimeters
                0x0000000008001ab6       0x3c Core/Src/VL53L0x.o
                0x0000000008001ab6                ToF_readRangeContinuousMillimeters
 *fill*         0x0000000008001af2        0x2 
 .text.initMicromouseVL53L0x
                0x0000000008001af4      0x1b0 Core/Src/VL53L0x.o
                0x0000000008001af4                initMicromouseVL53L0x
 .text.encRead  0x0000000008001ca4      0x124 Core/Src/encoders.o
                0x0000000008001ca4                encRead
 .text.MX_GPIO_Init
                0x0000000008001dc8      0x128 Core/Src/gpio.o
                0x0000000008001dc8                MX_GPIO_Init
 .text.MX_I2C1_Init
                0x0000000008001ef0       0x5c Core/Src/i2c.o
                0x0000000008001ef0                MX_I2C1_Init
 .text.HAL_I2C_MspInit
                0x0000000008001f4c       0x90 Core/Src/i2c.o
                0x0000000008001f4c                HAL_I2C_MspInit
 .text._write   0x0000000008001fdc       0x28 Core/Src/main.o
                0x0000000008001fdc                _write
 .text.main     0x0000000008002004      0x19c Core/Src/main.o
                0x0000000008002004                main
 .text.SystemClock_Config
                0x00000000080021a0       0xd4 Core/Src/main.o
                0x00000000080021a0                SystemClock_Config
 .text.Error_Handler
                0x0000000008002274        0xe Core/Src/main.o
                0x0000000008002274                Error_Handler
 *fill*         0x0000000008002282        0x2 
 .text.motorsInit
                0x0000000008002284       0x1c Core/Src/move.o
                0x0000000008002284                motorsInit
 .text.MPU6050_SetDlpf
                0x00000000080022a0       0x70 Core/Src/mpu6050.o
                0x00000000080022a0                MPU6050_SetDlpf
 .text.MPU6050_DeviceReset
                0x0000000008002310       0x6c Core/Src/mpu6050.o
                0x0000000008002310                MPU6050_DeviceReset
 .text.MPU6050_SetSleepEnabled
                0x000000000800237c       0x70 Core/Src/mpu6050.o
                0x000000000800237c                MPU6050_SetSleepEnabled
 .text.MPU6050_SetClockSource
                0x00000000080023ec       0x70 Core/Src/mpu6050.o
                0x00000000080023ec                MPU6050_SetClockSource
 .text.MPU6050_SetFullScaleGyroRange
                0x000000000800245c       0xc4 Core/Src/mpu6050.o
                0x000000000800245c                MPU6050_SetFullScaleGyroRange
 .text.MPU6050_SetFullScaleAccelRange
                0x0000000008002520       0xc4 Core/Src/mpu6050.o
                0x0000000008002520                MPU6050_SetFullScaleAccelRange
 .text.MPU6050_GetTemperatureRAW
                0x00000000080025e4       0x3c Core/Src/mpu6050.o
                0x00000000080025e4                MPU6050_GetTemperatureRAW
 .text.MPU6050_GetTemperatureCelsius
                0x0000000008002620       0x5c Core/Src/mpu6050.o
                0x0000000008002620                MPU6050_GetTemperatureCelsius
 .text.MPU6050_GetAccelerometerRAW
                0x000000000800267c       0x6c Core/Src/mpu6050.o
                0x000000000800267c                MPU6050_GetAccelerometerRAW
 .text.MPU6050_GetAccelerometerScaled
                0x00000000080026e8       0x80 Core/Src/mpu6050.o
                0x00000000080026e8                MPU6050_GetAccelerometerScaled
 .text.MPU6050_GetGyroscopeRAW
                0x0000000008002768       0x6c Core/Src/mpu6050.o
                0x0000000008002768                MPU6050_GetGyroscopeRAW
 .text.MPU6050_GetGyroscopeScaled
                0x00000000080027d4       0x80 Core/Src/mpu6050.o
                0x00000000080027d4                MPU6050_GetGyroscopeScaled
 .text.MPU6050_SetInterruptMode
                0x0000000008002854       0x6c Core/Src/mpu6050.o
                0x0000000008002854                MPU6050_SetInterruptMode
 .text.MPU6050_SetInterruptDrive
                0x00000000080028c0       0x70 Core/Src/mpu6050.o
                0x00000000080028c0                MPU6050_SetInterruptDrive
 .text.MPU6050_SetInterruptLatch
                0x0000000008002930       0x70 Core/Src/mpu6050.o
                0x0000000008002930                MPU6050_SetInterruptLatch
 .text.MPU6050_SetInterruptLatchClear
                0x00000000080029a0       0x70 Core/Src/mpu6050.o
                0x00000000080029a0                MPU6050_SetInterruptLatchClear
 .text.MPU6050_SetIntEnableRegister
                0x0000000008002a10       0x30 Core/Src/mpu6050.o
                0x0000000008002a10                MPU6050_SetIntEnableRegister
 .text.MPU6050_Init
                0x0000000008002a40       0x40 Core/Src/mpu6050.o
                0x0000000008002a40                MPU6050_Init
 .text.HAL_MspInit
                0x0000000008002a80       0x50 Core/Src/stm32f4xx_hal_msp.o
                0x0000000008002a80                HAL_MspInit
 .text.NMI_Handler
                0x0000000008002ad0        0xe Core/Src/stm32f4xx_it.o
                0x0000000008002ad0                NMI_Handler
 .text.HardFault_Handler
                0x0000000008002ade        0x6 Core/Src/stm32f4xx_it.o
                0x0000000008002ade                HardFault_Handler
 .text.MemManage_Handler
                0x0000000008002ae4        0x6 Core/Src/stm32f4xx_it.o
                0x0000000008002ae4                MemManage_Handler
 .text.BusFault_Handler
                0x0000000008002aea        0x6 Core/Src/stm32f4xx_it.o
                0x0000000008002aea                BusFault_Handler
 .text.UsageFault_Handler
                0x0000000008002af0        0x6 Core/Src/stm32f4xx_it.o
                0x0000000008002af0                UsageFault_Handler
 .text.SVC_Handler
                0x0000000008002af6        0xe Core/Src/stm32f4xx_it.o
                0x0000000008002af6                SVC_Handler
 .text.DebugMon_Handler
                0x0000000008002b04        0xe Core/Src/stm32f4xx_it.o
                0x0000000008002b04                DebugMon_Handler
 .text.PendSV_Handler
                0x0000000008002b12        0xe Core/Src/stm32f4xx_it.o
                0x0000000008002b12                PendSV_Handler
 .text.SysTick_Handler
                0x0000000008002b20        0xc Core/Src/stm32f4xx_it.o
                0x0000000008002b20                SysTick_Handler
 .text._read    0x0000000008002b2c       0x3a Core/Src/syscalls.o
                0x0000000008002b2c                _read
 .text._close   0x0000000008002b66       0x18 Core/Src/syscalls.o
                0x0000000008002b66                _close
 .text._fstat   0x0000000008002b7e       0x20 Core/Src/syscalls.o
                0x0000000008002b7e                _fstat
 .text._isatty  0x0000000008002b9e       0x16 Core/Src/syscalls.o
                0x0000000008002b9e                _isatty
 .text._lseek   0x0000000008002bb4       0x1a Core/Src/syscalls.o
                0x0000000008002bb4                _lseek
 *fill*         0x0000000008002bce        0x2 
 .text._sbrk    0x0000000008002bd0       0x58 Core/Src/sysmem.o
                0x0000000008002bd0                _sbrk
 .text.SystemInit
                0x0000000008002c28       0x2c Core/Src/system_stm32f4xx.o
                0x0000000008002c28                SystemInit
 .text.MX_TIM2_Init
                0x0000000008002c54       0xa8 Core/Src/tim.o
                0x0000000008002c54                MX_TIM2_Init
 .text.MX_TIM3_Init
                0x0000000008002cfc      0x104 Core/Src/tim.o
                0x0000000008002cfc                MX_TIM3_Init
 .text.MX_TIM4_Init
                0x0000000008002e00       0xa8 Core/Src/tim.o
                0x0000000008002e00                MX_TIM4_Init
 .text.HAL_TIM_Encoder_MspInit
                0x0000000008002ea8      0x134 Core/Src/tim.o
                0x0000000008002ea8                HAL_TIM_Encoder_MspInit
 .text.HAL_TIM_Base_MspInit
                0x0000000008002fdc       0x44 Core/Src/tim.o
                0x0000000008002fdc                HAL_TIM_Base_MspInit
 .text.HAL_TIM_MspPostInit
                0x0000000008003020       0x74 Core/Src/tim.o
                0x0000000008003020                HAL_TIM_MspPostInit
 .text.MX_USART2_UART_Init
                0x0000000008003094       0x54 Core/Src/usart.o
                0x0000000008003094                MX_USART2_UART_Init
 .text.HAL_UART_MspInit
                0x00000000080030e8       0x90 Core/Src/usart.o
                0x00000000080030e8                HAL_UART_MspInit
 .text.Reset_Handler
                0x0000000008003178       0x50 Core/Startup/startup_stm32f411retx.o
                0x0000000008003178                Reset_Handler
 .text.Default_Handler
                0x00000000080031c8        0x2 Core/Startup/startup_stm32f411retx.o
                0x00000000080031c8                RTC_Alarm_IRQHandler
                0x00000000080031c8                EXTI2_IRQHandler
                0x00000000080031c8                SPI4_IRQHandler
                0x00000000080031c8                TIM1_CC_IRQHandler
                0x00000000080031c8                DMA2_Stream5_IRQHandler
                0x00000000080031c8                DMA1_Stream5_IRQHandler
                0x00000000080031c8                PVD_IRQHandler
                0x00000000080031c8                SDIO_IRQHandler
                0x00000000080031c8                TAMP_STAMP_IRQHandler
                0x00000000080031c8                EXTI3_IRQHandler
                0x00000000080031c8                TIM1_UP_TIM10_IRQHandler
                0x00000000080031c8                I2C3_ER_IRQHandler
                0x00000000080031c8                EXTI0_IRQHandler
                0x00000000080031c8                I2C2_EV_IRQHandler
                0x00000000080031c8                DMA1_Stream2_IRQHandler
                0x00000000080031c8                FPU_IRQHandler
                0x00000000080031c8                DMA2_Stream2_IRQHandler
                0x00000000080031c8                SPI1_IRQHandler
                0x00000000080031c8                TIM1_BRK_TIM9_IRQHandler
                0x00000000080031c8                DMA2_Stream3_IRQHandler
                0x00000000080031c8                USART6_IRQHandler
                0x00000000080031c8                DMA2_Stream0_IRQHandler
                0x00000000080031c8                TIM4_IRQHandler
                0x00000000080031c8                I2C1_EV_IRQHandler
                0x00000000080031c8                DMA1_Stream6_IRQHandler
                0x00000000080031c8                DMA1_Stream1_IRQHandler
                0x00000000080031c8                TIM3_IRQHandler
                0x00000000080031c8                RCC_IRQHandler
                0x00000000080031c8                Default_Handler
                0x00000000080031c8                EXTI15_10_IRQHandler
                0x00000000080031c8                ADC_IRQHandler
                0x00000000080031c8                DMA1_Stream7_IRQHandler
                0x00000000080031c8                SPI5_IRQHandler
                0x00000000080031c8                TIM5_IRQHandler
                0x00000000080031c8                DMA2_Stream7_IRQHandler
                0x00000000080031c8                I2C3_EV_IRQHandler
                0x00000000080031c8                EXTI9_5_IRQHandler
                0x00000000080031c8                RTC_WKUP_IRQHandler
                0x00000000080031c8                SPI2_IRQHandler
                0x00000000080031c8                DMA1_Stream0_IRQHandler
                0x00000000080031c8                EXTI4_IRQHandler
                0x00000000080031c8                WWDG_IRQHandler
                0x00000000080031c8                TIM2_IRQHandler
                0x00000000080031c8                OTG_FS_WKUP_IRQHandler
                0x00000000080031c8                TIM1_TRG_COM_TIM11_IRQHandler
                0x00000000080031c8                EXTI1_IRQHandler
                0x00000000080031c8                USART2_IRQHandler
                0x00000000080031c8                I2C2_ER_IRQHandler
                0x00000000080031c8                DMA2_Stream1_IRQHandler
                0x00000000080031c8                FLASH_IRQHandler
                0x00000000080031c8                DMA2_Stream4_IRQHandler
                0x00000000080031c8                USART1_IRQHandler
                0x00000000080031c8                OTG_FS_IRQHandler
                0x00000000080031c8                SPI3_IRQHandler
                0x00000000080031c8                DMA1_Stream4_IRQHandler
                0x00000000080031c8                I2C1_ER_IRQHandler
                0x00000000080031c8                DMA2_Stream6_IRQHandler
                0x00000000080031c8                DMA1_Stream3_IRQHandler
 *fill*         0x00000000080031ca        0x2 
 .text.HAL_Init
                0x00000000080031cc       0x44 Drivers/STM32F4xx_HAL_Driver/Src/stm32f4xx_hal.o
                0x00000000080031cc                HAL_Init
 .text.HAL_InitTick
                0x0000000008003210       0x60 Drivers/STM32F4xx_HAL_Driver/Src/stm32f4xx_hal.o
                0x0000000008003210                HAL_InitTick
 .text.HAL_IncTick
                0x0000000008003270       0x28 Drivers/STM32F4xx_HAL_Driver/Src/stm32f4xx_hal.o
                0x0000000008003270                HAL_IncTick
 .text.HAL_GetTick
                0x0000000008003298       0x18 Drivers/STM32F4xx_HAL_Driver/Src/stm32f4xx_hal.o
                0x0000000008003298                HAL_GetTick
 .text.HAL_Delay
                0x00000000080032b0       0x44 Drivers/STM32F4xx_HAL_Driver/Src/stm32f4xx_hal.o
                0x00000000080032b0                HAL_Delay
 .text.__NVIC_SetPriorityGrouping
                0x00000000080032f4       0x48 Drivers/STM32F4xx_HAL_Driver/Src/stm32f4xx_hal_cortex.o
 .text.__NVIC_GetPriorityGrouping
                0x000000000800333c       0x1c Drivers/STM32F4xx_HAL_Driver/Src/stm32f4xx_hal_cortex.o
 .text.__NVIC_SetPriority
                0x0000000008003358       0x54 Drivers/STM32F4xx_HAL_Driver/Src/stm32f4xx_hal_cortex.o
 .text.NVIC_EncodePriority
                0x00000000080033ac       0x66 Drivers/STM32F4xx_HAL_Driver/Src/stm32f4xx_hal_cortex.o
 *fill*         0x0000000008003412        0x2 
 .text.SysTick_Config
                0x0000000008003414       0x44 Drivers/STM32F4xx_HAL_Driver/Src/stm32f4xx_hal_cortex.o
 .text.HAL_NVIC_SetPriorityGrouping
                0x0000000008003458       0x16 Drivers/STM32F4xx_HAL_Driver/Src/stm32f4xx_hal_cortex.o
                0x0000000008003458                HAL_NVIC_SetPriorityGrouping
 .text.HAL_NVIC_SetPriority
                0x000000000800346e       0x38 Drivers/STM32F4xx_HAL_Driver/Src/stm32f4xx_hal_cortex.o
                0x000000000800346e                HAL_NVIC_SetPriority
 .text.HAL_SYSTICK_Config
                0x00000000080034a6       0x18 Drivers/STM32F4xx_HAL_Driver/Src/stm32f4xx_hal_cortex.o
                0x00000000080034a6                HAL_SYSTICK_Config
 *fill*         0x00000000080034be        0x2 
 .text.HAL_GPIO_Init
                0x00000000080034c0      0x304 Drivers/STM32F4xx_HAL_Driver/Src/stm32f4xx_hal_gpio.o
                0x00000000080034c0                HAL_GPIO_Init
 .text.HAL_GPIO_WritePin
                0x00000000080037c4       0x32 Drivers/STM32F4xx_HAL_Driver/Src/stm32f4xx_hal_gpio.o
                0x00000000080037c4                HAL_GPIO_WritePin
 *fill*         0x00000000080037f6        0x2 
 .text.HAL_I2C_Init
                0x00000000080037f8      0x270 Drivers/STM32F4xx_HAL_Driver/Src/stm32f4xx_hal_i2c.o
                0x00000000080037f8                HAL_I2C_Init
 .text.HAL_I2C_Master_Transmit
                0x0000000008003a68      0x1fc Drivers/STM32F4xx_HAL_Driver/Src/stm32f4xx_hal_i2c.o
                0x0000000008003a68                HAL_I2C_Master_Transmit
 .text.HAL_I2C_Master_Receive
                0x0000000008003c64      0x44c Drivers/STM32F4xx_HAL_Driver/Src/stm32f4xx_hal_i2c.o
                0x0000000008003c64                HAL_I2C_Master_Receive
 .text.HAL_I2C_Mem_Write
                0x00000000080040b0      0x1f4 Drivers/STM32F4xx_HAL_Driver/Src/stm32f4xx_hal_i2c.o
                0x00000000080040b0                HAL_I2C_Mem_Write
 .text.HAL_I2C_Mem_Read
                0x00000000080042a4      0x44c Drivers/STM32F4xx_HAL_Driver/Src/stm32f4xx_hal_i2c.o
                0x00000000080042a4                HAL_I2C_Mem_Read
 .text.I2C_MasterRequestWrite
                0x00000000080046f0      0x104 Drivers/STM32F4xx_HAL_Driver/Src/stm32f4xx_hal_i2c.o
 .text.I2C_MasterRequestRead
                0x00000000080047f4      0x198 Drivers/STM32F4xx_HAL_Driver/Src/stm32f4xx_hal_i2c.o
 .text.I2C_RequestMemoryWrite
                0x000000000800498c      0x128 Drivers/STM32F4xx_HAL_Driver/Src/stm32f4xx_hal_i2c.o
 .text.I2C_RequestMemoryRead
                0x0000000008004ab4      0x1cc Drivers/STM32F4xx_HAL_Driver/Src/stm32f4xx_hal_i2c.o
 .text.I2C_WaitOnFlagUntilTimeout
                0x0000000008004c80       0xae Drivers/STM32F4xx_HAL_Driver/Src/stm32f4xx_hal_i2c.o
 .text.I2C_WaitOnMasterAddressFlagUntilTimeout
                0x0000000008004d2e       0xfe Drivers/STM32F4xx_HAL_Driver/Src/stm32f4xx_hal_i2c.o
 .text.I2C_WaitOnTXEFlagUntilTimeout
                0x0000000008004e2c       0x82 Drivers/STM32F4xx_HAL_Driver/Src/stm32f4xx_hal_i2c.o
 .text.I2C_WaitOnBTFFlagUntilTimeout
                0x0000000008004eae       0x82 Drivers/STM32F4xx_HAL_Driver/Src/stm32f4xx_hal_i2c.o
 .text.I2C_WaitOnRXNEFlagUntilTimeout
                0x0000000008004f30       0xac Drivers/STM32F4xx_HAL_Driver/Src/stm32f4xx_hal_i2c.o
 .text.I2C_IsAcknowledgeFailed
                0x0000000008004fdc       0x5e Drivers/STM32F4xx_HAL_Driver/Src/stm32f4xx_hal_i2c.o
 *fill*         0x000000000800503a        0x2 
 .text.HAL_RCC_OscConfig
                0x000000000800503c      0x4e0 Drivers/STM32F4xx_HAL_Driver/Src/stm32f4xx_hal_rcc.o
                0x000000000800503c                HAL_RCC_OscConfig
 .text.HAL_RCC_ClockConfig
                0x000000000800551c      0x1cc Drivers/STM32F4xx_HAL_Driver/Src/stm32f4xx_hal_rcc.o
                0x000000000800551c                HAL_RCC_ClockConfig
 .text.HAL_RCC_GetSysClockFreq
                0x00000000080056e8      0x1b0 Drivers/STM32F4xx_HAL_Driver/Src/stm32f4xx_hal_rcc.o
                0x00000000080056e8                HAL_RCC_GetSysClockFreq
 .text.HAL_RCC_GetHCLKFreq
                0x0000000008005898       0x18 Drivers/STM32F4xx_HAL_Driver/Src/stm32f4xx_hal_rcc.o
                0x0000000008005898                HAL_RCC_GetHCLKFreq
 .text.HAL_RCC_GetPCLK1Freq
                0x00000000080058b0       0x28 Drivers/STM32F4xx_HAL_Driver/Src/stm32f4xx_hal_rcc.o
                0x00000000080058b0                HAL_RCC_GetPCLK1Freq
 .text.HAL_RCC_GetPCLK2Freq
                0x00000000080058d8       0x28 Drivers/STM32F4xx_HAL_Driver/Src/stm32f4xx_hal_rcc.o
                0x00000000080058d8                HAL_RCC_GetPCLK2Freq
 .text.HAL_TIM_Base_Init
                0x0000000008005900       0x56 Drivers/STM32F4xx_HAL_Driver/Src/stm32f4xx_hal_tim.o
                0x0000000008005900                HAL_TIM_Base_Init
 .text.HAL_TIM_PWM_Init
                0x0000000008005956       0x56 Drivers/STM32F4xx_HAL_Driver/Src/stm32f4xx_hal_tim.o
                0x0000000008005956                HAL_TIM_PWM_Init
 .text.HAL_TIM_PWM_MspInit
                0x00000000080059ac       0x14 Drivers/STM32F4xx_HAL_Driver/Src/stm32f4xx_hal_tim.o
                0x00000000080059ac                HAL_TIM_PWM_MspInit
 .text.HAL_TIM_PWM_Start
                0x00000000080059c0       0x64 Drivers/STM32F4xx_HAL_Driver/Src/stm32f4xx_hal_tim.o
                0x00000000080059c0                HAL_TIM_PWM_Start
 .text.HAL_TIM_Encoder_Init
                0x0000000008005a24      0x124 Drivers/STM32F4xx_HAL_Driver/Src/stm32f4xx_hal_tim.o
                0x0000000008005a24                HAL_TIM_Encoder_Init
 .text.HAL_TIM_Encoder_Start
                0x0000000008005b48       0x6e Drivers/STM32F4xx_HAL_Driver/Src/stm32f4xx_hal_tim.o
                0x0000000008005b48                HAL_TIM_Encoder_Start
 *fill*         0x0000000008005bb6        0x2 
 .text.HAL_TIM_PWM_ConfigChannel
                0x0000000008005bb8      0x18c Drivers/STM32F4xx_HAL_Driver/Src/stm32f4xx_hal_tim.o
                0x0000000008005bb8                HAL_TIM_PWM_ConfigChannel
 .text.HAL_TIM_ConfigClockSource
                0x0000000008005d44      0x16e Drivers/STM32F4xx_HAL_Driver/Src/stm32f4xx_hal_tim.o
                0x0000000008005d44                HAL_TIM_ConfigClockSource
 *fill*         0x0000000008005eb2        0x2 
 .text.TIM_Base_SetConfig
                0x0000000008005eb4      0x100 Drivers/STM32F4xx_HAL_Driver/Src/stm32f4xx_hal_tim.o
                0x0000000008005eb4                TIM_Base_SetConfig
 .text.TIM_OC1_SetConfig
                0x0000000008005fb4       0xcc Drivers/STM32F4xx_HAL_Driver/Src/stm32f4xx_hal_tim.o
 .text.TIM_OC2_SetConfig
                0x0000000008006080       0xd8 Drivers/STM32F4xx_HAL_Driver/Src/stm32f4xx_hal_tim.o
                0x0000000008006080                TIM_OC2_SetConfig
 .text.TIM_OC3_SetConfig
                0x0000000008006158       0xd4 Drivers/STM32F4xx_HAL_Driver/Src/stm32f4xx_hal_tim.o
 .text.TIM_OC4_SetConfig
                0x000000000800622c       0xa0 Drivers/STM32F4xx_HAL_Driver/Src/stm32f4xx_hal_tim.o
 .text.TIM_TI1_ConfigInputStage
                0x00000000080062cc       0x5e Drivers/STM32F4xx_HAL_Driver/Src/stm32f4xx_hal_tim.o
 .text.TIM_TI2_ConfigInputStage
                0x000000000800632a       0x60 Drivers/STM32F4xx_HAL_Driver/Src/stm32f4xx_hal_tim.o
 .text.TIM_ITRx_SetConfig
                0x000000000800638a       0x36 Drivers/STM32F4xx_HAL_Driver/Src/stm32f4xx_hal_tim.o
 .text.TIM_ETR_SetConfig
                0x00000000080063c0       0x40 Drivers/STM32F4xx_HAL_Driver/Src/stm32f4xx_hal_tim.o
                0x00000000080063c0                TIM_ETR_SetConfig
 .text.TIM_CCxChannelCmd
                0x0000000008006400       0x4a Drivers/STM32F4xx_HAL_Driver/Src/stm32f4xx_hal_tim.o
                0x0000000008006400                TIM_CCxChannelCmd
 *fill*         0x000000000800644a        0x2 
 .text.HAL_TIMEx_MasterConfigSynchronization
                0x000000000800644c       0xdc Drivers/STM32F4xx_HAL_Driver/Src/stm32f4xx_hal_tim_ex.o
                0x000000000800644c                HAL_TIMEx_MasterConfigSynchronization
 .text.HAL_UART_Init
                0x0000000008006528       0x9a Drivers/STM32F4xx_HAL_Driver/Src/stm32f4xx_hal_uart.o
                0x0000000008006528                HAL_UART_Init
 .text.HAL_UART_Transmit
                0x00000000080065c2      0x132 Drivers/STM32F4xx_HAL_Driver/Src/stm32f4xx_hal_uart.o
                0x00000000080065c2                HAL_UART_Transmit
 .text.UART_WaitOnFlagUntilTimeout
                0x00000000080066f4       0x94 Drivers/STM32F4xx_HAL_Driver/Src/stm32f4xx_hal_uart.o
 .text.UART_SetConfig
                0x0000000008006788      0x6f8 Drivers/STM32F4xx_HAL_Driver/Src/stm32f4xx_hal_uart.o
 .text.__errno  0x0000000008006e80        0xc c:/st/stm32cubeide_1.3.0/stm32cubeide/plugins/com.st.stm32cube.ide.mcu.externaltools.gnu-tools-for-stm32.7-2018-q2-update.win32_1.0.0.201904181610/tools/bin/../lib/gcc/arm-none-eabi/7.3.1/../../../../arm-none-eabi/lib/thumb/v7e-m/fpv4-sp/hard\libc_nano.a(lib_a-errno.o)
                0x0000000008006e80                __errno
 .text.__libc_init_array
                0x0000000008006e8c       0x48 c:/st/stm32cubeide_1.3.0/stm32cubeide/plugins/com.st.stm32cube.ide.mcu.externaltools.gnu-tools-for-stm32.7-2018-q2-update.win32_1.0.0.201904181610/tools/bin/../lib/gcc/arm-none-eabi/7.3.1/../../../../arm-none-eabi/lib/thumb/v7e-m/fpv4-sp/hard\libc_nano.a(lib_a-init.o)
                0x0000000008006e8c                __libc_init_array
 .text.memset   0x0000000008006ed4       0x10 c:/st/stm32cubeide_1.3.0/stm32cubeide/plugins/com.st.stm32cube.ide.mcu.externaltools.gnu-tools-for-stm32.7-2018-q2-update.win32_1.0.0.201904181610/tools/bin/../lib/gcc/arm-none-eabi/7.3.1/../../../../arm-none-eabi/lib/thumb/v7e-m/fpv4-sp/hard\libc_nano.a(lib_a-memset.o)
                0x0000000008006ed4                memset
 .text._puts_r  0x0000000008006ee4       0xb8 c:/st/stm32cubeide_1.3.0/stm32cubeide/plugins/com.st.stm32cube.ide.mcu.externaltools.gnu-tools-for-stm32.7-2018-q2-update.win32_1.0.0.201904181610/tools/bin/../lib/gcc/arm-none-eabi/7.3.1/../../../../arm-none-eabi/lib/thumb/v7e-m/fpv4-sp/hard\libc_nano.a(lib_a-puts.o)
                0x0000000008006ee4                _puts_r
 .text.puts     0x0000000008006f9c       0x10 c:/st/stm32cubeide_1.3.0/stm32cubeide/plugins/com.st.stm32cube.ide.mcu.externaltools.gnu-tools-for-stm32.7-2018-q2-update.win32_1.0.0.201904181610/tools/bin/../lib/gcc/arm-none-eabi/7.3.1/../../../../arm-none-eabi/lib/thumb/v7e-m/fpv4-sp/hard\libc_nano.a(lib_a-puts.o)
                0x0000000008006f9c                puts
 .text.sprintf  0x0000000008006fac       0x40 c:/st/stm32cubeide_1.3.0/stm32cubeide/plugins/com.st.stm32cube.ide.mcu.externaltools.gnu-tools-for-stm32.7-2018-q2-update.win32_1.0.0.201904181610/tools/bin/../lib/gcc/arm-none-eabi/7.3.1/../../../../arm-none-eabi/lib/thumb/v7e-m/fpv4-sp/hard\libc_nano.a(lib_a-sprintf.o)
                0x0000000008006fac                siprintf
                0x0000000008006fac                sprintf
 .text.__swbuf_r
                0x0000000008006fec       0xa4 c:/st/stm32cubeide_1.3.0/stm32cubeide/plugins/com.st.stm32cube.ide.mcu.externaltools.gnu-tools-for-stm32.7-2018-q2-update.win32_1.0.0.201904181610/tools/bin/../lib/gcc/arm-none-eabi/7.3.1/../../../../arm-none-eabi/lib/thumb/v7e-m/fpv4-sp/hard\libc_nano.a(lib_a-wbuf.o)
                0x0000000008006fec                __swbuf_r
 .text.__swsetup_r
                0x0000000008007090       0xdc c:/st/stm32cubeide_1.3.0/stm32cubeide/plugins/com.st.stm32cube.ide.mcu.externaltools.gnu-tools-for-stm32.7-2018-q2-update.win32_1.0.0.201904181610/tools/bin/../lib/gcc/arm-none-eabi/7.3.1/../../../../arm-none-eabi/lib/thumb/v7e-m/fpv4-sp/hard\libc_nano.a(lib_a-wsetup.o)
                0x0000000008007090                __swsetup_r
 .text.__sflush_r
                0x000000000800716c      0x10c c:/st/stm32cubeide_1.3.0/stm32cubeide/plugins/com.st.stm32cube.ide.mcu.externaltools.gnu-tools-for-stm32.7-2018-q2-update.win32_1.0.0.201904181610/tools/bin/../lib/gcc/arm-none-eabi/7.3.1/../../../../arm-none-eabi/lib/thumb/v7e-m/fpv4-sp/hard\libc_nano.a(lib_a-fflush.o)
                0x000000000800716c                __sflush_r
 .text._fflush_r
                0x0000000008007278       0x54 c:/st/stm32cubeide_1.3.0/stm32cubeide/plugins/com.st.stm32cube.ide.mcu.externaltools.gnu-tools-for-stm32.7-2018-q2-update.win32_1.0.0.201904181610/tools/bin/../lib/gcc/arm-none-eabi/7.3.1/../../../../arm-none-eabi/lib/thumb/v7e-m/fpv4-sp/hard\libc_nano.a(lib_a-fflush.o)
                0x0000000008007278                _fflush_r
 .text.std      0x00000000080072cc       0x48 c:/st/stm32cubeide_1.3.0/stm32cubeide/plugins/com.st.stm32cube.ide.mcu.externaltools.gnu-tools-for-stm32.7-2018-q2-update.win32_1.0.0.201904181610/tools/bin/../lib/gcc/arm-none-eabi/7.3.1/../../../../arm-none-eabi/lib/thumb/v7e-m/fpv4-sp/hard\libc_nano.a(lib_a-findfp.o)
 .text._cleanup_r
                0x0000000008007314        0xc c:/st/stm32cubeide_1.3.0/stm32cubeide/plugins/com.st.stm32cube.ide.mcu.externaltools.gnu-tools-for-stm32.7-2018-q2-update.win32_1.0.0.201904181610/tools/bin/../lib/gcc/arm-none-eabi/7.3.1/../../../../arm-none-eabi/lib/thumb/v7e-m/fpv4-sp/hard\libc_nano.a(lib_a-findfp.o)
                0x0000000008007314                _cleanup_r
 .text.__sfmoreglue
                0x0000000008007320       0x2c c:/st/stm32cubeide_1.3.0/stm32cubeide/plugins/com.st.stm32cube.ide.mcu.externaltools.gnu-tools-for-stm32.7-2018-q2-update.win32_1.0.0.201904181610/tools/bin/../lib/gcc/arm-none-eabi/7.3.1/../../../../arm-none-eabi/lib/thumb/v7e-m/fpv4-sp/hard\libc_nano.a(lib_a-findfp.o)
                0x0000000008007320                __sfmoreglue
 .text.__sinit  0x000000000800734c       0x60 c:/st/stm32cubeide_1.3.0/stm32cubeide/plugins/com.st.stm32cube.ide.mcu.externaltools.gnu-tools-for-stm32.7-2018-q2-update.win32_1.0.0.201904181610/tools/bin/../lib/gcc/arm-none-eabi/7.3.1/../../../../arm-none-eabi/lib/thumb/v7e-m/fpv4-sp/hard\libc_nano.a(lib_a-findfp.o)
                0x000000000800734c                __sinit
 .text.__sfp    0x00000000080073ac       0x78 c:/st/stm32cubeide_1.3.0/stm32cubeide/plugins/com.st.stm32cube.ide.mcu.externaltools.gnu-tools-for-stm32.7-2018-q2-update.win32_1.0.0.201904181610/tools/bin/../lib/gcc/arm-none-eabi/7.3.1/../../../../arm-none-eabi/lib/thumb/v7e-m/fpv4-sp/hard\libc_nano.a(lib_a-findfp.o)
                0x00000000080073ac                __sfp
 .text._fwalk_reent
                0x0000000008007424       0x3c c:/st/stm32cubeide_1.3.0/stm32cubeide/plugins/com.st.stm32cube.ide.mcu.externaltools.gnu-tools-for-stm32.7-2018-q2-update.win32_1.0.0.201904181610/tools/bin/../lib/gcc/arm-none-eabi/7.3.1/../../../../arm-none-eabi/lib/thumb/v7e-m/fpv4-sp/hard\libc_nano.a(lib_a-fwalk.o)
                0x0000000008007424                _fwalk_reent
 .text.__swhatbuf_r
                0x0000000008007460       0x48 c:/st/stm32cubeide_1.3.0/stm32cubeide/plugins/com.st.stm32cube.ide.mcu.externaltools.gnu-tools-for-stm32.7-2018-q2-update.win32_1.0.0.201904181610/tools/bin/../lib/gcc/arm-none-eabi/7.3.1/../../../../arm-none-eabi/lib/thumb/v7e-m/fpv4-sp/hard\libc_nano.a(lib_a-makebuf.o)
                0x0000000008007460                __swhatbuf_r
 .text.__smakebuf_r
                0x00000000080074a8       0x80 c:/st/stm32cubeide_1.3.0/stm32cubeide/plugins/com.st.stm32cube.ide.mcu.externaltools.gnu-tools-for-stm32.7-2018-q2-update.win32_1.0.0.201904181610/tools/bin/../lib/gcc/arm-none-eabi/7.3.1/../../../../arm-none-eabi/lib/thumb/v7e-m/fpv4-sp/hard\libc_nano.a(lib_a-makebuf.o)
                0x00000000080074a8                __smakebuf_r
 .text._free_r  0x0000000008007528       0x9c c:/st/stm32cubeide_1.3.0/stm32cubeide/plugins/com.st.stm32cube.ide.mcu.externaltools.gnu-tools-for-stm32.7-2018-q2-update.win32_1.0.0.201904181610/tools/bin/../lib/gcc/arm-none-eabi/7.3.1/../../../../arm-none-eabi/lib/thumb/v7e-m/fpv4-sp/hard\libc_nano.a(lib_a-nano-freer.o)
                0x0000000008007528                _free_r
 .text._malloc_r
                0x00000000080075c4       0xb4 c:/st/stm32cubeide_1.3.0/stm32cubeide/plugins/com.st.stm32cube.ide.mcu.externaltools.gnu-tools-for-stm32.7-2018-q2-update.win32_1.0.0.201904181610/tools/bin/../lib/gcc/arm-none-eabi/7.3.1/../../../../arm-none-eabi/lib/thumb/v7e-m/fpv4-sp/hard\libc_nano.a(lib_a-nano-mallocr.o)
                0x00000000080075c4                _malloc_r
 .text.__ssputs_r
                0x0000000008007678       0xb4 c:/st/stm32cubeide_1.3.0/stm32cubeide/plugins/com.st.stm32cube.ide.mcu.externaltools.gnu-tools-for-stm32.7-2018-q2-update.win32_1.0.0.201904181610/tools/bin/../lib/gcc/arm-none-eabi/7.3.1/../../../../arm-none-eabi/lib/thumb/v7e-m/fpv4-sp/hard\libc_nano.a(lib_a-nano-svfprintf.o)
                0x0000000008007678                __ssputs_r
 .text._svfprintf_r
                0x000000000800772c      0x1f0 c:/st/stm32cubeide_1.3.0/stm32cubeide/plugins/com.st.stm32cube.ide.mcu.externaltools.gnu-tools-for-stm32.7-2018-q2-update.win32_1.0.0.201904181610/tools/bin/../lib/gcc/arm-none-eabi/7.3.1/../../../../arm-none-eabi/lib/thumb/v7e-m/fpv4-sp/hard\libc_nano.a(lib_a-nano-svfprintf.o)
                0x000000000800772c                _svfiprintf_r
                0x000000000800772c                _svfprintf_r
 .text._printf_common
                0x000000000800791c       0xea c:/st/stm32cubeide_1.3.0/stm32cubeide/plugins/com.st.stm32cube.ide.mcu.externaltools.gnu-tools-for-stm32.7-2018-q2-update.win32_1.0.0.201904181610/tools/bin/../lib/gcc/arm-none-eabi/7.3.1/../../../../arm-none-eabi/lib/thumb/v7e-m/fpv4-sp/hard\libc_nano.a(lib_a-nano-vfprintf_i.o)
                0x000000000800791c                _printf_common
 *fill*         0x0000000008007a06        0x2 
 .text._printf_i
                0x0000000008007a08      0x224 c:/st/stm32cubeide_1.3.0/stm32cubeide/plugins/com.st.stm32cube.ide.mcu.externaltools.gnu-tools-for-stm32.7-2018-q2-update.win32_1.0.0.201904181610/tools/bin/../lib/gcc/arm-none-eabi/7.3.1/../../../../arm-none-eabi/lib/thumb/v7e-m/fpv4-sp/hard\libc_nano.a(lib_a-nano-vfprintf_i.o)
                0x0000000008007a08                _printf_i
 .text._sbrk_r  0x0000000008007c2c       0x20 c:/st/stm32cubeide_1.3.0/stm32cubeide/plugins/com.st.stm32cube.ide.mcu.externaltools.gnu-tools-for-stm32.7-2018-q2-update.win32_1.0.0.201904181610/tools/bin/../lib/gcc/arm-none-eabi/7.3.1/../../../../arm-none-eabi/lib/thumb/v7e-m/fpv4-sp/hard\libc_nano.a(lib_a-sbrkr.o)
                0x0000000008007c2c                _sbrk_r
 .text.__sread  0x0000000008007c4c       0x22 c:/st/stm32cubeide_1.3.0/stm32cubeide/plugins/com.st.stm32cube.ide.mcu.externaltools.gnu-tools-for-stm32.7-2018-q2-update.win32_1.0.0.201904181610/tools/bin/../lib/gcc/arm-none-eabi/7.3.1/../../../../arm-none-eabi/lib/thumb/v7e-m/fpv4-sp/hard\libc_nano.a(lib_a-stdio.o)
                0x0000000008007c4c                __sread
 .text.__swrite
                0x0000000008007c6e       0x38 c:/st/stm32cubeide_1.3.0/stm32cubeide/plugins/com.st.stm32cube.ide.mcu.externaltools.gnu-tools-for-stm32.7-2018-q2-update.win32_1.0.0.201904181610/tools/bin/../lib/gcc/arm-none-eabi/7.3.1/../../../../arm-none-eabi/lib/thumb/v7e-m/fpv4-sp/hard\libc_nano.a(lib_a-stdio.o)
                0x0000000008007c6e                __swrite
 .text.__sseek  0x0000000008007ca6       0x24 c:/st/stm32cubeide_1.3.0/stm32cubeide/plugins/com.st.stm32cube.ide.mcu.externaltools.gnu-tools-for-stm32.7-2018-q2-update.win32_1.0.0.201904181610/tools/bin/../lib/gcc/arm-none-eabi/7.3.1/../../../../arm-none-eabi/lib/thumb/v7e-m/fpv4-sp/hard\libc_nano.a(lib_a-stdio.o)
                0x0000000008007ca6                __sseek
 .text.__sclose
                0x0000000008007cca        0x8 c:/st/stm32cubeide_1.3.0/stm32cubeide/plugins/com.st.stm32cube.ide.mcu.externaltools.gnu-tools-for-stm32.7-2018-q2-update.win32_1.0.0.201904181610/tools/bin/../lib/gcc/arm-none-eabi/7.3.1/../../../../arm-none-eabi/lib/thumb/v7e-m/fpv4-sp/hard\libc_nano.a(lib_a-stdio.o)
                0x0000000008007cca                __sclose
 *fill*         0x0000000008007cd2        0x2 
 .text._write_r
                0x0000000008007cd4       0x24 c:/st/stm32cubeide_1.3.0/stm32cubeide/plugins/com.st.stm32cube.ide.mcu.externaltools.gnu-tools-for-stm32.7-2018-q2-update.win32_1.0.0.201904181610/tools/bin/../lib/gcc/arm-none-eabi/7.3.1/../../../../arm-none-eabi/lib/thumb/v7e-m/fpv4-sp/hard\libc_nano.a(lib_a-writer.o)
                0x0000000008007cd4                _write_r
 .text._close_r
                0x0000000008007cf8       0x20 c:/st/stm32cubeide_1.3.0/stm32cubeide/plugins/com.st.stm32cube.ide.mcu.externaltools.gnu-tools-for-stm32.7-2018-q2-update.win32_1.0.0.201904181610/tools/bin/../lib/gcc/arm-none-eabi/7.3.1/../../../../arm-none-eabi/lib/thumb/v7e-m/fpv4-sp/hard\libc_nano.a(lib_a-closer.o)
                0x0000000008007cf8                _close_r
 .text._fstat_r
                0x0000000008007d18       0x24 c:/st/stm32cubeide_1.3.0/stm32cubeide/plugins/com.st.stm32cube.ide.mcu.externaltools.gnu-tools-for-stm32.7-2018-q2-update.win32_1.0.0.201904181610/tools/bin/../lib/gcc/arm-none-eabi/7.3.1/../../../../arm-none-eabi/lib/thumb/v7e-m/fpv4-sp/hard\libc_nano.a(lib_a-fstatr.o)
                0x0000000008007d18                _fstat_r
 .text._isatty_r
                0x0000000008007d3c       0x20 c:/st/stm32cubeide_1.3.0/stm32cubeide/plugins/com.st.stm32cube.ide.mcu.externaltools.gnu-tools-for-stm32.7-2018-q2-update.win32_1.0.0.201904181610/tools/bin/../lib/gcc/arm-none-eabi/7.3.1/../../../../arm-none-eabi/lib/thumb/v7e-m/fpv4-sp/hard\libc_nano.a(lib_a-isattyr.o)
                0x0000000008007d3c                _isatty_r
 .text._lseek_r
                0x0000000008007d5c       0x24 c:/st/stm32cubeide_1.3.0/stm32cubeide/plugins/com.st.stm32cube.ide.mcu.externaltools.gnu-tools-for-stm32.7-2018-q2-update.win32_1.0.0.201904181610/tools/bin/../lib/gcc/arm-none-eabi/7.3.1/../../../../arm-none-eabi/lib/thumb/v7e-m/fpv4-sp/hard\libc_nano.a(lib_a-lseekr.o)
                0x0000000008007d5c                _lseek_r
 .text.memcpy   0x0000000008007d80       0x16 c:/st/stm32cubeide_1.3.0/stm32cubeide/plugins/com.st.stm32cube.ide.mcu.externaltools.gnu-tools-for-stm32.7-2018-q2-update.win32_1.0.0.201904181610/tools/bin/../lib/gcc/arm-none-eabi/7.3.1/../../../../arm-none-eabi/lib/thumb/v7e-m/fpv4-sp/hard\libc_nano.a(lib_a-memcpy-stub.o)
                0x0000000008007d80                memcpy
 .text.memmove  0x0000000008007d96       0x32 c:/st/stm32cubeide_1.3.0/stm32cubeide/plugins/com.st.stm32cube.ide.mcu.externaltools.gnu-tools-for-stm32.7-2018-q2-update.win32_1.0.0.201904181610/tools/bin/../lib/gcc/arm-none-eabi/7.3.1/../../../../arm-none-eabi/lib/thumb/v7e-m/fpv4-sp/hard\libc_nano.a(lib_a-memmove.o)
                0x0000000008007d96                memmove
 .text.__malloc_lock
                0x0000000008007dc8        0x2 c:/st/stm32cubeide_1.3.0/stm32cubeide/plugins/com.st.stm32cube.ide.mcu.externaltools.gnu-tools-for-stm32.7-2018-q2-update.win32_1.0.0.201904181610/tools/bin/../lib/gcc/arm-none-eabi/7.3.1/../../../../arm-none-eabi/lib/thumb/v7e-m/fpv4-sp/hard\libc_nano.a(lib_a-mlock.o)
                0x0000000008007dc8                __malloc_lock
 .text.__malloc_unlock
                0x0000000008007dca        0x2 c:/st/stm32cubeide_1.3.0/stm32cubeide/plugins/com.st.stm32cube.ide.mcu.externaltools.gnu-tools-for-stm32.7-2018-q2-update.win32_1.0.0.201904181610/tools/bin/../lib/gcc/arm-none-eabi/7.3.1/../../../../arm-none-eabi/lib/thumb/v7e-m/fpv4-sp/hard\libc_nano.a(lib_a-mlock.o)
                0x0000000008007dca                __malloc_unlock
 .text._realloc_r
                0x0000000008007dcc       0x4c c:/st/stm32cubeide_1.3.0/stm32cubeide/plugins/com.st.stm32cube.ide.mcu.externaltools.gnu-tools-for-stm32.7-2018-q2-update.win32_1.0.0.201904181610/tools/bin/../lib/gcc/arm-none-eabi/7.3.1/../../../../arm-none-eabi/lib/thumb/v7e-m/fpv4-sp/hard\libc_nano.a(lib_a-nano-reallocr.o)
                0x0000000008007dcc                _realloc_r
 .text._read_r  0x0000000008007e18       0x24 c:/st/stm32cubeide_1.3.0/stm32cubeide/plugins/com.st.stm32cube.ide.mcu.externaltools.gnu-tools-for-stm32.7-2018-q2-update.win32_1.0.0.201904181610/tools/bin/../lib/gcc/arm-none-eabi/7.3.1/../../../../arm-none-eabi/lib/thumb/v7e-m/fpv4-sp/hard\libc_nano.a(lib_a-readr.o)
                0x0000000008007e18                _read_r
 .text._malloc_usable_size_r
                0x0000000008007e3c       0x10 c:/st/stm32cubeide_1.3.0/stm32cubeide/plugins/com.st.stm32cube.ide.mcu.externaltools.gnu-tools-for-stm32.7-2018-q2-update.win32_1.0.0.201904181610/tools/bin/../lib/gcc/arm-none-eabi/7.3.1/../../../../arm-none-eabi/lib/thumb/v7e-m/fpv4-sp/hard\libc_nano.a(lib_a-nano-msizer.o)
                0x0000000008007e3c                _malloc_usable_size_r
 *(.glue_7)
 .glue_7        0x0000000008007e4c        0x0 linker stubs
 *(.glue_7t)
 .glue_7t       0x0000000008007e4c        0x0 linker stubs
 *(.eh_frame)
 .eh_frame      0x0000000008007e4c        0x0 c:/st/stm32cubeide_1.3.0/stm32cubeide/plugins/com.st.stm32cube.ide.mcu.externaltools.gnu-tools-for-stm32.7-2018-q2-update.win32_1.0.0.201904181610/tools/bin/../lib/gcc/arm-none-eabi/7.3.1/thumb/v7e-m/fpv4-sp/hard/crtbegin.o
 *(.init)
 .init          0x0000000008007e4c        0x4 c:/st/stm32cubeide_1.3.0/stm32cubeide/plugins/com.st.stm32cube.ide.mcu.externaltools.gnu-tools-for-stm32.7-2018-q2-update.win32_1.0.0.201904181610/tools/bin/../lib/gcc/arm-none-eabi/7.3.1/thumb/v7e-m/fpv4-sp/hard/crti.o
                0x0000000008007e4c                _init
 .init          0x0000000008007e50        0x8 c:/st/stm32cubeide_1.3.0/stm32cubeide/plugins/com.st.stm32cube.ide.mcu.externaltools.gnu-tools-for-stm32.7-2018-q2-update.win32_1.0.0.201904181610/tools/bin/../lib/gcc/arm-none-eabi/7.3.1/thumb/v7e-m/fpv4-sp/hard/crtn.o
 *(.fini)
 .fini          0x0000000008007e58        0x4 c:/st/stm32cubeide_1.3.0/stm32cubeide/plugins/com.st.stm32cube.ide.mcu.externaltools.gnu-tools-for-stm32.7-2018-q2-update.win32_1.0.0.201904181610/tools/bin/../lib/gcc/arm-none-eabi/7.3.1/thumb/v7e-m/fpv4-sp/hard/crti.o
                0x0000000008007e58                _fini
 .fini          0x0000000008007e5c        0x8 c:/st/stm32cubeide_1.3.0/stm32cubeide/plugins/com.st.stm32cube.ide.mcu.externaltools.gnu-tools-for-stm32.7-2018-q2-update.win32_1.0.0.201904181610/tools/bin/../lib/gcc/arm-none-eabi/7.3.1/thumb/v7e-m/fpv4-sp/hard/crtn.o
                0x0000000008007e64                . = ALIGN (0x4)
                0x0000000008007e64                _etext = .

.vfp11_veneer   0x0000000008007e64        0x0
 .vfp11_veneer  0x0000000008007e64        0x0 linker stubs

.v4_bx          0x0000000008007e64        0x0
 .v4_bx         0x0000000008007e64        0x0 linker stubs

.iplt           0x0000000008007e64        0x0
 .iplt          0x0000000008007e64        0x0 c:/st/stm32cubeide_1.3.0/stm32cubeide/plugins/com.st.stm32cube.ide.mcu.externaltools.gnu-tools-for-stm32.7-2018-q2-update.win32_1.0.0.201904181610/tools/bin/../lib/gcc/arm-none-eabi/7.3.1/thumb/v7e-m/fpv4-sp/hard/crtbegin.o

.rodata         0x0000000008007e64      0x4e8
                0x0000000008007e64                . = ALIGN (0x4)
 *(.rodata)
 .rodata        0x0000000008007e64       0x2c Core/Src/SoftwareCRC.o
 .rodata        0x0000000008007e90        0xc Core/Src/main.o
 *(.rodata*)
 .rodata.crc32_tab
                0x0000000008007e9c      0x400 Core/Src/SoftwareCRC.o
 .rodata.AHBPrescTable
                0x000000000800829c       0x10 Core/Src/system_stm32f4xx.o
                0x000000000800829c                AHBPrescTable
 .rodata.APBPrescTable
                0x00000000080082ac        0x8 Core/Src/system_stm32f4xx.o
                0x00000000080082ac                APBPrescTable
 .rodata._global_impure_ptr
                0x00000000080082b4        0x4 c:/st/stm32cubeide_1.3.0/stm32cubeide/plugins/com.st.stm32cube.ide.mcu.externaltools.gnu-tools-for-stm32.7-2018-q2-update.win32_1.0.0.201904181610/tools/bin/../lib/gcc/arm-none-eabi/7.3.1/../../../../arm-none-eabi/lib/thumb/v7e-m/fpv4-sp/hard\libc_nano.a(lib_a-impure.o)
                0x00000000080082b4                _global_impure_ptr
 .rodata.__sf_fake_stderr
                0x00000000080082b8       0x20 c:/st/stm32cubeide_1.3.0/stm32cubeide/plugins/com.st.stm32cube.ide.mcu.externaltools.gnu-tools-for-stm32.7-2018-q2-update.win32_1.0.0.201904181610/tools/bin/../lib/gcc/arm-none-eabi/7.3.1/../../../../arm-none-eabi/lib/thumb/v7e-m/fpv4-sp/hard\libc_nano.a(lib_a-findfp.o)
                0x00000000080082b8                __sf_fake_stderr
 .rodata.__sf_fake_stdin
                0x00000000080082d8       0x20 c:/st/stm32cubeide_1.3.0/stm32cubeide/plugins/com.st.stm32cube.ide.mcu.externaltools.gnu-tools-for-stm32.7-2018-q2-update.win32_1.0.0.201904181610/tools/bin/../lib/gcc/arm-none-eabi/7.3.1/../../../../arm-none-eabi/lib/thumb/v7e-m/fpv4-sp/hard\libc_nano.a(lib_a-findfp.o)
                0x00000000080082d8                __sf_fake_stdin
 .rodata.__sf_fake_stdout
                0x00000000080082f8       0x20 c:/st/stm32cubeide_1.3.0/stm32cubeide/plugins/com.st.stm32cube.ide.mcu.externaltools.gnu-tools-for-stm32.7-2018-q2-update.win32_1.0.0.201904181610/tools/bin/../lib/gcc/arm-none-eabi/7.3.1/../../../../arm-none-eabi/lib/thumb/v7e-m/fpv4-sp/hard\libc_nano.a(lib_a-findfp.o)
                0x00000000080082f8                __sf_fake_stdout
 .rodata._svfprintf_r.str1.1
                0x0000000008008318       0x11 c:/st/stm32cubeide_1.3.0/stm32cubeide/plugins/com.st.stm32cube.ide.mcu.externaltools.gnu-tools-for-stm32.7-2018-q2-update.win32_1.0.0.201904181610/tools/bin/../lib/gcc/arm-none-eabi/7.3.1/../../../../arm-none-eabi/lib/thumb/v7e-m/fpv4-sp/hard\libc_nano.a(lib_a-nano-svfprintf.o)
 .rodata._printf_i.str1.1
                0x0000000008008329       0x22 c:/st/stm32cubeide_1.3.0/stm32cubeide/plugins/com.st.stm32cube.ide.mcu.externaltools.gnu-tools-for-stm32.7-2018-q2-update.win32_1.0.0.201904181610/tools/bin/../lib/gcc/arm-none-eabi/7.3.1/../../../../arm-none-eabi/lib/thumb/v7e-m/fpv4-sp/hard\libc_nano.a(lib_a-nano-vfprintf_i.o)
                0x000000000800834c                . = ALIGN (0x4)
 *fill*         0x000000000800834b        0x1 

.ARM.extab      0x000000000800834c        0x0
                0x000000000800834c                . = ALIGN (0x4)
 *(.ARM.extab* .gnu.linkonce.armextab.*)
                0x000000000800834c                . = ALIGN (0x4)

.ARM            0x000000000800834c        0x8
                0x000000000800834c                . = ALIGN (0x4)
                0x000000000800834c                __exidx_start = .
 *(.ARM.exidx*)
 .ARM.exidx     0x000000000800834c        0x8 c:/st/stm32cubeide_1.3.0/stm32cubeide/plugins/com.st.stm32cube.ide.mcu.externaltools.gnu-tools-for-stm32.7-2018-q2-update.win32_1.0.0.201904181610/tools/bin/../lib/gcc/arm-none-eabi/7.3.1/thumb/v7e-m/fpv4-sp/hard\libgcc.a(_udivmoddi4.o)
                0x0000000008008354                __exidx_end = .
                0x0000000008008354                . = ALIGN (0x4)

.rel.dyn        0x0000000008008354        0x0
 .rel.iplt      0x0000000008008354        0x0 c:/st/stm32cubeide_1.3.0/stm32cubeide/plugins/com.st.stm32cube.ide.mcu.externaltools.gnu-tools-for-stm32.7-2018-q2-update.win32_1.0.0.201904181610/tools/bin/../lib/gcc/arm-none-eabi/7.3.1/thumb/v7e-m/fpv4-sp/hard/crtbegin.o

.preinit_array  0x0000000008008354        0x0
                0x0000000008008354                . = ALIGN (0x4)
                0x0000000008008354                PROVIDE (__preinit_array_start = .)
 *(.preinit_array*)
                0x0000000008008354                PROVIDE (__preinit_array_end = .)
                0x0000000008008354                . = ALIGN (0x4)

.init_array     0x0000000008008354        0x4
                0x0000000008008354                . = ALIGN (0x4)
                0x0000000008008354                PROVIDE (__init_array_start = .)
 *(SORT_BY_NAME(.init_array.*))
 *(.init_array*)
 .init_array    0x0000000008008354        0x4 c:/st/stm32cubeide_1.3.0/stm32cubeide/plugins/com.st.stm32cube.ide.mcu.externaltools.gnu-tools-for-stm32.7-2018-q2-update.win32_1.0.0.201904181610/tools/bin/../lib/gcc/arm-none-eabi/7.3.1/thumb/v7e-m/fpv4-sp/hard/crtbegin.o
                0x0000000008008358                PROVIDE (__init_array_end = .)
                0x0000000008008358                . = ALIGN (0x4)

.fini_array     0x0000000008008358        0x4
                0x0000000008008358                . = ALIGN (0x4)
                [!provide]                        PROVIDE (__fini_array_start = .)
 *(SORT_BY_NAME(.fini_array.*))
 *(.fini_array*)
 .fini_array    0x0000000008008358        0x4 c:/st/stm32cubeide_1.3.0/stm32cubeide/plugins/com.st.stm32cube.ide.mcu.externaltools.gnu-tools-for-stm32.7-2018-q2-update.win32_1.0.0.201904181610/tools/bin/../lib/gcc/arm-none-eabi/7.3.1/thumb/v7e-m/fpv4-sp/hard/crtbegin.o
                [!provide]                        PROVIDE (__fini_array_end = .)
                0x000000000800835c                . = ALIGN (0x4)
                0x000000000800835c                _sidata = LOADADDR (.data)

.data           0x0000000020000000       0x70 load address 0x000000000800835c
                0x0000000020000000                . = ALIGN (0x4)
                0x0000000020000000                _sdata = .
 *(.data)
 *(.data*)
 .data.SystemCoreClock
                0x0000000020000000        0x4 Core/Src/system_stm32f4xx.o
                0x0000000020000000                SystemCoreClock
 .data.uwTickPrio
                0x0000000020000004        0x4 Drivers/STM32F4xx_HAL_Driver/Src/stm32f4xx_hal.o
                0x0000000020000004                uwTickPrio
 .data.uwTickFreq
                0x0000000020000008        0x1 Drivers/STM32F4xx_HAL_Driver/Src/stm32f4xx_hal.o
                0x0000000020000008                uwTickFreq
 *fill*         0x0000000020000009        0x3 
 .data._impure_ptr
                0x000000002000000c        0x4 c:/st/stm32cubeide_1.3.0/stm32cubeide/plugins/com.st.stm32cube.ide.mcu.externaltools.gnu-tools-for-stm32.7-2018-q2-update.win32_1.0.0.201904181610/tools/bin/../lib/gcc/arm-none-eabi/7.3.1/../../../../arm-none-eabi/lib/thumb/v7e-m/fpv4-sp/hard\libc_nano.a(lib_a-impure.o)
                0x000000002000000c                _impure_ptr
 .data.impure_data
                0x0000000020000010       0x60 c:/st/stm32cubeide_1.3.0/stm32cubeide/plugins/com.st.stm32cube.ide.mcu.externaltools.gnu-tools-for-stm32.7-2018-q2-update.win32_1.0.0.201904181610/tools/bin/../lib/gcc/arm-none-eabi/7.3.1/../../../../arm-none-eabi/lib/thumb/v7e-m/fpv4-sp/hard\libc_nano.a(lib_a-impure.o)
                0x0000000020000070                . = ALIGN (0x4)
                0x0000000020000070                _edata = .

.igot.plt       0x0000000020000070        0x0 load address 0x00000000080083cc
 .igot.plt      0x0000000020000070        0x0 c:/st/stm32cubeide_1.3.0/stm32cubeide/plugins/com.st.stm32cube.ide.mcu.externaltools.gnu-tools-for-stm32.7-2018-q2-update.win32_1.0.0.201904181610/tools/bin/../lib/gcc/arm-none-eabi/7.3.1/thumb/v7e-m/fpv4-sp/hard/crtbegin.o
                0x0000000020000070                . = ALIGN (0x4)

.bss            0x0000000020000070      0x1fc load address 0x00000000080083cc
                0x0000000020000070                _sbss = .
                0x0000000020000070                __bss_start__ = _sbss
 *(.bss)
 .bss           0x0000000020000070       0x1c c:/st/stm32cubeide_1.3.0/stm32cubeide/plugins/com.st.stm32cube.ide.mcu.externaltools.gnu-tools-for-stm32.7-2018-q2-update.win32_1.0.0.201904181610/tools/bin/../lib/gcc/arm-none-eabi/7.3.1/thumb/v7e-m/fpv4-sp/hard/crtbegin.o
 *(.bss*)
 .bss.oldLeftEncoder
                0x000000002000008c        0x2 Core/Src/encoders.o
 .bss.oldRightEncoder
                0x000000002000008e        0x2 Core/Src/encoders.o
 .bss.leftEncoder
                0x0000000020000090        0x2 Core/Src/encoders.o
 .bss.rightEncoder
                0x0000000020000092        0x2 Core/Src/encoders.o
 .bss.heap_end.6424
                0x0000000020000094        0x4 Core/Src/sysmem.o
 .bss.__malloc_free_list
                0x0000000020000098        0x4 c:/st/stm32cubeide_1.3.0/stm32cubeide/plugins/com.st.stm32cube.ide.mcu.externaltools.gnu-tools-for-stm32.7-2018-q2-update.win32_1.0.0.201904181610/tools/bin/../lib/gcc/arm-none-eabi/7.3.1/../../../../arm-none-eabi/lib/thumb/v7e-m/fpv4-sp/hard\libc_nano.a(lib_a-nano-mallocr.o)
                0x0000000020000098                __malloc_free_list
 .bss.__malloc_sbrk_start
                0x000000002000009c        0x4 c:/st/stm32cubeide_1.3.0/stm32cubeide/plugins/com.st.stm32cube.ide.mcu.externaltools.gnu-tools-for-stm32.7-2018-q2-update.win32_1.0.0.201904181610/tools/bin/../lib/gcc/arm-none-eabi/7.3.1/../../../../arm-none-eabi/lib/thumb/v7e-m/fpv4-sp/hard\libc_nano.a(lib_a-nano-mallocr.o)
                0x000000002000009c                __malloc_sbrk_start
 *(COMMON)
 COMMON         0x00000000200000a0       0x44 Core/Src/VL53L0x.o
                0x00000000200000a0                dist_F
                0x00000000200000a4                dist_R
                0x00000000200000a8                ToF_FR
                0x00000000200000b0                dist_FL
                0x00000000200000b4                ToF_FL
                0x00000000200000bc                ToF
                0x00000000200000c4                ToF_F
                0x00000000200000cc                ToF_R
                0x00000000200000d4                dist_FR
                0x00000000200000d8                dist_L
                0x00000000200000dc                ToF_L
 COMMON         0x00000000200000e4       0x1e Core/Src/encoders.o
                0x00000000200000e4                rotCount
                0x00000000200000e8                fwdTotal
                0x00000000200000ec                fwdCount
                0x00000000200000f0                rotTotal
                0x00000000200000f4                leftCount
                0x00000000200000f8                rightTotal
                0x00000000200000fc                leftTotal
                0x0000000020000100                rightCount
 *fill*         0x0000000020000102        0x2 
 COMMON         0x0000000020000104       0x54 Core/Src/i2c.o
                0x0000000020000104                hi2c1
 COMMON         0x0000000020000158        0xc Core/Src/mpu6050.o
                0x0000000020000158                Acc_Scale
                0x000000002000015c                Gyr_Scale
                0x0000000020000160                i2c
 COMMON         0x0000000020000164       0xc0 Core/Src/tim.o
                0x0000000020000164                htim4
                0x00000000200001a4                htim3
                0x00000000200001e4                htim2
 COMMON         0x0000000020000224       0x40 Core/Src/usart.o
                0x0000000020000224                huart2
 COMMON         0x0000000020000264        0x4 Drivers/STM32F4xx_HAL_Driver/Src/stm32f4xx_hal.o
                0x0000000020000264                uwTick
 COMMON         0x0000000020000268        0x4 c:/st/stm32cubeide_1.3.0/stm32cubeide/plugins/com.st.stm32cube.ide.mcu.externaltools.gnu-tools-for-stm32.7-2018-q2-update.win32_1.0.0.201904181610/tools/bin/../lib/gcc/arm-none-eabi/7.3.1/../../../../arm-none-eabi/lib/thumb/v7e-m/fpv4-sp/hard\libc_nano.a(lib_a-reent.o)
                0x0000000020000268                errno
                0x000000002000026c                . = ALIGN (0x4)
                0x000000002000026c                _ebss = .
                0x000000002000026c                __bss_end__ = _ebss

._user_heap_stack
                0x000000002000026c      0x604 load address 0x00000000080083cc
                0x0000000020000270                . = ALIGN (0x8)
 *fill*         0x000000002000026c        0x4 
                0x0000000020000270                PROVIDE (end = .)
                [!provide]                        PROVIDE (_end = .)
                0x0000000020000470                . = (. + _Min_Heap_Size)
 *fill*         0x0000000020000270      0x200 
                0x0000000020000870                . = (. + _Min_Stack_Size)
 *fill*         0x0000000020000470      0x400 
                0x0000000020000870                . = ALIGN (0x8)

/DISCARD/
 libc.a(*)
 libm.a(*)
 libgcc.a(*)

.ARM.attributes
                0x0000000000000000       0x30
 *(.ARM.attributes)
 .ARM.attributes
                0x0000000000000000       0x22 c:/st/stm32cubeide_1.3.0/stm32cubeide/plugins/com.st.stm32cube.ide.mcu.externaltools.gnu-tools-for-stm32.7-2018-q2-update.win32_1.0.0.201904181610/tools/bin/../lib/gcc/arm-none-eabi/7.3.1/thumb/v7e-m/fpv4-sp/hard/crti.o
 .ARM.attributes
                0x0000000000000022       0x34 c:/st/stm32cubeide_1.3.0/stm32cubeide/plugins/com.st.stm32cube.ide.mcu.externaltools.gnu-tools-for-stm32.7-2018-q2-update.win32_1.0.0.201904181610/tools/bin/../lib/gcc/arm-none-eabi/7.3.1/thumb/v7e-m/fpv4-sp/hard/crtbegin.o
 .ARM.attributes
                0x0000000000000056       0x39 Core/Src/SoftwareCRC.o
 .ARM.attributes
                0x000000000000008f       0x39 Core/Src/VL53L0x.o
 .ARM.attributes
                0x00000000000000c8       0x39 Core/Src/encoders.o
 .ARM.attributes
                0x0000000000000101       0x39 Core/Src/gpio.o
 .ARM.attributes
                0x000000000000013a       0x39 Core/Src/i2c.o
 .ARM.attributes
                0x0000000000000173       0x39 Core/Src/main.o
 .ARM.attributes
                0x00000000000001ac       0x39 Core/Src/move.o
 .ARM.attributes
                0x00000000000001e5       0x39 Core/Src/mpu6050.o
 .ARM.attributes
                0x000000000000021e       0x39 Core/Src/stm32f4xx_hal_msp.o
 .ARM.attributes
                0x0000000000000257       0x39 Core/Src/stm32f4xx_it.o
 .ARM.attributes
                0x0000000000000290       0x39 Core/Src/syscalls.o
 .ARM.attributes
                0x00000000000002c9       0x39 Core/Src/sysmem.o
 .ARM.attributes
                0x0000000000000302       0x39 Core/Src/system_stm32f4xx.o
 .ARM.attributes
                0x000000000000033b       0x39 Core/Src/tim.o
 .ARM.attributes
                0x0000000000000374       0x39 Core/Src/usart.o
 .ARM.attributes
                0x00000000000003ad       0x21 Core/Startup/startup_stm32f411retx.o
 .ARM.attributes
                0x00000000000003ce       0x39 Drivers/STM32F4xx_HAL_Driver/Src/stm32f4xx_hal.o
 .ARM.attributes
                0x0000000000000407       0x39 Drivers/STM32F4xx_HAL_Driver/Src/stm32f4xx_hal_cortex.o
 .ARM.attributes
                0x0000000000000440       0x39 Drivers/STM32F4xx_HAL_Driver/Src/stm32f4xx_hal_gpio.o
 .ARM.attributes
                0x0000000000000479       0x39 Drivers/STM32F4xx_HAL_Driver/Src/stm32f4xx_hal_i2c.o
 .ARM.attributes
                0x00000000000004b2       0x39 Drivers/STM32F4xx_HAL_Driver/Src/stm32f4xx_hal_rcc.o
 .ARM.attributes
                0x00000000000004eb       0x39 Drivers/STM32F4xx_HAL_Driver/Src/stm32f4xx_hal_tim.o
 .ARM.attributes
                0x0000000000000524       0x39 Drivers/STM32F4xx_HAL_Driver/Src/stm32f4xx_hal_tim_ex.o
 .ARM.attributes
                0x000000000000055d       0x39 Drivers/STM32F4xx_HAL_Driver/Src/stm32f4xx_hal_uart.o
 .ARM.attributes
                0x0000000000000596       0x34 c:/st/stm32cubeide_1.3.0/stm32cubeide/plugins/com.st.stm32cube.ide.mcu.externaltools.gnu-tools-for-stm32.7-2018-q2-update.win32_1.0.0.201904181610/tools/bin/../lib/gcc/arm-none-eabi/7.3.1/../../../../arm-none-eabi/lib/thumb/v7e-m/fpv4-sp/hard\libc_nano.a(lib_a-errno.o)
 .ARM.attributes
                0x00000000000005ca       0x34 c:/st/stm32cubeide_1.3.0/stm32cubeide/plugins/com.st.stm32cube.ide.mcu.externaltools.gnu-tools-for-stm32.7-2018-q2-update.win32_1.0.0.201904181610/tools/bin/../lib/gcc/arm-none-eabi/7.3.1/../../../../arm-none-eabi/lib/thumb/v7e-m/fpv4-sp/hard\libc_nano.a(lib_a-impure.o)
 .ARM.attributes
                0x00000000000005fe       0x34 c:/st/stm32cubeide_1.3.0/stm32cubeide/plugins/com.st.stm32cube.ide.mcu.externaltools.gnu-tools-for-stm32.7-2018-q2-update.win32_1.0.0.201904181610/tools/bin/../lib/gcc/arm-none-eabi/7.3.1/../../../../arm-none-eabi/lib/thumb/v7e-m/fpv4-sp/hard\libc_nano.a(lib_a-init.o)
 .ARM.attributes
                0x0000000000000632       0x34 c:/st/stm32cubeide_1.3.0/stm32cubeide/plugins/com.st.stm32cube.ide.mcu.externaltools.gnu-tools-for-stm32.7-2018-q2-update.win32_1.0.0.201904181610/tools/bin/../lib/gcc/arm-none-eabi/7.3.1/../../../../arm-none-eabi/lib/thumb/v7e-m/fpv4-sp/hard\libc_nano.a(lib_a-memset.o)
 .ARM.attributes
                0x0000000000000666       0x34 c:/st/stm32cubeide_1.3.0/stm32cubeide/plugins/com.st.stm32cube.ide.mcu.externaltools.gnu-tools-for-stm32.7-2018-q2-update.win32_1.0.0.201904181610/tools/bin/../lib/gcc/arm-none-eabi/7.3.1/../../../../arm-none-eabi/lib/thumb/v7e-m/fpv4-sp/hard\libc_nano.a(lib_a-puts.o)
 .ARM.attributes
                0x000000000000069a       0x34 c:/st/stm32cubeide_1.3.0/stm32cubeide/plugins/com.st.stm32cube.ide.mcu.externaltools.gnu-tools-for-stm32.7-2018-q2-update.win32_1.0.0.201904181610/tools/bin/../lib/gcc/arm-none-eabi/7.3.1/../../../../arm-none-eabi/lib/thumb/v7e-m/fpv4-sp/hard\libc_nano.a(lib_a-sprintf.o)
 .ARM.attributes
                0x00000000000006ce       0x34 c:/st/stm32cubeide_1.3.0/stm32cubeide/plugins/com.st.stm32cube.ide.mcu.externaltools.gnu-tools-for-stm32.7-2018-q2-update.win32_1.0.0.201904181610/tools/bin/../lib/gcc/arm-none-eabi/7.3.1/../../../../arm-none-eabi/lib/thumb/v7e-m/fpv4-sp/hard\libc_nano.a(lib_a-wbuf.o)
 .ARM.attributes
                0x0000000000000702       0x34 c:/st/stm32cubeide_1.3.0/stm32cubeide/plugins/com.st.stm32cube.ide.mcu.externaltools.gnu-tools-for-stm32.7-2018-q2-update.win32_1.0.0.201904181610/tools/bin/../lib/gcc/arm-none-eabi/7.3.1/../../../../arm-none-eabi/lib/thumb/v7e-m/fpv4-sp/hard\libc_nano.a(lib_a-wsetup.o)
 .ARM.attributes
                0x0000000000000736       0x34 c:/st/stm32cubeide_1.3.0/stm32cubeide/plugins/com.st.stm32cube.ide.mcu.externaltools.gnu-tools-for-stm32.7-2018-q2-update.win32_1.0.0.201904181610/tools/bin/../lib/gcc/arm-none-eabi/7.3.1/../../../../arm-none-eabi/lib/thumb/v7e-m/fpv4-sp/hard\libc_nano.a(lib_a-fflush.o)
 .ARM.attributes
                0x000000000000076a       0x34 c:/st/stm32cubeide_1.3.0/stm32cubeide/plugins/com.st.stm32cube.ide.mcu.externaltools.gnu-tools-for-stm32.7-2018-q2-update.win32_1.0.0.201904181610/tools/bin/../lib/gcc/arm-none-eabi/7.3.1/../../../../arm-none-eabi/lib/thumb/v7e-m/fpv4-sp/hard\libc_nano.a(lib_a-findfp.o)
 .ARM.attributes
                0x000000000000079e       0x34 c:/st/stm32cubeide_1.3.0/stm32cubeide/plugins/com.st.stm32cube.ide.mcu.externaltools.gnu-tools-for-stm32.7-2018-q2-update.win32_1.0.0.201904181610/tools/bin/../lib/gcc/arm-none-eabi/7.3.1/../../../../arm-none-eabi/lib/thumb/v7e-m/fpv4-sp/hard\libc_nano.a(lib_a-fwalk.o)
 .ARM.attributes
                0x00000000000007d2       0x34 c:/st/stm32cubeide_1.3.0/stm32cubeide/plugins/com.st.stm32cube.ide.mcu.externaltools.gnu-tools-for-stm32.7-2018-q2-update.win32_1.0.0.201904181610/tools/bin/../lib/gcc/arm-none-eabi/7.3.1/../../../../arm-none-eabi/lib/thumb/v7e-m/fpv4-sp/hard\libc_nano.a(lib_a-makebuf.o)
 .ARM.attributes
                0x0000000000000806       0x34 c:/st/stm32cubeide_1.3.0/stm32cubeide/plugins/com.st.stm32cube.ide.mcu.externaltools.gnu-tools-for-stm32.7-2018-q2-update.win32_1.0.0.201904181610/tools/bin/../lib/gcc/arm-none-eabi/7.3.1/../../../../arm-none-eabi/lib/thumb/v7e-m/fpv4-sp/hard\libc_nano.a(lib_a-nano-freer.o)
 .ARM.attributes
                0x000000000000083a       0x34 c:/st/stm32cubeide_1.3.0/stm32cubeide/plugins/com.st.stm32cube.ide.mcu.externaltools.gnu-tools-for-stm32.7-2018-q2-update.win32_1.0.0.201904181610/tools/bin/../lib/gcc/arm-none-eabi/7.3.1/../../../../arm-none-eabi/lib/thumb/v7e-m/fpv4-sp/hard\libc_nano.a(lib_a-nano-mallocr.o)
 .ARM.attributes
                0x000000000000086e       0x34 c:/st/stm32cubeide_1.3.0/stm32cubeide/plugins/com.st.stm32cube.ide.mcu.externaltools.gnu-tools-for-stm32.7-2018-q2-update.win32_1.0.0.201904181610/tools/bin/../lib/gcc/arm-none-eabi/7.3.1/../../../../arm-none-eabi/lib/thumb/v7e-m/fpv4-sp/hard\libc_nano.a(lib_a-nano-svfprintf.o)
 .ARM.attributes
                0x00000000000008a2       0x34 c:/st/stm32cubeide_1.3.0/stm32cubeide/plugins/com.st.stm32cube.ide.mcu.externaltools.gnu-tools-for-stm32.7-2018-q2-update.win32_1.0.0.201904181610/tools/bin/../lib/gcc/arm-none-eabi/7.3.1/../../../../arm-none-eabi/lib/thumb/v7e-m/fpv4-sp/hard\libc_nano.a(lib_a-nano-vfprintf_i.o)
 .ARM.attributes
                0x00000000000008d6       0x34 c:/st/stm32cubeide_1.3.0/stm32cubeide/plugins/com.st.stm32cube.ide.mcu.externaltools.gnu-tools-for-stm32.7-2018-q2-update.win32_1.0.0.201904181610/tools/bin/../lib/gcc/arm-none-eabi/7.3.1/../../../../arm-none-eabi/lib/thumb/v7e-m/fpv4-sp/hard\libc_nano.a(lib_a-sbrkr.o)
 .ARM.attributes
                0x000000000000090a       0x34 c:/st/stm32cubeide_1.3.0/stm32cubeide/plugins/com.st.stm32cube.ide.mcu.externaltools.gnu-tools-for-stm32.7-2018-q2-update.win32_1.0.0.201904181610/tools/bin/../lib/gcc/arm-none-eabi/7.3.1/../../../../arm-none-eabi/lib/thumb/v7e-m/fpv4-sp/hard\libc_nano.a(lib_a-stdio.o)
 .ARM.attributes
                0x000000000000093e       0x34 c:/st/stm32cubeide_1.3.0/stm32cubeide/plugins/com.st.stm32cube.ide.mcu.externaltools.gnu-tools-for-stm32.7-2018-q2-update.win32_1.0.0.201904181610/tools/bin/../lib/gcc/arm-none-eabi/7.3.1/../../../../arm-none-eabi/lib/thumb/v7e-m/fpv4-sp/hard\libc_nano.a(lib_a-writer.o)
 .ARM.attributes
                0x0000000000000972       0x34 c:/st/stm32cubeide_1.3.0/stm32cubeide/plugins/com.st.stm32cube.ide.mcu.externaltools.gnu-tools-for-stm32.7-2018-q2-update.win32_1.0.0.201904181610/tools/bin/../lib/gcc/arm-none-eabi/7.3.1/../../../../arm-none-eabi/lib/thumb/v7e-m/fpv4-sp/hard\libc_nano.a(lib_a-closer.o)
 .ARM.attributes
                0x00000000000009a6       0x34 c:/st/stm32cubeide_1.3.0/stm32cubeide/plugins/com.st.stm32cube.ide.mcu.externaltools.gnu-tools-for-stm32.7-2018-q2-update.win32_1.0.0.201904181610/tools/bin/../lib/gcc/arm-none-eabi/7.3.1/../../../../arm-none-eabi/lib/thumb/v7e-m/fpv4-sp/hard\libc_nano.a(lib_a-fstatr.o)
 .ARM.attributes
                0x00000000000009da       0x34 c:/st/stm32cubeide_1.3.0/stm32cubeide/plugins/com.st.stm32cube.ide.mcu.externaltools.gnu-tools-for-stm32.7-2018-q2-update.win32_1.0.0.201904181610/tools/bin/../lib/gcc/arm-none-eabi/7.3.1/../../../../arm-none-eabi/lib/thumb/v7e-m/fpv4-sp/hard\libc_nano.a(lib_a-isattyr.o)
 .ARM.attributes
                0x0000000000000a0e       0x34 c:/st/stm32cubeide_1.3.0/stm32cubeide/plugins/com.st.stm32cube.ide.mcu.externaltools.gnu-tools-for-stm32.7-2018-q2-update.win32_1.0.0.201904181610/tools/bin/../lib/gcc/arm-none-eabi/7.3.1/../../../../arm-none-eabi/lib/thumb/v7e-m/fpv4-sp/hard\libc_nano.a(lib_a-lseekr.o)
 .ARM.attributes
                0x0000000000000a42       0x20 c:/st/stm32cubeide_1.3.0/stm32cubeide/plugins/com.st.stm32cube.ide.mcu.externaltools.gnu-tools-for-stm32.7-2018-q2-update.win32_1.0.0.201904181610/tools/bin/../lib/gcc/arm-none-eabi/7.3.1/../../../../arm-none-eabi/lib/thumb/v7e-m/fpv4-sp/hard\libc_nano.a(lib_a-memchr.o)
 .ARM.attributes
                0x0000000000000a62       0x34 c:/st/stm32cubeide_1.3.0/stm32cubeide/plugins/com.st.stm32cube.ide.mcu.externaltools.gnu-tools-for-stm32.7-2018-q2-update.win32_1.0.0.201904181610/tools/bin/../lib/gcc/arm-none-eabi/7.3.1/../../../../arm-none-eabi/lib/thumb/v7e-m/fpv4-sp/hard\libc_nano.a(lib_a-memcpy-stub.o)
 .ARM.attributes
                0x0000000000000a96       0x34 c:/st/stm32cubeide_1.3.0/stm32cubeide/plugins/com.st.stm32cube.ide.mcu.externaltools.gnu-tools-for-stm32.7-2018-q2-update.win32_1.0.0.201904181610/tools/bin/../lib/gcc/arm-none-eabi/7.3.1/../../../../arm-none-eabi/lib/thumb/v7e-m/fpv4-sp/hard\libc_nano.a(lib_a-memmove.o)
 .ARM.attributes
                0x0000000000000aca       0x34 c:/st/stm32cubeide_1.3.0/stm32cubeide/plugins/com.st.stm32cube.ide.mcu.externaltools.gnu-tools-for-stm32.7-2018-q2-update.win32_1.0.0.201904181610/tools/bin/../lib/gcc/arm-none-eabi/7.3.1/../../../../arm-none-eabi/lib/thumb/v7e-m/fpv4-sp/hard\libc_nano.a(lib_a-mlock.o)
 .ARM.attributes
                0x0000000000000afe       0x34 c:/st/stm32cubeide_1.3.0/stm32cubeide/plugins/com.st.stm32cube.ide.mcu.externaltools.gnu-tools-for-stm32.7-2018-q2-update.win32_1.0.0.201904181610/tools/bin/../lib/gcc/arm-none-eabi/7.3.1/../../../../arm-none-eabi/lib/thumb/v7e-m/fpv4-sp/hard\libc_nano.a(lib_a-nano-reallocr.o)
 .ARM.attributes
                0x0000000000000b32       0x34 c:/st/stm32cubeide_1.3.0/stm32cubeide/plugins/com.st.stm32cube.ide.mcu.externaltools.gnu-tools-for-stm32.7-2018-q2-update.win32_1.0.0.201904181610/tools/bin/../lib/gcc/arm-none-eabi/7.3.1/../../../../arm-none-eabi/lib/thumb/v7e-m/fpv4-sp/hard\libc_nano.a(lib_a-readr.o)
 .ARM.attributes
                0x0000000000000b66       0x34 c:/st/stm32cubeide_1.3.0/stm32cubeide/plugins/com.st.stm32cube.ide.mcu.externaltools.gnu-tools-for-stm32.7-2018-q2-update.win32_1.0.0.201904181610/tools/bin/../lib/gcc/arm-none-eabi/7.3.1/../../../../arm-none-eabi/lib/thumb/v7e-m/fpv4-sp/hard\libc_nano.a(lib_a-reent.o)
 .ARM.attributes
                0x0000000000000b9a       0x34 c:/st/stm32cubeide_1.3.0/stm32cubeide/plugins/com.st.stm32cube.ide.mcu.externaltools.gnu-tools-for-stm32.7-2018-q2-update.win32_1.0.0.201904181610/tools/bin/../lib/gcc/arm-none-eabi/7.3.1/../../../../arm-none-eabi/lib/thumb/v7e-m/fpv4-sp/hard\libc_nano.a(lib_a-nano-msizer.o)
 .ARM.attributes
                0x0000000000000bce       0x22 c:/st/stm32cubeide_1.3.0/stm32cubeide/plugins/com.st.stm32cube.ide.mcu.externaltools.gnu-tools-for-stm32.7-2018-q2-update.win32_1.0.0.201904181610/tools/bin/../lib/gcc/arm-none-eabi/7.3.1/thumb/v7e-m/fpv4-sp/hard\libgcc.a(_arm_addsubdf3.o)
 .ARM.attributes
                0x0000000000000bf0       0x22 c:/st/stm32cubeide_1.3.0/stm32cubeide/plugins/com.st.stm32cube.ide.mcu.externaltools.gnu-tools-for-stm32.7-2018-q2-update.win32_1.0.0.201904181610/tools/bin/../lib/gcc/arm-none-eabi/7.3.1/thumb/v7e-m/fpv4-sp/hard\libgcc.a(_arm_cmpdf2.o)
 .ARM.attributes
                0x0000000000000c12       0x22 c:/st/stm32cubeide_1.3.0/stm32cubeide/plugins/com.st.stm32cube.ide.mcu.externaltools.gnu-tools-for-stm32.7-2018-q2-update.win32_1.0.0.201904181610/tools/bin/../lib/gcc/arm-none-eabi/7.3.1/thumb/v7e-m/fpv4-sp/hard\libgcc.a(_arm_truncdfsf2.o)
 .ARM.attributes
                0x0000000000000c34       0x22 c:/st/stm32cubeide_1.3.0/stm32cubeide/plugins/com.st.stm32cube.ide.mcu.externaltools.gnu-tools-for-stm32.7-2018-q2-update.win32_1.0.0.201904181610/tools/bin/../lib/gcc/arm-none-eabi/7.3.1/thumb/v7e-m/fpv4-sp/hard\libgcc.a(_aeabi_uldivmod.o)
 .ARM.attributes
                0x0000000000000c56       0x34 c:/st/stm32cubeide_1.3.0/stm32cubeide/plugins/com.st.stm32cube.ide.mcu.externaltools.gnu-tools-for-stm32.7-2018-q2-update.win32_1.0.0.201904181610/tools/bin/../lib/gcc/arm-none-eabi/7.3.1/thumb/v7e-m/fpv4-sp/hard\libgcc.a(_udivmoddi4.o)
 .ARM.attributes
                0x0000000000000c8a       0x22 c:/st/stm32cubeide_1.3.0/stm32cubeide/plugins/com.st.stm32cube.ide.mcu.externaltools.gnu-tools-for-stm32.7-2018-q2-update.win32_1.0.0.201904181610/tools/bin/../lib/gcc/arm-none-eabi/7.3.1/thumb/v7e-m/fpv4-sp/hard\libgcc.a(_dvmd_tls.o)
 .ARM.attributes
                0x0000000000000cac       0x22 c:/st/stm32cubeide_1.3.0/stm32cubeide/plugins/com.st.stm32cube.ide.mcu.externaltools.gnu-tools-for-stm32.7-2018-q2-update.win32_1.0.0.201904181610/tools/bin/../lib/gcc/arm-none-eabi/7.3.1/thumb/v7e-m/fpv4-sp/hard/crtn.o
OUTPUT(HAL_micromouse.elf elf32-littlearm)

.debug_info     0x0000000000000000    0x13d11
 .debug_info    0x0000000000000000      0xab2 Core/Src/SoftwareCRC.o
 .debug_info    0x0000000000000ab2     0x12a9 Core/Src/VL53L0x.o
 .debug_info    0x0000000000001d5b      0x7a2 Core/Src/encoders.o
 .debug_info    0x00000000000024fd      0x4f2 Core/Src/gpio.o
 .debug_info    0x00000000000029ef      0xa0c Core/Src/i2c.o
 .debug_info    0x00000000000033fb     0x1acd Core/Src/main.o
 .debug_info    0x0000000000004ec8      0x929 Core/Src/move.o
 .debug_info    0x00000000000057f1     0x184a Core/Src/mpu6050.o
 .debug_info    0x000000000000703b      0x38c Core/Src/stm32f4xx_hal_msp.o
 .debug_info    0x00000000000073c7      0x20a Core/Src/stm32f4xx_it.o
 .debug_info    0x00000000000075d1      0xebd Core/Src/syscalls.o
 .debug_info    0x000000000000848e      0x91c Core/Src/sysmem.o
 .debug_info    0x0000000000008daa      0x57e Core/Src/system_stm32f4xx.o
 .debug_info    0x0000000000009328      0xcff Core/Src/tim.o
 .debug_info    0x000000000000a027      0x96c Core/Src/usart.o
 .debug_info    0x000000000000a993       0x22 Core/Startup/startup_stm32f411retx.o
 .debug_info    0x000000000000a9b5      0x8d5 Drivers/STM32F4xx_HAL_Driver/Src/stm32f4xx_hal.o
 .debug_info    0x000000000000b28a      0xd98 Drivers/STM32F4xx_HAL_Driver/Src/stm32f4xx_hal_cortex.o
 .debug_info    0x000000000000c022      0x7d7 Drivers/STM32F4xx_HAL_Driver/Src/stm32f4xx_hal_gpio.o
 .debug_info    0x000000000000c7f9     0x23ba Drivers/STM32F4xx_HAL_Driver/Src/stm32f4xx_hal_i2c.o
 .debug_info    0x000000000000ebb3      0x92a Drivers/STM32F4xx_HAL_Driver/Src/stm32f4xx_hal_rcc.o
 .debug_info    0x000000000000f4dd     0x24a1 Drivers/STM32F4xx_HAL_Driver/Src/stm32f4xx_hal_tim.o
 .debug_info    0x000000000001197e     0x114f Drivers/STM32F4xx_HAL_Driver/Src/stm32f4xx_hal_tim_ex.o
 .debug_info    0x0000000000012acd     0x1244 Drivers/STM32F4xx_HAL_Driver/Src/stm32f4xx_hal_uart.o

.debug_abbrev   0x0000000000000000     0x2cd2
 .debug_abbrev  0x0000000000000000      0x1f4 Core/Src/SoftwareCRC.o
 .debug_abbrev  0x00000000000001f4      0x29d Core/Src/VL53L0x.o
 .debug_abbrev  0x0000000000000491      0x1a9 Core/Src/encoders.o
 .debug_abbrev  0x000000000000063a      0x134 Core/Src/gpio.o
 .debug_abbrev  0x000000000000076e      0x199 Core/Src/i2c.o
 .debug_abbrev  0x0000000000000907      0x275 Core/Src/main.o
 .debug_abbrev  0x0000000000000b7c      0x1b0 Core/Src/move.o
 .debug_abbrev  0x0000000000000d2c      0x2de Core/Src/mpu6050.o
 .debug_abbrev  0x000000000000100a      0x109 Core/Src/stm32f4xx_hal_msp.o
 .debug_abbrev  0x0000000000001113       0xc6 Core/Src/stm32f4xx_it.o
 .debug_abbrev  0x00000000000011d9      0x261 Core/Src/syscalls.o
 .debug_abbrev  0x000000000000143a      0x1bb Core/Src/sysmem.o
 .debug_abbrev  0x00000000000015f5      0x12b Core/Src/system_stm32f4xx.o
 .debug_abbrev  0x0000000000001720      0x1ed Core/Src/tim.o
 .debug_abbrev  0x000000000000190d      0x199 Core/Src/usart.o
 .debug_abbrev  0x0000000000001aa6       0x12 Core/Startup/startup_stm32f411retx.o
 .debug_abbrev  0x0000000000001ab8      0x1f2 Drivers/STM32F4xx_HAL_Driver/Src/stm32f4xx_hal.o
 .debug_abbrev  0x0000000000001caa      0x2fa Drivers/STM32F4xx_HAL_Driver/Src/stm32f4xx_hal_cortex.o
 .debug_abbrev  0x0000000000001fa4      0x1c9 Drivers/STM32F4xx_HAL_Driver/Src/stm32f4xx_hal_gpio.o
 .debug_abbrev  0x000000000000216d      0x263 Drivers/STM32F4xx_HAL_Driver/Src/stm32f4xx_hal_i2c.o
 .debug_abbrev  0x00000000000023d0      0x245 Drivers/STM32F4xx_HAL_Driver/Src/stm32f4xx_hal_rcc.o
 .debug_abbrev  0x0000000000002615      0x23f Drivers/STM32F4xx_HAL_Driver/Src/stm32f4xx_hal_tim.o
 .debug_abbrev  0x0000000000002854      0x22d Drivers/STM32F4xx_HAL_Driver/Src/stm32f4xx_hal_tim_ex.o
 .debug_abbrev  0x0000000000002a81      0x251 Drivers/STM32F4xx_HAL_Driver/Src/stm32f4xx_hal_uart.o

.debug_aranges  0x0000000000000000     0x11f0
 .debug_aranges
                0x0000000000000000       0x28 Core/Src/SoftwareCRC.o
 .debug_aranges
                0x0000000000000028       0xe0 Core/Src/VL53L0x.o
 .debug_aranges
                0x0000000000000108       0x28 Core/Src/encoders.o
 .debug_aranges
                0x0000000000000130       0x20 Core/Src/gpio.o
 .debug_aranges
                0x0000000000000150       0x30 Core/Src/i2c.o
 .debug_aranges
                0x0000000000000180       0x38 Core/Src/main.o
 .debug_aranges
                0x00000000000001b8       0x50 Core/Src/move.o
 .debug_aranges
                0x0000000000000208      0x180 Core/Src/mpu6050.o
 .debug_aranges
                0x0000000000000388       0x20 Core/Src/stm32f4xx_hal_msp.o
 .debug_aranges
                0x00000000000003a8       0x60 Core/Src/stm32f4xx_it.o
 .debug_aranges
                0x0000000000000408       0xa8 Core/Src/syscalls.o
 .debug_aranges
                0x00000000000004b0       0x20 Core/Src/sysmem.o
 .debug_aranges
                0x00000000000004d0       0x28 Core/Src/system_stm32f4xx.o
 .debug_aranges
                0x00000000000004f8       0x58 Core/Src/tim.o
 .debug_aranges
                0x0000000000000550       0x30 Core/Src/usart.o
 .debug_aranges
                0x0000000000000580       0x28 Core/Startup/startup_stm32f411retx.o
 .debug_aranges
                0x00000000000005a8       0xf0 Drivers/STM32F4xx_HAL_Driver/Src/stm32f4xx_hal.o
 .debug_aranges
                0x0000000000000698      0x118 Drivers/STM32F4xx_HAL_Driver/Src/stm32f4xx_hal_cortex.o
 .debug_aranges
                0x00000000000007b0       0x58 Drivers/STM32F4xx_HAL_Driver/Src/stm32f4xx_hal_gpio.o
 .debug_aranges
                0x0000000000000808      0x298 Drivers/STM32F4xx_HAL_Driver/Src/stm32f4xx_hal_i2c.o
 .debug_aranges
                0x0000000000000aa0       0x88 Drivers/STM32F4xx_HAL_Driver/Src/stm32f4xx_hal_rcc.o
 .debug_aranges
                0x0000000000000b28      0x3a8 Drivers/STM32F4xx_HAL_Driver/Src/stm32f4xx_hal_tim.o
 .debug_aranges
                0x0000000000000ed0      0x150 Drivers/STM32F4xx_HAL_Driver/Src/stm32f4xx_hal_tim_ex.o
 .debug_aranges
                0x0000000000001020      0x1d0 Drivers/STM32F4xx_HAL_Driver/Src/stm32f4xx_hal_uart.o

.debug_ranges   0x0000000000000000     0x1098
 .debug_ranges  0x0000000000000000       0x18 Core/Src/SoftwareCRC.o
 .debug_ranges  0x0000000000000018       0xd0 Core/Src/VL53L0x.o
 .debug_ranges  0x00000000000000e8       0x18 Core/Src/encoders.o
 .debug_ranges  0x0000000000000100       0x10 Core/Src/gpio.o
 .debug_ranges  0x0000000000000110       0x20 Core/Src/i2c.o
 .debug_ranges  0x0000000000000130       0x28 Core/Src/main.o
 .debug_ranges  0x0000000000000158       0x40 Core/Src/move.o
 .debug_ranges  0x0000000000000198      0x170 Core/Src/mpu6050.o
 .debug_ranges  0x0000000000000308       0x10 Core/Src/stm32f4xx_hal_msp.o
 .debug_ranges  0x0000000000000318       0x50 Core/Src/stm32f4xx_it.o
 .debug_ranges  0x0000000000000368       0x98 Core/Src/syscalls.o
 .debug_ranges  0x0000000000000400       0x10 Core/Src/sysmem.o
 .debug_ranges  0x0000000000000410       0x18 Core/Src/system_stm32f4xx.o
 .debug_ranges  0x0000000000000428       0x48 Core/Src/tim.o
 .debug_ranges  0x0000000000000470       0x20 Core/Src/usart.o
 .debug_ranges  0x0000000000000490       0x20 Core/Startup/startup_stm32f411retx.o
 .debug_ranges  0x00000000000004b0       0xe0 Drivers/STM32F4xx_HAL_Driver/Src/stm32f4xx_hal.o
 .debug_ranges  0x0000000000000590      0x108 Drivers/STM32F4xx_HAL_Driver/Src/stm32f4xx_hal_cortex.o
 .debug_ranges  0x0000000000000698       0x48 Drivers/STM32F4xx_HAL_Driver/Src/stm32f4xx_hal_gpio.o
 .debug_ranges  0x00000000000006e0      0x2a8 Drivers/STM32F4xx_HAL_Driver/Src/stm32f4xx_hal_i2c.o
 .debug_ranges  0x0000000000000988       0x78 Drivers/STM32F4xx_HAL_Driver/Src/stm32f4xx_hal_rcc.o
 .debug_ranges  0x0000000000000a00      0x398 Drivers/STM32F4xx_HAL_Driver/Src/stm32f4xx_hal_tim.o
 .debug_ranges  0x0000000000000d98      0x140 Drivers/STM32F4xx_HAL_Driver/Src/stm32f4xx_hal_tim_ex.o
 .debug_ranges  0x0000000000000ed8      0x1c0 Drivers/STM32F4xx_HAL_Driver/Src/stm32f4xx_hal_uart.o

.debug_macro    0x0000000000000000    0x195d3
 .debug_macro   0x0000000000000000      0x347 Core/Src/SoftwareCRC.o
 .debug_macro   0x0000000000000347      0xa5a Core/Src/SoftwareCRC.o
 .debug_macro   0x0000000000000da1      0x190 Core/Src/SoftwareCRC.o
 .debug_macro   0x0000000000000f31       0x2e Core/Src/SoftwareCRC.o
 .debug_macro   0x0000000000000f5f       0x28 Core/Src/SoftwareCRC.o
 .debug_macro   0x0000000000000f87       0x22 Core/Src/SoftwareCRC.o
 .debug_macro   0x0000000000000fa9       0x8e Core/Src/SoftwareCRC.o
 .debug_macro   0x0000000000001037       0x51 Core/Src/SoftwareCRC.o
 .debug_macro   0x0000000000001088       0xef Core/Src/SoftwareCRC.o
 .debug_macro   0x0000000000001177       0x6a Core/Src/SoftwareCRC.o
 .debug_macro   0x00000000000011e1      0x1df Core/Src/SoftwareCRC.o
 .debug_macro   0x00000000000013c0       0x1c Core/Src/SoftwareCRC.o
 .debug_macro   0x00000000000013dc       0x22 Core/Src/SoftwareCRC.o
 .debug_macro   0x00000000000013fe       0xdf Core/Src/SoftwareCRC.o
 .debug_macro   0x00000000000014dd     0x102d Core/Src/SoftwareCRC.o
 .debug_macro   0x000000000000250a      0x11f Core/Src/SoftwareCRC.o
 .debug_macro   0x0000000000002629     0xb937 Core/Src/SoftwareCRC.o
 .debug_macro   0x000000000000df60       0x43 Core/Src/SoftwareCRC.o
 .debug_macro   0x000000000000dfa3     0x3659 Core/Src/SoftwareCRC.o
 .debug_macro   0x00000000000115fc      0x174 Core/Src/SoftwareCRC.o
 .debug_macro   0x0000000000011770       0x5a Core/Src/SoftwareCRC.o
 .debug_macro   0x00000000000117ca      0x447 Core/Src/SoftwareCRC.o
 .debug_macro   0x0000000000011c11      0x9fe Core/Src/SoftwareCRC.o
 .debug_macro   0x000000000001260f      0x15f Core/Src/SoftwareCRC.o
 .debug_macro   0x000000000001276e      0x117 Core/Src/SoftwareCRC.o
 .debug_macro   0x0000000000012885      0x11b Core/Src/SoftwareCRC.o
 .debug_macro   0x00000000000129a0       0x27 Core/Src/SoftwareCRC.o