Archive member included to satisfy reference by file (symbol)

c:/st/stm32cubeide_1.3.0/stm32cubeide/plugins/com.st.stm32cube.ide.mcu.externaltools.gnu-tools-for-stm32.7-2018-q2-update.win32_1.0.0.201904181610/tools/bin/../lib/gcc/arm-none-eabi/7.3.1/../../../../arm-none-eabi/lib/thumb/v7e-m/fpv4-sp/hard\libc_nano.a(lib_a-errno.o)
                              Core/Src/syscalls.o (__errno)
c:/st/stm32cubeide_1.3.0/stm32cubeide/plugins/com.st.stm32cube.ide.mcu.externaltools.gnu-tools-for-stm32.7-2018-q2-update.win32_1.0.0.201904181610/tools/bin/../lib/gcc/arm-none-eabi/7.3.1/../../../../arm-none-eabi/lib/thumb/v7e-m/fpv4-sp/hard\libc_nano.a(lib_a-exit.o)
                              c:/st/stm32cubeide_1.3.0/stm32cubeide/plugins/com.st.stm32cube.ide.mcu.externaltools.gnu-tools-for-stm32.7-2018-q2-update.win32_1.0.0.201904181610/tools/bin/../lib/gcc/arm-none-eabi/7.3.1/../../../../arm-none-eabi/lib/thumb/v7e-m/fpv4-sp/hard/crt0.o (exit)
c:/st/stm32cubeide_1.3.0/stm32cubeide/plugins/com.st.stm32cube.ide.mcu.externaltools.gnu-tools-for-stm32.7-2018-q2-update.win32_1.0.0.201904181610/tools/bin/../lib/gcc/arm-none-eabi/7.3.1/../../../../arm-none-eabi/lib/thumb/v7e-m/fpv4-sp/hard\libc_nano.a(lib_a-impure.o)
                              c:/st/stm32cubeide_1.3.0/stm32cubeide/plugins/com.st.stm32cube.ide.mcu.externaltools.gnu-tools-for-stm32.7-2018-q2-update.win32_1.0.0.201904181610/tools/bin/../lib/gcc/arm-none-eabi/7.3.1/../../../../arm-none-eabi/lib/thumb/v7e-m/fpv4-sp/hard\libc_nano.a(lib_a-exit.o) (_global_impure_ptr)
c:/st/stm32cubeide_1.3.0/stm32cubeide/plugins/com.st.stm32cube.ide.mcu.externaltools.gnu-tools-for-stm32.7-2018-q2-update.win32_1.0.0.201904181610/tools/bin/../lib/gcc/arm-none-eabi/7.3.1/../../../../arm-none-eabi/lib/thumb/v7e-m/fpv4-sp/hard\libc_nano.a(lib_a-init.o)
                              c:/st/stm32cubeide_1.3.0/stm32cubeide/plugins/com.st.stm32cube.ide.mcu.externaltools.gnu-tools-for-stm32.7-2018-q2-update.win32_1.0.0.201904181610/tools/bin/../lib/gcc/arm-none-eabi/7.3.1/../../../../arm-none-eabi/lib/thumb/v7e-m/fpv4-sp/hard/crt0.o (__libc_init_array)
c:/st/stm32cubeide_1.3.0/stm32cubeide/plugins/com.st.stm32cube.ide.mcu.externaltools.gnu-tools-for-stm32.7-2018-q2-update.win32_1.0.0.201904181610/tools/bin/../lib/gcc/arm-none-eabi/7.3.1/../../../../arm-none-eabi/lib/thumb/v7e-m/fpv4-sp/hard\libc_nano.a(lib_a-memset.o)
                              c:/st/stm32cubeide_1.3.0/stm32cubeide/plugins/com.st.stm32cube.ide.mcu.externaltools.gnu-tools-for-stm32.7-2018-q2-update.win32_1.0.0.201904181610/tools/bin/../lib/gcc/arm-none-eabi/7.3.1/../../../../arm-none-eabi/lib/thumb/v7e-m/fpv4-sp/hard/crt0.o (memset)
c:/st/stm32cubeide_1.3.0/stm32cubeide/plugins/com.st.stm32cube.ide.mcu.externaltools.gnu-tools-for-stm32.7-2018-q2-update.win32_1.0.0.201904181610/tools/bin/../lib/gcc/arm-none-eabi/7.3.1/../../../../arm-none-eabi/lib/thumb/v7e-m/fpv4-sp/hard\libm.a(lib_a-w_atan2.o)
                              Core/Src/mpu6050.o (atan2)
c:/st/stm32cubeide_1.3.0/stm32cubeide/plugins/com.st.stm32cube.ide.mcu.externaltools.gnu-tools-for-stm32.7-2018-q2-update.win32_1.0.0.201904181610/tools/bin/../lib/gcc/arm-none-eabi/7.3.1/../../../../arm-none-eabi/lib/thumb/v7e-m/fpv4-sp/hard\libm.a(lib_a-w_sqrt.o)
                              Core/Src/mpu6050.o (sqrt)
c:/st/stm32cubeide_1.3.0/stm32cubeide/plugins/com.st.stm32cube.ide.mcu.externaltools.gnu-tools-for-stm32.7-2018-q2-update.win32_1.0.0.201904181610/tools/bin/../lib/gcc/arm-none-eabi/7.3.1/../../../../arm-none-eabi/lib/thumb/v7e-m/fpv4-sp/hard\libm.a(lib_a-e_atan2.o)
                              c:/st/stm32cubeide_1.3.0/stm32cubeide/plugins/com.st.stm32cube.ide.mcu.externaltools.gnu-tools-for-stm32.7-2018-q2-update.win32_1.0.0.201904181610/tools/bin/../lib/gcc/arm-none-eabi/7.3.1/../../../../arm-none-eabi/lib/thumb/v7e-m/fpv4-sp/hard\libm.a(lib_a-w_atan2.o) (__ieee754_atan2)
c:/st/stm32cubeide_1.3.0/stm32cubeide/plugins/com.st.stm32cube.ide.mcu.externaltools.gnu-tools-for-stm32.7-2018-q2-update.win32_1.0.0.201904181610/tools/bin/../lib/gcc/arm-none-eabi/7.3.1/../../../../arm-none-eabi/lib/thumb/v7e-m/fpv4-sp/hard\libm.a(lib_a-e_sqrt.o)
                              c:/st/stm32cubeide_1.3.0/stm32cubeide/plugins/com.st.stm32cube.ide.mcu.externaltools.gnu-tools-for-stm32.7-2018-q2-update.win32_1.0.0.201904181610/tools/bin/../lib/gcc/arm-none-eabi/7.3.1/../../../../arm-none-eabi/lib/thumb/v7e-m/fpv4-sp/hard\libm.a(lib_a-w_sqrt.o) (__ieee754_sqrt)
c:/st/stm32cubeide_1.3.0/stm32cubeide/plugins/com.st.stm32cube.ide.mcu.externaltools.gnu-tools-for-stm32.7-2018-q2-update.win32_1.0.0.201904181610/tools/bin/../lib/gcc/arm-none-eabi/7.3.1/../../../../arm-none-eabi/lib/thumb/v7e-m/fpv4-sp/hard\libm.a(lib_a-s_atan.o)
[...]
Memory Configuration

Name             Origin             Length             Attributes
RAM              0x0000000020000000 0x0000000000020000 xrw
FLASH            0x0000000008000000 0x0000000000080000 xr
*default*        0x0000000000000000 0xffffffffffffffff

Linker script and memory map

LOAD c:/st/stm32cubeide_1.3.0/stm32cubeide/plugins/com.st.stm32cube.ide.mcu.externaltools.gnu-tools-for-stm32.7-2018-q2-update.win32_1.0.0.201904181610/tools/bin/../lib/gcc/arm-none-eabi/7.3.1/thumb/v7e-m/fpv4-sp/hard/crti.o
LOAD c:/st/stm32cubeide_1.3.0/stm32cubeide/plugins/com.st.stm32cube.ide.mcu.externaltools.gnu-tools-for-stm32.7-2018-q2-update.win32_1.0.0.201904181610/tools/bin/../lib/gcc/arm-none-eabi/7.3.1/thumb/v7e-m/fpv4-sp/hard/crtbegin.o
LOAD c:/st/stm32cubeide_1.3.0/stm32cubeide/plugins/com.st.stm32cube.ide.mcu.externaltools.gnu-tools-for-stm32.7-2018-q2-update.win32_1.0.0.201904181610/tools/bin/../lib/gcc/arm-none-eabi/7.3.1/../../../../arm-none-eabi/lib/thumb/v7e-m/fpv4-sp/hard/crt0.o
LOAD Core/Src/VL53L0x.o
LOAD Core/Src/encoders.o
LOAD Core/Src/gpio.o
LOAD Core/Src/i2c.o
LOAD Core/Src/main.o
LOAD Core/Src/move.o
LOAD Core/Src/mpu6050.o
LOAD Core/Src/stm32f4xx_hal_msp.o
LOAD Core/Src/stm32f4xx_it.o
LOAD Core/Src/syscalls.o
LOAD Core/Src/sysmem.o
LOAD Core/Src/system_stm32f4xx.o
LOAD Core/Src/tim.o
LOAD Core/Src/usart.o
LOAD Core/Startup/startup_stm32f411retx.o
LOAD Drivers/STM32F4xx_HAL_Driver/Src/stm32f4xx_hal.o
LOAD Drivers/STM32F4xx_HAL_Driver/Src/stm32f4xx_hal_cortex.o
LOAD Drivers/STM32F4xx_HAL_Driver/Src/stm32f4xx_hal_dma.o
LOAD Drivers/STM32F4xx_HAL_Driver/Src/stm32f4xx_hal_dma_ex.o
LOAD Drivers/STM32F4xx_HAL_Driver/Src/stm32f4xx_hal_exti.o
LOAD Drivers/STM32F4xx_HAL_Driver/Src/stm32f4xx_hal_flash.o
LOAD Drivers/STM32F4xx_HAL_Driver/Src/stm32f4xx_hal_flash_ex.o
LOAD Drivers/STM32F4xx_HAL_Driver/Src/stm32f4xx_hal_flash_ramfunc.o
LOAD Drivers/STM32F4xx_HAL_Driver/Src/stm32f4xx_hal_gpio.o
LOAD Drivers/STM32F4xx_HAL_Driver/Src/stm32f4xx_hal_i2c.o
LOAD Drivers/STM32F4xx_HAL_Driver/Src/stm32f4xx_hal_i2c_ex.o
LOAD Drivers/STM32F4xx_HAL_Driver/Src/stm32f4xx_hal_pwr.o
LOAD Drivers/STM32F4xx_HAL_Driver/Src/stm32f4xx_hal_pwr_ex.o
LOAD Drivers/STM32F4xx_HAL_Driver/Src/stm32f4xx_hal_rcc.o
LOAD Drivers/STM32F4xx_HAL_Driver/Src/stm32f4xx_hal_rcc_ex.o
LOAD Drivers/STM32F4xx_HAL_Driver/Src/stm32f4xx_hal_tim.o
LOAD Drivers/STM32F4xx_HAL_Driver/Src/stm32f4xx_hal_tim_ex.o
LOAD Drivers/STM32F4xx_HAL_Driver/Src/stm32f4xx_hal_uart.o
START GROUP
LOAD c:/st/stm32cubeide_1.3.0/stm32cubeide/plugins/com.st.stm32cube.ide.mcu.externaltools.gnu-tools-for-stm32.7-2018-q2-update.win32_1.0.0.201904181610/tools/bin/../lib/gcc/arm-none-eabi/7.3.1/../../../../arm-none-eabi/lib/thumb/v7e-m/fpv4-sp/hard\libc_nano.a
LOAD c:/st/stm32cubeide_1.3.0/stm32cubeide/plugins/com.st.stm32cube.ide.mcu.externaltools.gnu-tools-for-stm32.7-2018-q2-update.win32_1.0.0.201904181610/tools/bin/../lib/gcc/arm-none-eabi/7.3.1/../../../../arm-none-eabi/lib/thumb/v7e-m/fpv4-sp/hard\libm.a
END GROUP
START GROUP
LOAD c:/st/stm32cubeide_1.3.0/stm32cubeide/plugins/com.st.stm32cube.ide.mcu.externaltools.gnu-tools-for-stm32.7-2018-q2-update.win32_1.0.0.201904181610/tools/bin/../lib/gcc/arm-none-eabi/7.3.1/thumb/v7e-m/fpv4-sp/hard\libgcc.a
LOAD c:/st/stm32cubeide_1.3.0/stm32cubeide/plugins/com.st.stm32cube.ide.mcu.externaltools.gnu-tools-for-stm32.7-2018-q2-update.win32_1.0.0.201904181610/tools/bin/../lib/gcc/arm-none-eabi/7.3.1/../../../../arm-none-eabi/lib/thumb/v7e-m/fpv4-sp/hard\libc_nano.a
END GROUP
START GROUP
LOAD c:/st/stm32cubeide_1.3.0/stm32cubeide/plugins/com.st.stm32cube.ide.mcu.externaltools.gnu-tools-for-stm32.7-2018-q2-update.win32_1.0.0.201904181610/tools/bin/../lib/gcc/arm-none-eabi/7.3.1/thumb/v7e-m/fpv4-sp/hard\libgcc.a
LOAD c:/st/stm32cubeide_1.3.0/stm32cubeide/plugins/com.st.stm32cube.ide.mcu.externaltools.gnu-tools-for-stm32.7-2018-q2-update.win32_1.0.0.201904181610/tools/bin/../lib/gcc/arm-none-eabi/7.3.1/../../../../arm-none-eabi/lib/thumb/v7e-m/fpv4-sp/hard\libc_nano.a
LOAD c:/st/stm32cubeide_1.3.0/stm32cubeide/plugins/com.st.stm32cube.ide.mcu.externaltools.gnu-tools-for-stm32.7-2018-q2-update.win32_1.0.0.201904181610/tools/bin/../lib/gcc/arm-none-eabi/7.3.1/../../../../arm-none-eabi/lib/thumb/v7e-m/fpv4-sp/hard\libnosys.a
END GROUP
START GROUP
LOAD c:/st/stm32cubeide_1.3.0/stm32cubeide/plugins/com.st.stm32cube.ide.mcu.externaltools.gnu-tools-for-stm32.7-2018-q2-update.win32_1.0.0.201904181610/tools/bin/../lib/gcc/arm-none-eabi/7.3.1/thumb/v7e-m/fpv4-sp/hard\libgcc.a
LOAD c:/st/stm32cubeide_1.3.0/stm32cubeide/plugins/com.st.stm32cube.ide.mcu.externaltools.gnu-tools-for-stm32.7-2018-q2-update.win32_1.0.0.201904181610/tools/bin/../lib/gcc/arm-none-eabi/7.3.1/../../../../arm-none-eabi/lib/thumb/v7e-m/fpv4-sp/hard\libc_nano.a
LOAD c:/st/stm32cubeide_1.3.0/stm32cubeide/plugins/com.st.stm32cube.ide.mcu.externaltools.gnu-tools-for-stm32.7-2018-q2-update.win32_1.0.0.201904181610/tools/bin/../lib/gcc/arm-none-eabi/7.3.1/../../../../arm-none-eabi/lib/thumb/v7e-m/fpv4-sp/hard\libnosys.a
END GROUP
LOAD c:/st/stm32cubeide_1.3.0/stm32cubeide/plugins/com.st.stm32cube.ide.mcu.externaltools.gnu-tools-for-stm32.7-2018-q2-update.win32_1.0.0.201904181610/tools/bin/../lib/gcc/arm-none-eabi/7.3.1/thumb/v7e-m/fpv4-sp/hard/crtend.o
LOAD c:/st/stm32cubeide_1.3.0/stm32cubeide/plugins/com.st.stm32cube.ide.mcu.externaltools.gnu-tools-for-stm32.7-2018-q2-update.win32_1.0.0.201904181610/tools/bin/../lib/gcc/arm-none-eabi/7.3.1/thumb/v7e-m/fpv4-sp/hard/crtn.o
                0x0000000020020000                _estack = (ORIGIN (RAM) + LENGTH (RAM))
                0x0000000000000200                _Min_Heap_Size = 0x200
                0x0000000000000400                _Min_Stack_Size = 0x400

.isr_vector     0x0000000008000000      0x198
                0x0000000008000000                . = ALIGN (0x4)
 *(.isr_vector)
 .isr_vector    0x0000000008000000      0x198 Core/Startup/startup_stm32f411retx.o
                0x0000000008000000                g_pfnVectors
                0x0000000008000198                . = ALIGN (0x4)

.text           0x0000000008000198     0x5ecc
                0x0000000008000198                . = ALIGN (0x4)
 *(.text)
 .text          0x0000000008000198       0x40 c:/st/stm32cubeide_1.3.0/stm32cubeide/plugins/com.st.stm32cube.ide.mcu.externaltools.gnu-tools-for-stm32.7-2018-q2-update.win32_1.0.0.201904181610/tools/bin/../lib/gcc/arm-none-eabi/7.3.1/thumb/v7e-m/fpv4-sp/hard/crtbegin.o
 .text          0x00000000080001d8      0x378 c:/st/stm32cubeide_1.3.0/stm32cubeide/plugins/com.st.stm32cube.ide.mcu.externaltools.gnu-tools-for-stm32.7-2018-q2-update.win32_1.0.0.201904181610/tools/bin/../lib/gcc/arm-none-eabi/7.3.1/thumb/v7e-m/fpv4-sp/hard\libgcc.a(_arm_addsubdf3.o)
                0x00000000080001d8                __aeabi_drsub
                0x00000000080001e0                __aeabi_dsub
                0x00000000080001e0                __subdf3
                0x00000000080001e4                __aeabi_dadd
                0x00000000080001e4                __adddf3
                0x000000000800045c                __floatunsidf
                0x000000000800045c                __aeabi_ui2d
                0x000000000800047c                __floatsidf
                0x000000000800047c                __aeabi_i2d
                0x00000000080004a0                __aeabi_f2d
                0x00000000080004a0                __extendsfdf2
                0x00000000080004e4                __floatundidf
                0x00000000080004e4                __aeabi_ul2d
                0x00000000080004f4                __floatdidf
                0x00000000080004f4                __aeabi_l2d
 .text          0x0000000008000550      0x110 c:/st/stm32cubeide_1.3.0/stm32cubeide/plugins/com.st.stm32cube.ide.mcu.externaltools.gnu-tools-for-stm32.7-2018-q2-update.win32_1.0.0.201904181610/tools/bin/../lib/gcc/arm-none-eabi/7.3.1/thumb/v7e-m/fpv4-sp/hard\libgcc.a(_arm_cmpdf2.o)
                0x0000000008000550                __gtdf2
                0x0000000008000550                __gedf2
                0x0000000008000558                __ltdf2
                0x0000000008000558                __ledf2
                0x0000000008000560                __nedf2
                0x0000000008000560                __eqdf2
                0x0000000008000560                __cmpdf2
                0x00000000080005dc                __aeabi_cdrcmple
                0x00000000080005ec                __aeabi_cdcmpeq
                0x00000000080005ec                __aeabi_cdcmple
                0x00000000080005fc                __aeabi_dcmpeq
                0x0000000008000610                __aeabi_dcmplt
                0x0000000008000624                __aeabi_dcmple
                0x0000000008000638                __aeabi_dcmpge
                0x000000000800064c                __aeabi_dcmpgt
 .text          0x0000000008000660       0xa0 c:/st/stm32cubeide_1.3.0/stm32cubeide/plugins/com.st.stm32cube.ide.mcu.externaltools.gnu-tools-for-stm32.7-2018-q2-update.win32_1.0.0.201904181610/tools/bin/../lib/gcc/arm-none-eabi/7.3.1/thumb/v7e-m/fpv4-sp/hard\libgcc.a(_arm_truncdfsf2.o)
                0x0000000008000660                __truncdfsf2
                0x0000000008000660                __aeabi_d2f
 .text          0x0000000008000700       0x30 c:/st/stm32cubeide_1.3.0/stm32cubeide/plugins/com.st.stm32cube.ide.mcu.externaltools.gnu-tools-for-stm32.7-2018-q2-update.win32_1.0.0.201904181610/tools/bin/../lib/gcc/arm-none-eabi/7.3.1/thumb/v7e-m/fpv4-sp/hard\libgcc.a(_aeabi_uldivmod.o)
                0x0000000008000700                __aeabi_uldivmod
 .text          0x0000000008000730      0x2cc c:/st/stm32cubeide_1.3.0/stm32cubeide/plugins/com.st.stm32cube.ide.mcu.externaltools.gnu-tools-for-stm32.7-2018-q2-update.win32_1.0.0.201904181610/tools/bin/../lib/gcc/arm-none-eabi/7.3.1/thumb/v7e-m/fpv4-sp/hard\libgcc.a(_udivmoddi4.o)
                0x0000000008000730                __udivmoddi4
 .text          0x00000000080009fc        0x4 c:/st/stm32cubeide_1.3.0/stm32cubeide/plugins/com.st.stm32cube.ide.mcu.externaltools.gnu-tools-for-stm32.7-2018-q2-update.win32_1.0.0.201904181610/tools/bin/../lib/gcc/arm-none-eabi/7.3.1/thumb/v7e-m/fpv4-sp/hard\libgcc.a(_dvmd_tls.o)
                0x00000000080009fc                __aeabi_idiv0
                0x00000000080009fc                __aeabi_ldiv0
 *(.text*)
 .text.ToF_writeReg
                0x0000000008000a00       0x40 Core/Src/VL53L0x.o
                0x0000000008000a00                ToF_writeReg
 .text.ToF_writeReg16Bit
                0x0000000008000a40       0x4c Core/Src/VL53L0x.o
                0x0000000008000a40                ToF_writeReg16Bit
 .text.ToF_writeMulti
                0x0000000008000a8c       0x48 Core/Src/VL53L0x.o
                0x0000000008000a8c                ToF_writeMulti
 .text.ToF_readReg
                0x0000000008000ad4       0x44 Core/Src/VL53L0x.o
                0x0000000008000ad4                ToF_readReg
 .text.ToF_readReg16Bit
                0x0000000008000b18       0x50 Core/Src/VL53L0x.o
                0x0000000008000b18                ToF_readReg16Bit
 .text.ToF_readMulti
                0x0000000008000b68       0x48 Core/Src/VL53L0x.o
                0x0000000008000b68                ToF_readMulti
 .text.ToF_setSignalRateLimit
                0x0000000008000bb0       0x6c Core/Src/VL53L0x.o
                0x0000000008000bb0                ToF_setSignalRateLimit
 .text.ToF_getSpadInfo
                0x0000000008000c1c      0x118 Core/Src/VL53L0x.o
                0x0000000008000c1c                ToF_getSpadInfo
 .text.ToF_decodeTimeout
                0x0000000008000d34       0x2a Core/Src/VL53L0x.o
                0x0000000008000d34                ToF_decodeTimeout
 .text.ToF_encodeTimeout
                0x0000000008000d5e       0x5a Core/Src/VL53L0x.o
                0x0000000008000d5e                ToF_encodeTimeout
 .text.ToF_timeoutMclksToMicroseconds
                0x0000000008000db8       0x50 Core/Src/VL53L0x.o
                0x0000000008000db8                ToF_timeoutMclksToMicroseconds
 .text.ToF_timeoutMicrosecondsToMclks
                0x0000000008000e08       0x50 Core/Src/VL53L0x.o
                0x0000000008000e08                ToF_timeoutMicrosecondsToMclks
 .text.ToF_getSequenceStepEnables
                0x0000000008000e58       0x68 Core/Src/VL53L0x.o
                0x0000000008000e58                ToF_getSequenceStepEnables
 .text.ToF_getVcselPulsePeriod
                0x0000000008000ec0       0x4a Core/Src/VL53L0x.o
                0x0000000008000ec0                ToF_getVcselPulsePeriod
 .text.ToF_getSequenceStepTimeouts
                0x0000000008000f0a       0xdc Core/Src/VL53L0x.o
                0x0000000008000f0a                ToF_getSequenceStepTimeouts
 .text.ToF_getMeasurementTimingBudget
                0x0000000008000fe6       0xce Core/Src/VL53L0x.o
                0x0000000008000fe6                ToF_getMeasurementTimingBudget
 .text.ToF_setMeasurementTimingBudget
                0x00000000080010b4      0x136 Core/Src/VL53L0x.o
                0x00000000080010b4                ToF_setMeasurementTimingBudget
 .text.ToF_performSingleRefCalibration
                0x00000000080011ea       0x50 Core/Src/VL53L0x.o
                0x00000000080011ea                ToF_performSingleRefCalibration
 .text.ToF_init
                0x000000000800123a      0x544 Core/Src/VL53L0x.o
                0x000000000800123a                ToF_init
 .text.ToF_setAddress
                0x000000000800177e       0x2c Core/Src/VL53L0x.o
                0x000000000800177e                ToF_setAddress
 .text.ToF_startContinuous
                0x00000000080017aa       0x64 Core/Src/VL53L0x.o
                0x00000000080017aa                ToF_startContinuous
 *fill*         0x000000000800180e        0x2 
 .text.initMicromouseVL53L0x
                0x0000000008001810      0x1b0 Core/Src/VL53L0x.o
                0x0000000008001810                initMicromouseVL53L0x
 .text.encRead  0x00000000080019c0      0x124 Core/Src/encoders.o
                0x00000000080019c0                encRead
 .text.MX_GPIO_Init
                0x0000000008001ae4      0x128 Core/Src/gpio.o
                0x0000000008001ae4                MX_GPIO_Init
 .text.MX_I2C1_Init
                0x0000000008001c0c       0x5c Core/Src/i2c.o
                0x0000000008001c0c                MX_I2C1_Init
 .text.HAL_I2C_MspInit
                0x0000000008001c68       0x90 Core/Src/i2c.o
                0x0000000008001c68                HAL_I2C_MspInit
 .text.main     0x0000000008001cf8      0x110 Core/Src/main.o
                0x0000000008001cf8                main
 .text.SystemClock_Config
                0x0000000008001e08       0xd4 Core/Src/main.o
                0x0000000008001e08                SystemClock_Config
 .text.Error_Handler
                0x0000000008001edc        0xe Core/Src/main.o
                0x0000000008001edc                Error_Handler
 *fill*         0x0000000008001eea        0x2 
 .text.motorsInit
                0x0000000008001eec       0x1c Core/Src/move.o
                0x0000000008001eec                motorsInit
 .text.setMoveR
                0x0000000008001f08       0x58 Core/Src/move.o
                0x0000000008001f08                setMoveR
 .text.setMoveL
                0x0000000008001f60       0x58 Core/Src/move.o
                0x0000000008001f60                setMoveL
 .text.MPU6050_SetDlpf
                0x0000000008001fb8       0x70 Core/Src/mpu6050.o
                0x0000000008001fb8                MPU6050_SetDlpf
 .text.MPU6050_DeviceReset
                0x0000000008002028       0x6c Core/Src/mpu6050.o
                0x0000000008002028                MPU6050_DeviceReset
 .text.MPU6050_SetSleepEnabled
                0x0000000008002094       0x70 Core/Src/mpu6050.o
                0x0000000008002094                MPU6050_SetSleepEnabled
 .text.MPU6050_SetClockSource
                0x0000000008002104       0x70 Core/Src/mpu6050.o
                0x0000000008002104                MPU6050_SetClockSource
 .text.MPU6050_SetFullScaleGyroRange
                0x0000000008002174       0xc4 Core/Src/mpu6050.o
                0x0000000008002174                MPU6050_SetFullScaleGyroRange
 .text.MPU6050_SetFullScaleAccelRange
                0x0000000008002238       0xc4 Core/Src/mpu6050.o
                0x0000000008002238                MPU6050_SetFullScaleAccelRange
 .text.MPU6050_GetTemperatureRAW
                0x00000000080022fc       0x3c Core/Src/mpu6050.o
                0x00000000080022fc                MPU6050_GetTemperatureRAW
 .text.MPU6050_GetTemperatureCelsius
                0x0000000008002338       0x5c Core/Src/mpu6050.o
                0x0000000008002338                MPU6050_GetTemperatureCelsius
 .text.MPU6050_GetAccelerometerRAW
                0x0000000008002394       0x6c Core/Src/mpu6050.o
                0x0000000008002394                MPU6050_GetAccelerometerRAW
 .text.MPU6050_GetAccelerometerScaled
                0x0000000008002400       0x80 Core/Src/mpu6050.o
                0x0000000008002400                MPU6050_GetAccelerometerScaled
 .text.MPU6050_GetGyroscopeRAW
                0x0000000008002480       0x6c Core/Src/mpu6050.o
                0x0000000008002480                MPU6050_GetGyroscopeRAW
 .text.MPU6050_GetGyroscopeScaled
                0x00000000080024ec       0x80 Core/Src/mpu6050.o
                0x00000000080024ec                MPU6050_GetGyroscopeScaled
 .text.MPU6050_SetInterruptMode
                0x000000000800256c       0x6c Core/Src/mpu6050.o
                0x000000000800256c                MPU6050_SetInterruptMode
 .text.MPU6050_SetInterruptDrive
                0x00000000080025d8       0x70 Core/Src/mpu6050.o
                0x00000000080025d8                MPU6050_SetInterruptDrive
 .text.MPU6050_SetInterruptLatch
                0x0000000008002648       0x70 Core/Src/mpu6050.o
                0x0000000008002648                MPU6050_SetInterruptLatch
 .text.MPU6050_SetInterruptLatchClear
                0x00000000080026b8       0x70 Core/Src/mpu6050.o
                0x00000000080026b8                MPU6050_SetInterruptLatchClear
 .text.MPU6050_SetIntEnableRegister
                0x0000000008002728       0x30 Core/Src/mpu6050.o
                0x0000000008002728                MPU6050_SetIntEnableRegister
 .text.MPU6050_Init
                0x0000000008002758       0x40 Core/Src/mpu6050.o
                0x0000000008002758                MPU6050_Init
 .text.HAL_MspInit
                0x0000000008002798       0x50 Core/Src/stm32f4xx_hal_msp.o
                0x0000000008002798                HAL_MspInit
 .text.NMI_Handler
                0x00000000080027e8        0xe Core/Src/stm32f4xx_it.o
                0x00000000080027e8                NMI_Handler
 .text.HardFault_Handler
                0x00000000080027f6        0x6 Core/Src/stm32f4xx_it.o
                0x00000000080027f6                HardFault_Handler
 .text.MemManage_Handler
                0x00000000080027fc        0x6 Core/Src/stm32f4xx_it.o
                0x00000000080027fc                MemManage_Handler
 .text.BusFault_Handler
                0x0000000008002802        0x6 Core/Src/stm32f4xx_it.o
                0x0000000008002802                BusFault_Handler
 .text.UsageFault_Handler
                0x0000000008002808        0x6 Core/Src/stm32f4xx_it.o
                0x0000000008002808                UsageFault_Handler
 .text.SVC_Handler
                0x000000000800280e        0xe Core/Src/stm32f4xx_it.o
                0x000000000800280e                SVC_Handler
 .text.DebugMon_Handler
                0x000000000800281c        0xe Core/Src/stm32f4xx_it.o
                0x000000000800281c                DebugMon_Handler
 .text.PendSV_Handler
                0x000000000800282a        0xe Core/Src/stm32f4xx_it.o
                0x000000000800282a                PendSV_Handler
 .text.SysTick_Handler
                0x0000000008002838        0xc Core/Src/stm32f4xx_it.o
                0x0000000008002838                SysTick_Handler
 .text.SystemInit
                0x0000000008002844       0x2c Core/Src/system_stm32f4xx.o
                0x0000000008002844                SystemInit
 .text.MX_TIM2_Init
                0x0000000008002870       0xa8 Core/Src/tim.o
                0x0000000008002870                MX_TIM2_Init
 .text.MX_TIM3_Init
                0x0000000008002918      0x104 Core/Src/tim.o
                0x0000000008002918                MX_TIM3_Init
 .text.MX_TIM4_Init
                0x0000000008002a1c       0xa8 Core/Src/tim.o
                0x0000000008002a1c                MX_TIM4_Init
 .text.HAL_TIM_Encoder_MspInit
                0x0000000008002ac4      0x134 Core/Src/tim.o
                0x0000000008002ac4                HAL_TIM_Encoder_MspInit
 .text.HAL_TIM_Base_MspInit
                0x0000000008002bf8       0x44 Core/Src/tim.o
                0x0000000008002bf8                HAL_TIM_Base_MspInit
 .text.HAL_TIM_MspPostInit
                0x0000000008002c3c       0x74 Core/Src/tim.o
                0x0000000008002c3c                HAL_TIM_MspPostInit
 .text.MX_USART2_UART_Init
                0x0000000008002cb0       0x54 Core/Src/usart.o
                0x0000000008002cb0                MX_USART2_UART_Init
 .text.HAL_UART_MspInit
                0x0000000008002d04       0x90 Core/Src/usart.o
                0x0000000008002d04                HAL_UART_MspInit
 .text.Reset_Handler
                0x0000000008002d94       0x50 Core/Startup/startup_stm32f411retx.o
                0x0000000008002d94                Reset_Handler
 .text.Default_Handler
                0x0000000008002de4        0x2 Core/Startup/startup_stm32f411retx.o
                0x0000000008002de4                RTC_Alarm_IRQHandler
                0x0000000008002de4                EXTI2_IRQHandler
                0x0000000008002de4                SPI4_IRQHandler
                0x0000000008002de4                TIM1_CC_IRQHandler
                0x0000000008002de4                DMA2_Stream5_IRQHandler
                0x0000000008002de4                DMA1_Stream5_IRQHandler
                0x0000000008002de4                PVD_IRQHandler
                0x0000000008002de4                SDIO_IRQHandler
                0x0000000008002de4                TAMP_STAMP_IRQHandler
                0x0000000008002de4                EXTI3_IRQHandler
                0x0000000008002de4                TIM1_UP_TIM10_IRQHandler
                0x0000000008002de4                I2C3_ER_IRQHandler
                0x0000000008002de4                EXTI0_IRQHandler
                0x0000000008002de4                I2C2_EV_IRQHandler
                0x0000000008002de4                DMA1_Stream2_IRQHandler
                0x0000000008002de4                FPU_IRQHandler
                0x0000000008002de4                DMA2_Stream2_IRQHandler
                0x0000000008002de4                SPI1_IRQHandler
                0x0000000008002de4                TIM1_BRK_TIM9_IRQHandler
                0x0000000008002de4                DMA2_Stream3_IRQHandler
                0x0000000008002de4                USART6_IRQHandler
                0x0000000008002de4                DMA2_Stream0_IRQHandler
                0x0000000008002de4                TIM4_IRQHandler
                0x0000000008002de4                I2C1_EV_IRQHandler
                0x0000000008002de4                DMA1_Stream6_IRQHandler
                0x0000000008002de4                DMA1_Stream1_IRQHandler
                0x0000000008002de4                TIM3_IRQHandler
                0x0000000008002de4                RCC_IRQHandler
                0x0000000008002de4                Default_Handler
                0x0000000008002de4                EXTI15_10_IRQHandler
                0x0000000008002de4                ADC_IRQHandler
                0x0000000008002de4                DMA1_Stream7_IRQHandler
                0x0000000008002de4                SPI5_IRQHandler
                0x0000000008002de4                TIM5_IRQHandler
                0x0000000008002de4                DMA2_Stream7_IRQHandler
                0x0000000008002de4                I2C3_EV_IRQHandler
                0x0000000008002de4                EXTI9_5_IRQHandler
                0x0000000008002de4                RTC_WKUP_IRQHandler
                0x0000000008002de4                SPI2_IRQHandler
                0x0000000008002de4                DMA1_Stream0_IRQHandler
                0x0000000008002de4                EXTI4_IRQHandler
                0x0000000008002de4                WWDG_IRQHandler
                0x0000000008002de4                TIM2_IRQHandler
                0x0000000008002de4                OTG_FS_WKUP_IRQHandler
                0x0000000008002de4                TIM1_TRG_COM_TIM11_IRQHandler
                0x0000000008002de4                EXTI1_IRQHandler
                0x0000000008002de4                USART2_IRQHandler
                0x0000000008002de4                I2C2_ER_IRQHandler
                0x0000000008002de4                DMA2_Stream1_IRQHandler
                0x0000000008002de4                FLASH_IRQHandler
                0x0000000008002de4                DMA2_Stream4_IRQHandler
                0x0000000008002de4                USART1_IRQHandler
                0x0000000008002de4                OTG_FS_IRQHandler
                0x0000000008002de4                SPI3_IRQHandler
                0x0000000008002de4                DMA1_Stream4_IRQHandler
                0x0000000008002de4                I2C1_ER_IRQHandler
                0x0000000008002de4                DMA2_Stream6_IRQHandler
                0x0000000008002de4                DMA1_Stream3_IRQHandler
 *fill*         0x0000000008002de6        0x2 
 .text.HAL_Init
                0x0000000008002de8       0x44 Drivers/STM32F4xx_HAL_Driver/Src/stm32f4xx_hal.o
                0x0000000008002de8                HAL_Init
 .text.HAL_InitTick
                0x0000000008002e2c       0x60 Drivers/STM32F4xx_HAL_Driver/Src/stm32f4xx_hal.o
                0x0000000008002e2c                HAL_InitTick
 .text.HAL_IncTick
                0x0000000008002e8c       0x28 Drivers/STM32F4xx_HAL_Driver/Src/stm32f4xx_hal.o
                0x0000000008002e8c                HAL_IncTick
 .text.HAL_GetTick
                0x0000000008002eb4       0x18 Drivers/STM32F4xx_HAL_Driver/Src/stm32f4xx_hal.o
                0x0000000008002eb4                HAL_GetTick
 .text.HAL_Delay
                0x0000000008002ecc       0x44 Drivers/STM32F4xx_HAL_Driver/Src/stm32f4xx_hal.o
                0x0000000008002ecc                HAL_Delay
 .text.__NVIC_SetPriorityGrouping
                0x0000000008002f10       0x48 Drivers/STM32F4xx_HAL_Driver/Src/stm32f4xx_hal_cortex.o
 .text.__NVIC_GetPriorityGrouping
                0x0000000008002f58       0x1c Drivers/STM32F4xx_HAL_Driver/Src/stm32f4xx_hal_cortex.o
 .text.__NVIC_SetPriority
                0x0000000008002f74       0x54 Drivers/STM32F4xx_HAL_Driver/Src/stm32f4xx_hal_cortex.o
 .text.NVIC_EncodePriority
                0x0000000008002fc8       0x66 Drivers/STM32F4xx_HAL_Driver/Src/stm32f4xx_hal_cortex.o
 *fill*         0x000000000800302e        0x2 
 .text.SysTick_Config
                0x0000000008003030       0x44 Drivers/STM32F4xx_HAL_Driver/Src/stm32f4xx_hal_cortex.o
 .text.HAL_NVIC_SetPriorityGrouping
                0x0000000008003074       0x16 Drivers/STM32F4xx_HAL_Driver/Src/stm32f4xx_hal_cortex.o
                0x0000000008003074                HAL_NVIC_SetPriorityGrouping
 .text.HAL_NVIC_SetPriority
                0x000000000800308a       0x38 Drivers/STM32F4xx_HAL_Driver/Src/stm32f4xx_hal_cortex.o
                0x000000000800308a                HAL_NVIC_SetPriority
 .text.HAL_SYSTICK_Config
                0x00000000080030c2       0x18 Drivers/STM32F4xx_HAL_Driver/Src/stm32f4xx_hal_cortex.o
                0x00000000080030c2                HAL_SYSTICK_Config
 *fill*         0x00000000080030da        0x2 
 .text.HAL_GPIO_Init
                0x00000000080030dc      0x304 Drivers/STM32F4xx_HAL_Driver/Src/stm32f4xx_hal_gpio.o
                0x00000000080030dc                HAL_GPIO_Init
 .text.HAL_GPIO_WritePin
                0x00000000080033e0       0x32 Drivers/STM32F4xx_HAL_Driver/Src/stm32f4xx_hal_gpio.o
                0x00000000080033e0                HAL_GPIO_WritePin
 *fill*         0x0000000008003412        0x2 
 .text.HAL_I2C_Init
                0x0000000008003414      0x270 Drivers/STM32F4xx_HAL_Driver/Src/stm32f4xx_hal_i2c.o
                0x0000000008003414                HAL_I2C_Init
 .text.HAL_I2C_Mem_Write
                0x0000000008003684      0x1f4 Drivers/STM32F4xx_HAL_Driver/Src/stm32f4xx_hal_i2c.o
                0x0000000008003684                HAL_I2C_Mem_Write
 .text.HAL_I2C_Mem_Read
                0x0000000008003878      0x44c Drivers/STM32F4xx_HAL_Driver/Src/stm32f4xx_hal_i2c.o
                0x0000000008003878                HAL_I2C_Mem_Read
 .text.I2C_RequestMemoryWrite
                0x0000000008003cc4      0x128 Drivers/STM32F4xx_HAL_Driver/Src/stm32f4xx_hal_i2c.o
 .text.I2C_RequestMemoryRead
                0x0000000008003dec      0x1cc Drivers/STM32F4xx_HAL_Driver/Src/stm32f4xx_hal_i2c.o
 .text.I2C_WaitOnFlagUntilTimeout
                0x0000000008003fb8       0xae Drivers/STM32F4xx_HAL_Driver/Src/stm32f4xx_hal_i2c.o
 .text.I2C_WaitOnMasterAddressFlagUntilTimeout
                0x0000000008004066       0xfe Drivers/STM32F4xx_HAL_Driver/Src/stm32f4xx_hal_i2c.o
 .text.I2C_WaitOnTXEFlagUntilTimeout
                0x0000000008004164       0x82 Drivers/STM32F4xx_HAL_Driver/Src/stm32f4xx_hal_i2c.o
 .text.I2C_WaitOnBTFFlagUntilTimeout
                0x00000000080041e6       0x82 Drivers/STM32F4xx_HAL_Driver/Src/stm32f4xx_hal_i2c.o
 .text.I2C_WaitOnRXNEFlagUntilTimeout
                0x0000000008004268       0xac Drivers/STM32F4xx_HAL_Driver/Src/stm32f4xx_hal_i2c.o
 .text.I2C_IsAcknowledgeFailed
                0x0000000008004314       0x5e Drivers/STM32F4xx_HAL_Driver/Src/stm32f4xx_hal_i2c.o
 *fill*         0x0000000008004372        0x2 
 .text.HAL_RCC_OscConfig
                0x0000000008004374      0x4e0 Drivers/STM32F4xx_HAL_Driver/Src/stm32f4xx_hal_rcc.o
                0x0000000008004374                HAL_RCC_OscConfig
 .text.HAL_RCC_ClockConfig
                0x0000000008004854      0x1cc Drivers/STM32F4xx_HAL_Driver/Src/stm32f4xx_hal_rcc.o
                0x0000000008004854                HAL_RCC_ClockConfig
 .text.HAL_RCC_GetSysClockFreq
                0x0000000008004a20      0x1b0 Drivers/STM32F4xx_HAL_Driver/Src/stm32f4xx_hal_rcc.o
                0x0000000008004a20                HAL_RCC_GetSysClockFreq
 .text.HAL_RCC_GetHCLKFreq
                0x0000000008004bd0       0x18 Drivers/STM32F4xx_HAL_Driver/Src/stm32f4xx_hal_rcc.o
                0x0000000008004bd0                HAL_RCC_GetHCLKFreq
 .text.HAL_RCC_GetPCLK1Freq
                0x0000000008004be8       0x28 Drivers/STM32F4xx_HAL_Driver/Src/stm32f4xx_hal_rcc.o
                0x0000000008004be8                HAL_RCC_GetPCLK1Freq
 .text.HAL_RCC_GetPCLK2Freq
                0x0000000008004c10       0x28 Drivers/STM32F4xx_HAL_Driver/Src/stm32f4xx_hal_rcc.o
                0x0000000008004c10                HAL_RCC_GetPCLK2Freq
 .text.HAL_TIM_Base_Init
                0x0000000008004c38       0x56 Drivers/STM32F4xx_HAL_Driver/Src/stm32f4xx_hal_tim.o
                0x0000000008004c38                HAL_TIM_Base_Init
 .text.HAL_TIM_PWM_Init
                0x0000000008004c8e       0x56 Drivers/STM32F4xx_HAL_Driver/Src/stm32f4xx_hal_tim.o
                0x0000000008004c8e                HAL_TIM_PWM_Init
 .text.HAL_TIM_PWM_MspInit
                0x0000000008004ce4       0x14 Drivers/STM32F4xx_HAL_Driver/Src/stm32f4xx_hal_tim.o
                0x0000000008004ce4                HAL_TIM_PWM_MspInit
 .text.HAL_TIM_PWM_Start
                0x0000000008004cf8       0x64 Drivers/STM32F4xx_HAL_Driver/Src/stm32f4xx_hal_tim.o
                0x0000000008004cf8                HAL_TIM_PWM_Start
 .text.HAL_TIM_Encoder_Init
                0x0000000008004d5c      0x124 Drivers/STM32F4xx_HAL_Driver/Src/stm32f4xx_hal_tim.o
                0x0000000008004d5c                HAL_TIM_Encoder_Init
 .text.HAL_TIM_Encoder_Start
                0x0000000008004e80       0x6e Drivers/STM32F4xx_HAL_Driver/Src/stm32f4xx_hal_tim.o
                0x0000000008004e80                HAL_TIM_Encoder_Start
 *fill*         0x0000000008004eee        0x2 
 .text.HAL_TIM_PWM_ConfigChannel
                0x0000000008004ef0      0x18c Drivers/STM32F4xx_HAL_Driver/Src/stm32f4xx_hal_tim.o
                0x0000000008004ef0                HAL_TIM_PWM_ConfigChannel
 .text.HAL_TIM_ConfigClockSource
                0x000000000800507c      0x16e Drivers/STM32F4xx_HAL_Driver/Src/stm32f4xx_hal_tim.o
                0x000000000800507c                HAL_TIM_ConfigClockSource
 *fill*         0x00000000080051ea        0x2 
 .text.TIM_Base_SetConfig
                0x00000000080051ec      0x100 Drivers/STM32F4xx_HAL_Driver/Src/stm32f4xx_hal_tim.o
                0x00000000080051ec                TIM_Base_SetConfig
 .text.TIM_OC1_SetConfig
                0x00000000080052ec       0xcc Drivers/STM32F4xx_HAL_Driver/Src/stm32f4xx_hal_tim.o
 .text.TIM_OC2_SetConfig
                0x00000000080053b8       0xd8 Drivers/STM32F4xx_HAL_Driver/Src/stm32f4xx_hal_tim.o
                0x00000000080053b8                TIM_OC2_SetConfig
 .text.TIM_OC3_SetConfig
                0x0000000008005490       0xd4 Drivers/STM32F4xx_HAL_Driver/Src/stm32f4xx_hal_tim.o
 .text.TIM_OC4_SetConfig
                0x0000000008005564       0xa0 Drivers/STM32F4xx_HAL_Driver/Src/stm32f4xx_hal_tim.o
 .text.TIM_TI1_ConfigInputStage
                0x0000000008005604       0x5e Drivers/STM32F4xx_HAL_Driver/Src/stm32f4xx_hal_tim.o
 .text.TIM_TI2_ConfigInputStage
                0x0000000008005662       0x60 Drivers/STM32F4xx_HAL_Driver/Src/stm32f4xx_hal_tim.o
 .text.TIM_ITRx_SetConfig
                0x00000000080056c2       0x36 Drivers/STM32F4xx_HAL_Driver/Src/stm32f4xx_hal_tim.o
 .text.TIM_ETR_SetConfig
                0x00000000080056f8       0x40 Drivers/STM32F4xx_HAL_Driver/Src/stm32f4xx_hal_tim.o
                0x00000000080056f8                TIM_ETR_SetConfig
 .text.TIM_CCxChannelCmd
                0x0000000008005738       0x4a Drivers/STM32F4xx_HAL_Driver/Src/stm32f4xx_hal_tim.o
                0x0000000008005738                TIM_CCxChannelCmd
 *fill*         0x0000000008005782        0x2 
 .text.HAL_TIMEx_MasterConfigSynchronization
                0x0000000008005784       0xdc Drivers/STM32F4xx_HAL_Driver/Src/stm32f4xx_hal_tim_ex.o
                0x0000000008005784                HAL_TIMEx_MasterConfigSynchronization
 .text.HAL_UART_Init
                0x0000000008005860       0x9a Drivers/STM32F4xx_HAL_Driver/Src/stm32f4xx_hal_uart.o
                0x0000000008005860                HAL_UART_Init
 *fill*         0x00000000080058fa        0x2 
 .text.UART_SetConfig
                0x00000000080058fc      0x6f8 Drivers/STM32F4xx_HAL_Driver/Src/stm32f4xx_hal_uart.o
 .text.__libc_init_array
                0x0000000008005ff4       0x48 c:/st/stm32cubeide_1.3.0/stm32cubeide/plugins/com.st.stm32cube.ide.mcu.externaltools.gnu-tools-for-stm32.7-2018-q2-update.win32_1.0.0.201904181610/tools/bin/../lib/gcc/arm-none-eabi/7.3.1/../../../../arm-none-eabi/lib/thumb/v7e-m/fpv4-sp/hard\libc_nano.a(lib_a-init.o)
                0x0000000008005ff4                __libc_init_array
 .text.memset   0x000000000800603c       0x10 c:/st/stm32cubeide_1.3.0/stm32cubeide/plugins/com.st.stm32cube.ide.mcu.externaltools.gnu-tools-for-stm32.7-2018-q2-update.win32_1.0.0.201904181610/tools/bin/../lib/gcc/arm-none-eabi/7.3.1/../../../../arm-none-eabi/lib/thumb/v7e-m/fpv4-sp/hard\libc_nano.a(lib_a-memset.o)
                0x000000000800603c                memset
 *(.glue_7)
 .glue_7        0x000000000800604c        0x0 linker stubs
 *(.glue_7t)
 .glue_7t       0x000000000800604c        0x0 linker stubs
 *(.eh_frame)
 .eh_frame      0x000000000800604c        0x0 c:/st/stm32cubeide_1.3.0/stm32cubeide/plugins/com.st.stm32cube.ide.mcu.externaltools.gnu-tools-for-stm32.7-2018-q2-update.win32_1.0.0.201904181610/tools/bin/../lib/gcc/arm-none-eabi/7.3.1/thumb/v7e-m/fpv4-sp/hard/crtbegin.o
 *(.init)
 .init          0x000000000800604c        0x4 c:/st/stm32cubeide_1.3.0/stm32cubeide/plugins/com.st.stm32cube.ide.mcu.externaltools.gnu-tools-for-stm32.7-2018-q2-update.win32_1.0.0.201904181610/tools/bin/../lib/gcc/arm-none-eabi/7.3.1/thumb/v7e-m/fpv4-sp/hard/crti.o
                0x000000000800604c                _init
 .init          0x0000000008006050        0x8 c:/st/stm32cubeide_1.3.0/stm32cubeide/plugins/com.st.stm32cube.ide.mcu.externaltools.gnu-tools-for-stm32.7-2018-q2-update.win32_1.0.0.201904181610/tools/bin/../lib/gcc/arm-none-eabi/7.3.1/thumb/v7e-m/fpv4-sp/hard/crtn.o
 *(.fini)
 .fini          0x0000000008006058        0x4 c:/st/stm32cubeide_1.3.0/stm32cubeide/plugins/com.st.stm32cube.ide.mcu.externaltools.gnu-tools-for-stm32.7-2018-q2-update.win32_1.0.0.201904181610/tools/bin/../lib/gcc/arm-none-eabi/7.3.1/thumb/v7e-m/fpv4-sp/hard/crti.o
                0x0000000008006058                _fini
 .fini          0x000000000800605c        0x8 c:/st/stm32cubeide_1.3.0/stm32cubeide/plugins/com.st.stm32cube.ide.mcu.externaltools.gnu-tools-for-stm32.7-2018-q2-update.win32_1.0.0.201904181610/tools/bin/../lib/gcc/arm-none-eabi/7.3.1/thumb/v7e-m/fpv4-sp/hard/crtn.o
                0x0000000008006064                . = ALIGN (0x4)
                0x0000000008006064                _etext = .

.vfp11_veneer   0x0000000008006064        0x0
 .vfp11_veneer  0x0000000008006064        0x0 linker stubs

.v4_bx          0x0000000008006064        0x0
 .v4_bx         0x0000000008006064        0x0 linker stubs

.iplt           0x0000000008006064        0x0
 .iplt          0x0000000008006064        0x0 c:/st/stm32cubeide_1.3.0/stm32cubeide/plugins/com.st.stm32cube.ide.mcu.externaltools.gnu-tools-for-stm32.7-2018-q2-update.win32_1.0.0.201904181610/tools/bin/../lib/gcc/arm-none-eabi/7.3.1/thumb/v7e-m/fpv4-sp/hard/crtbegin.o

.rodata         0x0000000008006064       0x18
                0x0000000008006064                . = ALIGN (0x4)
 *(.rodata)
 *(.rodata*)
 .rodata.AHBPrescTable
                0x0000000008006064       0x10 Core/Src/system_stm32f4xx.o
                0x0000000008006064                AHBPrescTable
 .rodata.APBPrescTable
                0x0000000008006074        0x8 Core/Src/system_stm32f4xx.o
                0x0000000008006074                APBPrescTable
                0x000000000800607c                . = ALIGN (0x4)

.ARM.extab      0x000000000800607c        0x0
                0x000000000800607c                . = ALIGN (0x4)
 *(.ARM.extab* .gnu.linkonce.armextab.*)
                0x000000000800607c                . = ALIGN (0x4)

.ARM            0x000000000800607c        0x8
                0x000000000800607c                . = ALIGN (0x4)
                0x000000000800607c                __exidx_start = .
 *(.ARM.exidx*)
 .ARM.exidx     0x000000000800607c        0x8 c:/st/stm32cubeide_1.3.0/stm32cubeide/plugins/com.st.stm32cube.ide.mcu.externaltools.gnu-tools-for-stm32.7-2018-q2-update.win32_1.0.0.201904181610/tools/bin/../lib/gcc/arm-none-eabi/7.3.1/thumb/v7e-m/fpv4-sp/hard\libgcc.a(_udivmoddi4.o)
                0x0000000008006084                __exidx_end = .
                0x0000000008006084                . = ALIGN (0x4)

.rel.dyn        0x0000000008006084        0x0
 .rel.iplt      0x0000000008006084        0x0 c:/st/stm32cubeide_1.3.0/stm32cubeide/plugins/com.st.stm32cube.ide.mcu.externaltools.gnu-tools-for-stm32.7-2018-q2-update.win32_1.0.0.201904181610/tools/bin/../lib/gcc/arm-none-eabi/7.3.1/thumb/v7e-m/fpv4-sp/hard/crtbegin.o

.preinit_array  0x0000000008006084        0x0
                0x0000000008006084                . = ALIGN (0x4)
                0x0000000008006084                PROVIDE (__preinit_array_start = .)
 *(.preinit_array*)
                0x0000000008006084                PROVIDE (__preinit_array_end = .)
                0x0000000008006084                . = ALIGN (0x4)

.init_array     0x0000000008006084        0x4
                0x0000000008006084                . = ALIGN (0x4)
                0x0000000008006084                PROVIDE (__init_array_start = .)
 *(SORT_BY_NAME(.init_array.*))
 *(.init_array*)
 .init_array    0x0000000008006084        0x4 c:/st/stm32cubeide_1.3.0/stm32cubeide/plugins/com.st.stm32cube.ide.mcu.externaltools.gnu-tools-for-stm32.7-2018-q2-update.win32_1.0.0.201904181610/tools/bin/../lib/gcc/arm-none-eabi/7.3.1/thumb/v7e-m/fpv4-sp/hard/crtbegin.o
                0x0000000008006088                PROVIDE (__init_array_end = .)
                0x0000000008006088                . = ALIGN (0x4)

.fini_array     0x0000000008006088        0x4
                0x0000000008006088                . = ALIGN (0x4)
                [!provide]                        PROVIDE (__fini_array_start = .)
 *(SORT_BY_NAME(.fini_array.*))
 *(.fini_array*)
 .fini_array    0x0000000008006088        0x4 c:/st/stm32cubeide_1.3.0/stm32cubeide/plugins/com.st.stm32cube.ide.mcu.externaltools.gnu-tools-for-stm32.7-2018-q2-update.win32_1.0.0.201904181610/tools/bin/../lib/gcc/arm-none-eabi/7.3.1/thumb/v7e-m/fpv4-sp/hard/crtbegin.o
                [!provide]                        PROVIDE (__fini_array_end = .)
                0x000000000800608c                . = ALIGN (0x4)
                0x000000000800608c                _sidata = LOADADDR (.data)

.data           0x0000000020000000        0xc load address 0x000000000800608c
                0x0000000020000000                . = ALIGN (0x4)
                0x0000000020000000                _sdata = .
 *(.data)
 *(.data*)
 .data.SystemCoreClock
                0x0000000020000000        0x4 Core/Src/system_stm32f4xx.o
                0x0000000020000000                SystemCoreClock
 .data.uwTickPrio
                0x0000000020000004        0x4 Drivers/STM32F4xx_HAL_Driver/Src/stm32f4xx_hal.o
                0x0000000020000004                uwTickPrio
 .data.uwTickFreq
                0x0000000020000008        0x1 Drivers/STM32F4xx_HAL_Driver/Src/stm32f4xx_hal.o
                0x0000000020000008                uwTickFreq
                0x000000002000000c                . = ALIGN (0x4)
 *fill*         0x0000000020000009        0x3 
                0x000000002000000c                _edata = .

.igot.plt       0x000000002000000c        0x0 load address 0x0000000008006098
 .igot.plt      0x000000002000000c        0x0 c:/st/stm32cubeide_1.3.0/stm32cubeide/plugins/com.st.stm32cube.ide.mcu.externaltools.gnu-tools-for-stm32.7-2018-q2-update.win32_1.0.0.201904181610/tools/bin/../lib/gcc/arm-none-eabi/7.3.1/thumb/v7e-m/fpv4-sp/hard/crtbegin.o
                0x000000002000000c                . = ALIGN (0x4)

.bss            0x000000002000000c      0x1ec load address 0x0000000008006098
                0x000000002000000c                _sbss = .
                0x000000002000000c                __bss_start__ = _sbss
 *(.bss)
 .bss           0x000000002000000c       0x1c c:/st/stm32cubeide_1.3.0/stm32cubeide/plugins/com.st.stm32cube.ide.mcu.externaltools.gnu-tools-for-stm32.7-2018-q2-update.win32_1.0.0.201904181610/tools/bin/../lib/gcc/arm-none-eabi/7.3.1/thumb/v7e-m/fpv4-sp/hard/crtbegin.o
 *(.bss*)
 .bss.oldLeftEncoder
                0x0000000020000028        0x2 Core/Src/encoders.o
 .bss.oldRightEncoder
                0x000000002000002a        0x2 Core/Src/encoders.o
 .bss.leftEncoder
                0x000000002000002c        0x2 Core/Src/encoders.o
 .bss.rightEncoder
                0x000000002000002e        0x2 Core/Src/encoders.o
 *(COMMON)
 COMMON         0x0000000020000030       0x44 Core/Src/VL53L0x.o
                0x0000000020000030                dist_F
                0x0000000020000034                dist_R
                0x0000000020000038                ToF_FR
                0x0000000020000040                dist_FL
                0x0000000020000044                ToF_FL
                0x000000002000004c                ToF
                0x0000000020000054                ToF_F
                0x000000002000005c                ToF_R
                0x0000000020000064                dist_FR
                0x0000000020000068                dist_L
                0x000000002000006c                ToF_L
 COMMON         0x0000000020000074       0x1e Core/Src/encoders.o
                0x0000000020000074                rotCount
                0x0000000020000078                fwdTotal
                0x000000002000007c                fwdCount
                0x0000000020000080                rotTotal
                0x0000000020000084                leftCount
                0x0000000020000088                rightTotal
                0x000000002000008c                leftTotal
                0x0000000020000090                rightCount
 *fill*         0x0000000020000092        0x2 
 COMMON         0x0000000020000094       0x54 Core/Src/i2c.o
                0x0000000020000094                hi2c1
 COMMON         0x00000000200000e8        0xc Core/Src/mpu6050.o
                0x00000000200000e8                Acc_Scale
                0x00000000200000ec                Gyr_Scale
                0x00000000200000f0                i2c
 COMMON         0x00000000200000f4       0xc0 Core/Src/tim.o
                0x00000000200000f4                htim4
                0x0000000020000134                htim3
                0x0000000020000174                htim2
 COMMON         0x00000000200001b4       0x40 Core/Src/usart.o
                0x00000000200001b4                huart2
 COMMON         0x00000000200001f4        0x4 Drivers/STM32F4xx_HAL_Driver/Src/stm32f4xx_hal.o
                0x00000000200001f4                uwTick
                0x00000000200001f8                . = ALIGN (0x4)
                0x00000000200001f8                _ebss = .
                0x00000000200001f8                __bss_end__ = _ebss

._user_heap_stack
                0x00000000200001f8      0x600 load address 0x0000000008006098
                0x00000000200001f8                . = ALIGN (0x8)
                0x00000000200001f8                PROVIDE (end = .)
                [!provide]                        PROVIDE (_end = .)
                0x00000000200003f8                . = (. + _Min_Heap_Size)
 *fill*         0x00000000200001f8      0x200 
                0x00000000200007f8                . = (. + _Min_Stack_Size)
 *fill*         0x00000000200003f8      0x400 
                0x00000000200007f8                . = ALIGN (0x8)

/DISCARD/
 libc.a(*)
 libm.a(*)
 libgcc.a(*)

.ARM.attributes
                0x0000000000000000       0x30
 *(.ARM.attributes)
 .ARM.attributes
                0x0000000000000000       0x22 c:/st/stm32cubeide_1.3.0/stm32cubeide/plugins/com.st.stm32cube.ide.mcu.externaltools.gnu-tools-for-stm32.7-2018-q2-update.win32_1.0.0.201904181610/tools/bin/../lib/gcc/arm-none-eabi/7.3.1/thumb/v7e-m/fpv4-sp/hard/crti.o
 .ARM.attributes
                0x0000000000000022       0x34 c:/st/stm32cubeide_1.3.0/stm32cubeide/plugins/com.st.stm32cube.ide.mcu.externaltools.gnu-tools-for-stm32.7-2018-q2-update.win32_1.0.0.201904181610/tools/bin/../lib/gcc/arm-none-eabi/7.3.1/thumb/v7e-m/fpv4-sp/hard/crtbegin.o
 .ARM.attributes
                0x0000000000000056       0x39 Core/Src/VL53L0x.o
 .ARM.attributes
                0x000000000000008f       0x39 Core/Src/encoders.o
 .ARM.attributes
                0x00000000000000c8       0x39 Core/Src/gpio.o
 .ARM.attributes
                0x0000000000000101       0x39 Core/Src/i2c.o
 .ARM.attributes
                0x000000000000013a       0x39 Core/Src/main.o
 .ARM.attributes
                0x0000000000000173       0x39 Core/Src/move.o
 .ARM.attributes
                0x00000000000001ac       0x39 Core/Src/mpu6050.o
 .ARM.attributes
                0x00000000000001e5       0x39 Core/Src/stm32f4xx_hal_msp.o
 .ARM.attributes
                0x000000000000021e       0x39 Core/Src/stm32f4xx_it.o
 .ARM.attributes
                0x0000000000000257       0x39 Core/Src/system_stm32f4xx.o
 .ARM.attributes
                0x0000000000000290       0x39 Core/Src/tim.o
 .ARM.attributes
                0x00000000000002c9       0x39 Core/Src/usart.o
 .ARM.attributes
                0x0000000000000302       0x21 Core/Startup/startup_stm32f411retx.o
 .ARM.attributes
                0x0000000000000323       0x39 Drivers/STM32F4xx_HAL_Driver/Src/stm32f4xx_hal.o
 .ARM.attributes
                0x000000000000035c       0x39 Drivers/STM32F4xx_HAL_Driver/Src/stm32f4xx_hal_cortex.o
 .ARM.attributes
                0x0000000000000395       0x39 Drivers/STM32F4xx_HAL_Driver/Src/stm32f4xx_hal_gpio.o
 .ARM.attributes
                0x00000000000003ce       0x39 Drivers/STM32F4xx_HAL_Driver/Src/stm32f4xx_hal_i2c.o
 .ARM.attributes
                0x0000000000000407       0x39 Drivers/STM32F4xx_HAL_Driver/Src/stm32f4xx_hal_rcc.o
 .ARM.attributes
                0x0000000000000440       0x39 Drivers/STM32F4xx_HAL_Driver/Src/stm32f4xx_hal_tim.o
 .ARM.attributes
                0x0000000000000479       0x39 Drivers/STM32F4xx_HAL_Driver/Src/stm32f4xx_hal_tim_ex.o
 .ARM.attributes
                0x00000000000004b2       0x39 Drivers/STM32F4xx_HAL_Driver/Src/stm32f4xx_hal_uart.o
 .ARM.attributes
                0x00000000000004eb       0x34 c:/st/stm32cubeide_1.3.0/stm32cubeide/plugins/com.st.stm32cube.ide.mcu.externaltools.gnu-tools-for-stm32.7-2018-q2-update.win32_1.0.0.201904181610/tools/bin/../lib/gcc/arm-none-eabi/7.3.1/../../../../arm-none-eabi/lib/thumb/v7e-m/fpv4-sp/hard\libc_nano.a(lib_a-init.o)
 .ARM.attributes
                0x000000000000051f       0x34 c:/st/stm32cubeide_1.3.0/stm32cubeide/plugins/com.st.stm32cube.ide.mcu.externaltools.gnu-tools-for-stm32.7-2018-q2-update.win32_1.0.0.201904181610/tools/bin/../lib/gcc/arm-none-eabi/7.3.1/../../../../arm-none-eabi/lib/thumb/v7e-m/fpv4-sp/hard\libc_nano.a(lib_a-memset.o)
 .ARM.attributes
                0x0000000000000553       0x22 c:/st/stm32cubeide_1.3.0/stm32cubeide/plugins/com.st.stm32cube.ide.mcu.externaltools.gnu-tools-for-stm32.7-2018-q2-update.win32_1.0.0.201904181610/tools/bin/../lib/gcc/arm-none-eabi/7.3.1/thumb/v7e-m/fpv4-sp/hard\libgcc.a(_arm_addsubdf3.o)
 .ARM.attributes
                0x0000000000000575       0x22 c:/st/stm32cubeide_1.3.0/stm32cubeide/plugins/com.st.stm32cube.ide.mcu.externaltools.gnu-tools-for-stm32.7-2018-q2-update.win32_1.0.0.201904181610/tools/bin/../lib/gcc/arm-none-eabi/7.3.1/thumb/v7e-m/fpv4-sp/hard\libgcc.a(_arm_cmpdf2.o)
 .ARM.attributes
                0x0000000000000597       0x22 c:/st/stm32cubeide_1.3.0/stm32cubeide/plugins/com.st.stm32cube.ide.mcu.externaltools.gnu-tools-for-stm32.7-2018-q2-update.win32_1.0.0.201904181610/tools/bin/../lib/gcc/arm-none-eabi/7.3.1/thumb/v7e-m/fpv4-sp/hard\libgcc.a(_arm_truncdfsf2.o)
 .ARM.attributes
                0x00000000000005b9       0x22 c:/st/stm32cubeide_1.3.0/stm32cubeide/plugins/com.st.stm32cube.ide.mcu.externaltools.gnu-tools-for-stm32.7-2018-q2-update.win32_1.0.0.201904181610/tools/bin/../lib/gcc/arm-none-eabi/7.3.1/thumb/v7e-m/fpv4-sp/hard\libgcc.a(_aeabi_uldivmod.o)
 .ARM.attributes
                0x00000000000005db       0x34 c:/st/stm32cubeide_1.3.0/stm32cubeide/plugins/com.st.stm32cube.ide.mcu.externaltools.gnu-tools-for-stm32.7-2018-q2-update.win32_1.0.0.201904181610/tools/bin/../lib/gcc/arm-none-eabi/7.3.1/thumb/v7e-m/fpv4-sp/hard\libgcc.a(_udivmoddi4.o)
 .ARM.attributes
                0x000000000000060f       0x22 c:/st/stm32cubeide_1.3.0/stm32cubeide/plugins/com.st.stm32cube.ide.mcu.externaltools.gnu-tools-for-stm32.7-2018-q2-update.win32_1.0.0.201904181610/tools/bin/../lib/gcc/arm-none-eabi/7.3.1/thumb/v7e-m/fpv4-sp/hard\libgcc.a(_dvmd_tls.o)
 .ARM.attributes
                0x0000000000000631       0x22 c:/st/stm32cubeide_1.3.0/stm32cubeide/plugins/com.st.stm32cube.ide.mcu.externaltools.gnu-tools-for-stm32.7-2018-q2-update.win32_1.0.0.201904181610/tools/bin/../lib/gcc/arm-none-eabi/7.3.1/thumb/v7e-m/fpv4-sp/hard/crtn.o
OUTPUT(HAL_micromouse.elf elf32-littlearm)

.debug_info     0x0000000000000000    0x11156
 .debug_info    0x0000000000000000     0x125f Core/Src/VL53L0x.o
 .debug_info    0x000000000000125f      0x7a2 Core/Src/encoders.o
 .debug_info    0x0000000000001a01      0x4f2 Core/Src/gpio.o
 .debug_info    0x0000000000001ef3      0xa0c Core/Src/i2c.o
 .debug_info    0x00000000000028ff     0x11e7 Core/Src/main.o
 .debug_info    0x0000000000003ae6      0x929 Core/Src/move.o
 .debug_info    0x000000000000440f     0x184a Core/Src/mpu6050.o
 .debug_info    0x0000000000005c59      0x38c Core/Src/stm32f4xx_hal_msp.o
 .debug_info    0x0000000000005fe5      0x20a Core/Src/stm32f4xx_it.o
 .debug_info    0x00000000000061ef      0x57e Core/Src/system_stm32f4xx.o
 .debug_info    0x000000000000676d      0xcff Core/Src/tim.o
 .debug_info    0x000000000000746c      0x96c Core/Src/usart.o
 .debug_info    0x0000000000007dd8       0x22 Core/Startup/startup_stm32f411retx.o
 .debug_info    0x0000000000007dfa      0x8d5 Drivers/STM32F4xx_HAL_Driver/Src/stm32f4xx_hal.o
 .debug_info    0x00000000000086cf      0xd98 Drivers/STM32F4xx_HAL_Driver/Src/stm32f4xx_hal_cortex.o
 .debug_info    0x0000000000009467      0x7d7 Drivers/STM32F4xx_HAL_Driver/Src/stm32f4xx_hal_gpio.o
 .debug_info    0x0000000000009c3e     0x23ba Drivers/STM32F4xx_HAL_Driver/Src/stm32f4xx_hal_i2c.o
 .debug_info    0x000000000000bff8      0x92a Drivers/STM32F4xx_HAL_Driver/Src/stm32f4xx_hal_rcc.o
 .debug_info    0x000000000000c922     0x24a1 Drivers/STM32F4xx_HAL_Driver/Src/stm32f4xx_hal_tim.o
 .debug_info    0x000000000000edc3     0x114f Drivers/STM32F4xx_HAL_Driver/Src/stm32f4xx_hal_tim_ex.o
 .debug_info    0x000000000000ff12     0x1244 Drivers/STM32F4xx_HAL_Driver/Src/stm32f4xx_hal_uart.o

.debug_abbrev   0x0000000000000000     0x261f
 .debug_abbrev  0x0000000000000000      0x294 Core/Src/VL53L0x.o
 .debug_abbrev  0x0000000000000294      0x1a9 Core/Src/encoders.o
 .debug_abbrev  0x000000000000043d      0x134 Core/Src/gpio.o
 .debug_abbrev  0x0000000000000571      0x199 Core/Src/i2c.o
 .debug_abbrev  0x000000000000070a      0x1db Core/Src/main.o
 .debug_abbrev  0x00000000000008e5      0x1b0 Core/Src/move.o
 .debug_abbrev  0x0000000000000a95      0x2de Core/Src/mpu6050.o
 .debug_abbrev  0x0000000000000d73      0x109 Core/Src/stm32f4xx_hal_msp.o
 .debug_abbrev  0x0000000000000e7c       0xc6 Core/Src/stm32f4xx_it.o
 .debug_abbrev  0x0000000000000f42      0x12b Core/Src/system_stm32f4xx.o
 .debug_abbrev  0x000000000000106d      0x1ed Core/Src/tim.o
 .debug_abbrev  0x000000000000125a      0x199 Core/Src/usart.o
 .debug_abbrev  0x00000000000013f3       0x12 Core/Startup/startup_stm32f411retx.o
 .debug_abbrev  0x0000000000001405      0x1f2 Drivers/STM32F4xx_HAL_Driver/Src/stm32f4xx_hal.o
 .debug_abbrev  0x00000000000015f7      0x2fa Drivers/STM32F4xx_HAL_Driver/Src/stm32f4xx_hal_cortex.o
 .debug_abbrev  0x00000000000018f1      0x1c9 Drivers/STM32F4xx_HAL_Driver/Src/stm32f4xx_hal_gpio.o
 .debug_abbrev  0x0000000000001aba      0x263 Drivers/STM32F4xx_HAL_Driver/Src/stm32f4xx_hal_i2c.o
 .debug_abbrev  0x0000000000001d1d      0x245 Drivers/STM32F4xx_HAL_Driver/Src/stm32f4xx_hal_rcc.o
 .debug_abbrev  0x0000000000001f62      0x23f Drivers/STM32F4xx_HAL_Driver/Src/stm32f4xx_hal_tim.o
 .debug_abbrev  0x00000000000021a1      0x22d Drivers/STM32F4xx_HAL_Driver/Src/stm32f4xx_hal_tim_ex.o
 .debug_abbrev  0x00000000000023ce      0x251 Drivers/STM32F4xx_HAL_Driver/Src/stm32f4xx_hal_uart.o

.debug_aranges  0x0000000000000000     0x10f8
 .debug_aranges
                0x0000000000000000       0xe0 Core/Src/VL53L0x.o
 .debug_aranges
                0x00000000000000e0       0x28 Core/Src/encoders.o
 .debug_aranges
                0x0000000000000108       0x20 Core/Src/gpio.o
 .debug_aranges
                0x0000000000000128       0x30 Core/Src/i2c.o
 .debug_aranges
                0x0000000000000158       0x30 Core/Src/main.o
 .debug_aranges
                0x0000000000000188       0x50 Core/Src/move.o
 .debug_aranges
                0x00000000000001d8      0x180 Core/Src/mpu6050.o
 .debug_aranges
                0x0000000000000358       0x20 Core/Src/stm32f4xx_hal_msp.o
 .debug_aranges
                0x0000000000000378       0x60 Core/Src/stm32f4xx_it.o
 .debug_aranges
                0x00000000000003d8       0x28 Core/Src/system_stm32f4xx.o
 .debug_aranges
                0x0000000000000400       0x58 Core/Src/tim.o
 .debug_aranges
                0x0000000000000458       0x30 Core/Src/usart.o
 .debug_aranges
                0x0000000000000488       0x28 Core/Startup/startup_stm32f411retx.o
 .debug_aranges
                0x00000000000004b0       0xf0 Drivers/STM32F4xx_HAL_Driver/Src/stm32f4xx_hal.o
 .debug_aranges
                0x00000000000005a0      0x118 Drivers/STM32F4xx_HAL_Driver/Src/stm32f4xx_hal_cortex.o
 .debug_aranges
                0x00000000000006b8       0x58 Drivers/STM32F4xx_HAL_Driver/Src/stm32f4xx_hal_gpio.o
 .debug_aranges
                0x0000000000000710      0x298 Drivers/STM32F4xx_HAL_Driver/Src/stm32f4xx_hal_i2c.o
 .debug_aranges
                0x00000000000009a8       0x88 Drivers/STM32F4xx_HAL_Driver/Src/stm32f4xx_hal_rcc.o
 .debug_aranges
                0x0000000000000a30      0x3a8 Drivers/STM32F4xx_HAL_Driver/Src/stm32f4xx_hal_tim.o
 .debug_aranges
                0x0000000000000dd8      0x150 Drivers/STM32F4xx_HAL_Driver/Src/stm32f4xx_hal_tim_ex.o
 .debug_aranges
                0x0000000000000f28      0x1d0 Drivers/STM32F4xx_HAL_Driver/Src/stm32f4xx_hal_uart.o

.debug_ranges   0x0000000000000000      0xfd0
 .debug_ranges  0x0000000000000000       0xd0 Core/Src/VL53L0x.o
 .debug_ranges  0x00000000000000d0       0x18 Core/Src/encoders.o
 .debug_ranges  0x00000000000000e8       0x10 Core/Src/gpio.o
 .debug_ranges  0x00000000000000f8       0x20 Core/Src/i2c.o
 .debug_ranges  0x0000000000000118       0x20 Core/Src/main.o
 .debug_ranges  0x0000000000000138       0x40 Core/Src/move.o
 .debug_ranges  0x0000000000000178      0x170 Core/Src/mpu6050.o
 .debug_ranges  0x00000000000002e8       0x10 Core/Src/stm32f4xx_hal_msp.o
 .debug_ranges  0x00000000000002f8       0x50 Core/Src/stm32f4xx_it.o
 .debug_ranges  0x0000000000000348       0x18 Core/Src/system_stm32f4xx.o
 .debug_ranges  0x0000000000000360       0x48 Core/Src/tim.o
 .debug_ranges  0x00000000000003a8       0x20 Core/Src/usart.o
 .debug_ranges  0x00000000000003c8       0x20 Core/Startup/startup_stm32f411retx.o
 .debug_ranges  0x00000000000003e8       0xe0 Drivers/STM32F4xx_HAL_Driver/Src/stm32f4xx_hal.o
 .debug_ranges  0x00000000000004c8      0x108 Drivers/STM32F4xx_HAL_Driver/Src/stm32f4xx_hal_cortex.o
 .debug_ranges  0x00000000000005d0       0x48 Drivers/STM32F4xx_HAL_Driver/Src/stm32f4xx_hal_gpio.o
 .debug_ranges  0x0000000000000618      0x2a8 Drivers/STM32F4xx_HAL_Driver/Src/stm32f4xx_hal_i2c.o
 .debug_ranges  0x00000000000008c0       0x78 Drivers/STM32F4xx_HAL_Driver/Src/stm32f4xx_hal_rcc.o
 .debug_ranges  0x0000000000000938      0x398 Drivers/STM32F4xx_HAL_Driver/Src/stm32f4xx_hal_tim.o
 .debug_ranges  0x0000000000000cd0      0x140 Drivers/STM32F4xx_HAL_Driver/Src/stm32f4xx_hal_tim_ex.o
 .debug_ranges  0x0000000000000e10      0x1c0 Drivers/STM32F4xx_HAL_Driver/Src/stm32f4xx_hal_uart.o

.debug_macro    0x0000000000000000    0x17c31
 .debug_macro   0x0000000000000000      0x209 Core/Src/VL53L0x.o
 .debug_macro   0x0000000000000209      0xa5a Core/Src/VL53L0x.o
 .debug_macro   0x0000000000000c63       0x2e Core/Src/VL53L0x.o
 .debug_macro   0x0000000000000c91       0x28 Core/Src/VL53L0x.o
 .debug_macro   0x0000000000000cb9       0x22 Core/Src/VL53L0x.o
 .debug_macro   0x0000000000000cdb       0x8e Core/Src/VL53L0x.o
 .debug_macro   0x0000000000000d69       0x51 Core/Src/VL53L0x.o
 .debug_macro   0x0000000000000dba       0xef Core/Src/VL53L0x.o
 .debug_macro   0x0000000000000ea9       0x6a Core/Src/VL53L0x.o
 .debug_macro   0x0000000000000f13      0x1df Core/Src/VL53L0x.o
 .debug_macro   0x00000000000010f2       0x1c Core/Src/VL53L0x.o
 .debug_macro   0x000000000000110e       0x22 Core/Src/VL53L0x.o
 .debug_macro   0x0000000000001130       0xdf Core/Src/VL53L0x.o
 .debug_macro   0x000000000000120f     0x102d Core/Src/VL53L0x.o
 .debug_macro   0x000000000000223c      0x11f Core/Src/VL53L0x.o
 .debug_macro   0x000000000000235b     0xb937 Core/Src/VL53L0x.o
 .debug_macro   0x000000000000dc92       0x43 Core/Src/VL53L0x.o
 .debug_macro   0x000000000000dcd5      0x190 Core/Src/VL53L0x.o
 .debug_macro   0x000000000000de65     0x3659 Core/Src/VL53L0x.o
 .debug_macro   0x00000000000114be      0x174 Core/Src/VL53L0x.o
 .debug_macro   0x0000000000011632       0x5a Core/Src/VL53L0x.o
 .debug_macro   0x000000000001168c      0x447 Core/Src/VL53L0x.o
 .debug_macro   0x0000000000011ad3      0x9fe Core/Src/VL53L0x.o
 .debug_macro   0x00000000000124d1      0x15f Core/Src/VL53L0x.o
 .debug_macro   0x0000000000012630      0x117 Core/Src/VL53L0x.o
 .debug_macro   0x0000000000012747      0x11b Core/Src/VL53L0x.o
 .debug_macro   0x0000000000012862       0x27 Core/Src/VL53L0x.o
 .debug_macro   0x0000000000012889      0x287 Core/Src/VL53L0x.o
 .debug_macro   0x0000000000012b10       0x5f Core/Src/VL53L0x.o
 .debug_macro   0x0000000000012b6f      0x236 Core/Src/VL53L0x.o
 .debug_macro   0x0000000000012da5      0x132 Core/Src/VL53L0x.o
 .debug_macro   0x0000000000012ed7      0x264 Core/Src/VL53L0x.o
 .debug_macro   0x000000000001313b       0x2e Core/Src/VL53L0x.o
 .debug_macro   0x0000000000013169      0x1b5 Core/Src/VL53L0x.o
 .debug_macro   0x000000000001331e       0x22 Core/Src/VL53L0x.o
 .debug_macro   0x0000000000013340       0xd6 Core/Src/VL53L0x.o
 .debug_macro   0x0000000000013416      0x11a Core/Src/VL53L0x.o
 .debug_macro   0x0000000000013530       0x85 Core/Src/VL53L0x.o
 .debug_macro   0x00000000000135b5       0x89 Core/Src/VL53L0x.o
 .debug_macro   0x000000000001363e      0x8a0 Core/Src/VL53L0x.o
 .debug_macro   0x0000000000013ede       0x47 Core/Src/VL53L0x.o
 .debug_macro   0x0000000000013f25      0x287 Core/Src/VL53L0x.o
 .debug_macro   0x00000000000141ac      0x126 Core/Src/VL53L0x.o
 .debug_macro   0x00000000000142d2       0x16 Core/Src/VL53L0x.o
 .debug_macro   0x00000000000142e8      0x112 Core/Src/VL53L0x.o
 .debug_macro   0x00000000000143fa      0x1f1 Core/Src/encoders.o
 .debug_macro   0x00000000000145eb      0x200 Core/Src/gpio.o
 .debug_macro   0x00000000000147eb      0x10c Core/Src/gpio.o
 .debug_macro   0x00000000000148f7      0x200 Core/Src/i2c.o
 .debug_macro   0x0000000000014af7      0x251 Core/Src/main.o
 .debug_macro   0x0000000000014d48       0x1c Core/Src/main.o
 .debug_macro   0x0000000000014d64      0x79f Core/Src/main.o
 .debug_macro   0x0000000000015503       0x16 Core/Src/main.o
 .debug_macro   0x0000000000015519      0x217 Core/Src/move.o
 .debug_macro   0x0000000000015730      0x29a Core/Src/mpu6050.o
 .debug_macro   0x00000000000159ca       0x46 Core/Src/mpu6050.o
 .debug_macro   0x0000000000015a10       0x18 Core/Src/mpu6050.o
 .debug_macro   0x0000000000015a28       0x3c Core/Src/mpu6050.o
 .debug_macro   0x0000000000015a64       0x34 Core/Src/mpu6050.o
 .debug_macro   0x0000000000015a98       0x52 Core/Src/mpu6050.o
 .debug_macro   0x0000000000015aea       0x1f Core/Src/mpu6050.o
 .debug_macro   0x0000000000015b09       0x43 Core/Src/mpu6050.o
 .debug_macro   0x0000000000015b4c       0x20 Core/Src/mpu6050.o
 .debug_macro   0x0000000000015b6c      0x1a3 Core/Src/mpu6050.o
 .debug_macro   0x0000000000015d0f      0x32a Core/Src/mpu6050.o
 .debug_macro   0x0000000000016039      0x1e1 Core/Src/mpu6050.o
 .debug_macro   0x000000000001621a      0x1f6 Core/Src/stm32f4xx_hal_msp.o
 .debug_macro   0x0000000000016410      0x200 Core/Src/stm32f4xx_it.o
 .debug_macro   0x0000000000016610      0x1ed Core/Src/system_stm32f4xx.o
 .debug_macro   0x00000000000167fd      0x200 Core/Src/tim.o
 .debug_macro   0x00000000000169fd      0x200 Core/Src/usart.o
 .debug_macro   0x0000000000016bfd      0x247 Drivers/STM32F4xx_HAL_Driver/Src/stm32f4xx_hal.o
 .debug_macro   0x0000000000016e44      0x1e7 Drivers/STM32F4xx_HAL_Driver/Src/stm32f4xx_hal_cortex.o
 .debug_macro   0x000000000001702b      0x21d Drivers/STM32F4xx_HAL_Driver/Src/stm32f4xx_hal_gpio.o
 .debug_macro   0x0000000000017248      0x227 Drivers/STM32F4xx_HAL_Driver/Src/stm32f4xx_hal_i2c.o
 .debug_macro   0x000000000001746f      0x20b Drivers/STM32F4xx_HAL_Driver/Src/stm32f4xx_hal_rcc.o
 .debug_macro   0x000000000001767a      0x1e8 Drivers/STM32F4xx_HAL_Driver/Src/stm32f4xx_hal_tim.o
 .debug_macro   0x0000000000017862      0x1e7 Drivers/STM32F4xx_HAL_Driver/Src/stm32f4xx_hal_tim_ex.o
 .debug_macro   0x0000000000017a49      0x1e8 Drivers/STM32F4xx_HAL_Driver/Src/stm32f4xx_hal_uart.o

.debug_line     0x0000000000000000     0xd57e
 .debug_line    0x0000000000000000      0xa59 Core/Src/VL53L0x.o
 .debug_line    0x0000000000000a59      0x725 Core/Src/encoders.o
 .debug_line    0x000000000000117e      0x705 Core/Src/gpio.o
 .debug_line    0x0000000000001883      0x723 Core/Src/i2c.o
 .debug_line    0x0000000000001fa6      0x81d Core/Src/main.o
 .debug_line    0x00000000000027c3      0x7b5 Core/Src/move.o
 .debug_line    0x0000000000002f78      0xbfa Core/Src/mpu6050.o
 .debug_line    0x0000000000003b72      0x6f3 Core/Src/stm32f4xx_hal_msp.o
 .debug_line    0x0000000000004265      0x796 Core/Src/stm32f4xx_it.o
 .debug_line    0x00000000000049fb      0x70d Core/Src/system_stm32f4xx.o
 .debug_line    0x0000000000005108      0x7e4 Core/Src/tim.o
 .debug_line    0x00000000000058ec      0x726 Core/Src/usart.o
 .debug_line    0x0000000000006012       0x85 Core/Startup/startup_stm32f411retx.o
 .debug_line    0x0000000000006097      0x8f7 Drivers/STM32F4xx_HAL_Driver/Src/stm32f4xx_hal.o
 .debug_line    0x000000000000698e      0xa1b Drivers/STM32F4xx_HAL_Driver/Src/stm32f4xx_hal_cortex.o
 .debug_line    0x00000000000073a9      0x89a Drivers/STM32F4xx_HAL_Driver/Src/stm32f4xx_hal_gpio.o
 .debug_line    0x0000000000007c43     0x1b31 Drivers/STM32F4xx_HAL_Driver/Src/stm32f4xx_hal_i2c.o
 .debug_line    0x0000000000009774      0x94f Drivers/STM32F4xx_HAL_Driver/Src/stm32f4xx_hal_rcc.o
 .debug_line    0x000000000000a0c3     0x17b4 Drivers/STM32F4xx_HAL_Driver/Src/stm32f4xx_hal_tim.o
 .debug_line    0x000000000000b877      0xd02 Drivers/STM32F4xx_HAL_Driver/Src/stm32f4xx_hal_tim_ex.o
 .debug_line    0x000000000000c579     0x1005 Drivers/STM32F4xx_HAL_Driver/Src/stm32f4xx_hal_uart.o

.debug_str      0x0000000000000000    0x91a74
 .debug_str     0x0000000000000000    0x87dbc Core/Src/VL53L0x.o
                                      0x88130 (size before relaxing)
 .debug_str     0x0000000000087dbc      0x290 Core/Src/encoders.o
                                      0x86f88 (size before relaxing)
 .debug_str     0x000000000008804c      0x186 Core/Src/gpio.o
                                      0x8704b (size before relaxing)
 .debug_str     0x00000000000881d2       0x71 Core/Src/i2c.o
                                      0x87564 (size before relaxing)
 .debug_str     0x0000000000088243     0x2568 Core/Src/main.o
                                      0x89e7b (size before relaxing)
 .debug_str     0x000000000008a7ab       0x80 Core/Src/move.o
                                      0x874dd (size before relaxing)
 .debug_str     0x000000000008a82b     0x3c80 Core/Src/mpu6050.o
                                      0x8ceb6 (size before relaxing)
 .debug_str     0x000000000008e4ab       0x2c Core/Src/stm32f4xx_hal_msp.o
                                      0x86fb0 (size before relaxing)
 .debug_str     0x000000000008e4d7       0xbd Core/Src/stm32f4xx_it.o
                                      0x86f2c (size before relaxing)
 .debug_str     0x000000000008e594       0xc4 Core/Src/system_stm32f4xx.o
                                      0x86c2c (size before relaxing)
 .debug_str     0x000000000008e658      0x264 Core/Src/tim.o
                                      0x876d0 (size before relaxing)
 .debug_str     0x000000000008e8bc       0x57 Core/Src/usart.o
                                      0x8748b (size before relaxing)
 .debug_str     0x000000000008e913       0x36 Core/Startup/startup_stm32f411retx.o
                                         0x75 (size before relaxing)
 .debug_str     0x000000000008e949      0x914 Drivers/STM32F4xx_HAL_Driver/Src/stm32f4xx_hal.o
                                      0x875a1 (size before relaxing)
 .debug_str     0x000000000008f25d      0x399 Drivers/STM32F4xx_HAL_Driver/Src/stm32f4xx_hal_cortex.o
                                      0x8737e (size before relaxing)
 .debug_str     0x000000000008f5f6      0x207 Drivers/STM32F4xx_HAL_Driver/Src/stm32f4xx_hal_gpio.o
                                      0x86e6b (size before relaxing)
 .debug_str     0x000000000008f7fd      0xa86 Drivers/STM32F4xx_HAL_Driver/Src/stm32f4xx_hal_i2c.o
                                      0x87b68 (size before relaxing)
 .debug_str     0x0000000000090283      0x24e Drivers/STM32F4xx_HAL_Driver/Src/stm32f4xx_hal_rcc.o
                                      0x87019 (size before relaxing)
 .debug_str     0x00000000000904d1      0xbf4 Drivers/STM32F4xx_HAL_Driver/Src/stm32f4xx_hal_tim.o
                                      0x87d26 (size before relaxing)
 .debug_str     0x00000000000910c5      0x4a2 Drivers/STM32F4xx_HAL_Driver/Src/stm32f4xx_hal_tim_ex.o
                                      0x87526 (size before relaxing)
 .debug_str     0x0000000000091567      0x50d Drivers/STM32F4xx_HAL_Driver/Src/stm32f4xx_hal_uart.o
                                      0x87466 (size before relaxing)

.comment        0x0000000000000000       0x7b
 .comment       0x0000000000000000       0x7b Core/Src/VL53L0x.o
                                         0x7c (size before relaxing)
 .comment       0x000000000000007b       0x7c Core/Src/encoders.o
 .comment       0x000000000000007b       0x7c Core/Src/gpio.o
 .comment       0x000000000000007b       0x7c Core/Src/i2c.o
 .comment       0x000000000000007b       0x7c Core/Src/main.o
 .comment       0x000000000000007b       0x7c Core/Src/move.o
 .comment       0x000000000000007b       0x7c Core/Src/mpu6050.o
 .comment       0x000000000000007b       0x7c Core/Src/stm32f4xx_hal_msp.o
 .comment       0x000000000000007b       0x7c Core/Src/stm32f4xx_it.o
 .comment       0x000000000000007b       0x7c Core/Src/system_stm32f4xx.o
 .comment       0x000000000000007b       0x7c Core/Src/tim.o
 .comment       0x000000000000007b       0x7c Core/Src/usart.o
 .comment       0x000000000000007b       0x7c Drivers/STM32F4xx_HAL_Driver/Src/stm32f4xx_hal.o
 .comment       0x000000000000007b       0x7c Drivers/STM32F4xx_HAL_Driver/Src/stm32f4xx_hal_cortex.o
 .comment       0x000000000000007b       0x7c Drivers/STM32F4xx_HAL_Driver/Src/stm32f4xx_hal_gpio.o
 .comment       0x000000000000007b       0x7c Drivers/STM32F4xx_HAL_Driver/Src/stm32f4xx_hal_i2c.o
 .comment       0x000000000000007b       0x7c Drivers/STM32F4xx_HAL_Driver/Src/stm32f4xx_hal_rcc.o
 .comment       0x000000000000007b       0x7c Drivers/STM32F4xx_HAL_Driver/Src/stm32f4xx_hal_tim.o
 .comment       0x000000000000007b       0x7c Drivers/STM32F4xx_HAL_Driver/Src/stm32f4xx_hal_tim_ex.o
 .comment       0x000000000000007b       0x7c Drivers/STM32F4xx_HAL_Driver/Src/stm32f4xx_hal_uart.o

.debug_frame    0x0000000000000000     0x4880
 .debug_frame   0x0000000000000000      0x3a0 Core/Src/VL53L0x.o
 .debug_frame   0x00000000000003a0       0x4c Core/Src/encoders.o
 .debug_frame   0x00000000000003ec       0x34 Core/Src/gpio.o
 .debug_frame   0x0000000000000420       0x74 Core/Src/i2c.o
 .debug_frame   0x0000000000000494       0x74 Core/Src/main.o
 .debug_frame   0x0000000000000508      0x104 Core/Src/move.o
 .debug_frame   0x000000000000060c      0x684 Core/Src/mpu6050.o
 .debug_frame   0x0000000000000c90       0x34 Core/Src/stm32f4xx_hal_msp.o
 .debug_frame   0x0000000000000cc4      0x10c Core/Src/stm32f4xx_it.o
 .debug_frame   0x0000000000000dd0       0x58 Core/Src/system_stm32f4xx.o
 .debug_frame   0x0000000000000e28      0x138 Core/Src/tim.o
 .debug_frame   0x0000000000000f60       0x74 Core/Src/usart.o
 .debug_frame   0x0000000000000fd4      0x374 Drivers/STM32F4xx_HAL_Driver/Src/stm32f4xx_hal.o
 .debug_frame   0x0000000000001348      0x498 Drivers/STM32F4xx_HAL_Driver/Src/stm32f4xx_hal_cortex.o
 .debug_frame   0x00000000000017e0      0x14c Drivers/STM32F4xx_HAL_Driver/Src/stm32f4xx_hal_gpio.o
 .debug_frame   0x000000000000192c      0xc38 Drivers/STM32F4xx_HAL_Driver/Src/stm32f4xx_hal_i2c.o
 .debug_frame   0x0000000000002564      0x1f0 Drivers/STM32F4xx_HAL_Driver/Src/stm32f4xx_hal_rcc.o
 .debug_frame   0x0000000000002754     0x10e8 Drivers/STM32F4xx_HAL_Driver/Src/stm32f4xx_hal_tim.o
 .debug_frame   0x000000000000383c      0x5c0 Drivers/STM32F4xx_HAL_Driver/Src/stm32f4xx_hal_tim_ex.o
 .debug_frame   0x0000000000003dfc      0x844 Drivers/STM32F4xx_HAL_Driver/Src/stm32f4xx_hal_uart.o
 .debug_frame   0x0000000000004640       0x2c c:/st/stm32cubeide_1.3.0/stm32cubeide/plugins/com.st.stm32cube.ide.mcu.externaltools.gnu-tools-for-stm32.7-2018-q2-update.win32_1.0.0.201904181610/tools/bin/../lib/gcc/arm-none-eabi/7.3.1/../../../../arm-none-eabi/lib/thumb/v7e-m/fpv4-sp/hard\libc_nano.a(lib_a-init.o)
 .debug_frame   0x000000000000466c       0x20 c:/st/stm32cubeide_1.3.0/stm32cubeide/plugins/com.st.stm32cube.ide.mcu.externaltools.gnu-tools-for-stm32.7-2018-q2-update.win32_1.0.0.201904181610/tools/bin/../lib/gcc/arm-none-eabi/7.3.1/../../../../arm-none-eabi/lib/thumb/v7e-m/fpv4-sp/hard\libc_nano.a(lib_a-memset.o)
 .debug_frame   0x000000000000468c       0xac c:/st/stm32cubeide_1.3.0/stm32cubeide/plugins/com.st.stm32cube.ide.mcu.externaltools.gnu-tools-for-stm32.7-2018-q2-update.win32_1.0.0.201904181610/tools/bin/../lib/gcc/arm-none-eabi/7.3.1/thumb/v7e-m/fpv4-sp/hard\libgcc.a(_arm_addsubdf3.o)
 .debug_frame   0x0000000000004738       0xc4 c:/st/stm32cubeide_1.3.0/stm32cubeide/plugins/com.st.stm32cube.ide.mcu.externaltools.gnu-tools-for-stm32.7-2018-q2-update.win32_1.0.0.201904181610/tools/bin/../lib/gcc/arm-none-eabi/7.3.1/thumb/v7e-m/fpv4-sp/hard\libgcc.a(_arm_cmpdf2.o)
 .debug_frame   0x00000000000047fc       0x24 c:/st/stm32cubeide_1.3.0/stm32cubeide/plugins/com.st.stm32cube.ide.mcu.externaltools.gnu-tools-for-stm32.7-2018-q2-update.win32_1.0.0.201904181610/tools/bin/../lib/gcc/arm-none-eabi/7.3.1/thumb/v7e-m/fpv4-sp/hard\libgcc.a(_arm_truncdfsf2.o)
 .debug_frame   0x0000000000004820       0x2c c:/st/stm32cubeide_1.3.0/stm32cubeide/plugins/com.st.stm32cube.ide.mcu.externaltools.gnu-tools-for-stm32.7-2018-q2-update.win32_1.0.0.201904181610/tools/bin/../lib/gcc/arm-none-eabi/7.3.1/thumb/v7e-m/fpv4-sp/hard\libgcc.a(_aeabi_uldivmod.o)
 .debug_frame   0x000000000000484c       0x34 c:/st/stm32cubeide_1.3.0/stm32cubeide/plugins/com.st.stm32cube.ide.mcu.externaltools.gnu-tools-for-stm32.7-2018-q2-update.win32_1.0.0.201904181610/tools/bin/../lib/gcc/arm-none-eabi/7.3.1/thumb/v7e-m/fpv4-sp/hard\libgcc.a(_udivmoddi4.o)
